Component: ARM Compiler 5.06 update 6 (build 750) Tool: armlink [4d35ed]

==============================================================================

Section Cross References

    main.o(.text) refers to delay.o(.text) for delay_init
    main.o(.text) refers to misc.o(.text) for NVIC_PriorityGroupConfig
    main.o(.text) refers to usart.o(.text) for uart_init
    main.o(.text) refers to led.o(.text) for LED_Init
    main.o(.text) refers to key.o(.text) for KEY_Init
    main.o(.text) refers to myiic.o(.text) for IIC_Init
    main.o(.text) refers to pca9685.o(.text) for pca_write
    system_stm32f10x.o(.text) refers to system_stm32f10x.o(.data) for SystemCoreClock
    led.o(.text) refers to stm32f10x_rcc.o(.text) for RCC_APB2PeriphClockCmd
    led.o(.text) refers to stm32f10x_gpio.o(.text) for GPIO_Init
    key.o(.text) refers to stm32f10x_rcc.o(.text) for RCC_APB2PeriphClockCmd
    key.o(.text) refers to stm32f10x_gpio.o(.text) for GPIO_Init
    key.o(.text) refers to delay.o(.text) for delay_ms
    key.o(.text) refers to key.o(.data) for key_up
    lcd.o(.text) refers to _printf_percent.o(.ARM.Collect$$_printf_percent$$00000000) for _printf_percent
    lcd.o(.text) refers to _printf_x.o(.ARM.Collect$$_printf_percent$$0000000C) for _printf_x
    lcd.o(.text) refers to _printf_hex_int.o(.text) for _printf_longlong_hex
    lcd.o(.text) refers to delay.o(.text) for delay_us
    lcd.o(.text) refers to lcd.o(.bss) for lcddev
    lcd.o(.text) refers to lcd.o(.data) for POINT_COLOR
    lcd.o(.text) refers to dflt_clz.o(x$fpl$dfltu) for __aeabi_ui2d
    lcd.o(.text) refers to dmul.o(x$fpl$dmul) for __aeabi_dmul
    lcd.o(.text) refers to dfixu.o(x$fpl$dfixu) for __aeabi_d2uiz
    lcd.o(.text) refers to stm32f10x_rcc.o(.text) for RCC_AHBPeriphClockCmd
    lcd.o(.text) refers to stm32f10x_gpio.o(.text) for GPIO_Init
    lcd.o(.text) refers to stm32f10x_fsmc.o(.text) for FSMC_NORSRAMInit
    lcd.o(.text) refers to noretval__2printf.o(.text) for __2printf
    lcd.o(.text) refers to lcd.o(.constdata) for asc2_1206
    myiic.o(.text) refers to stm32f10x_rcc.o(.text) for RCC_APB2PeriphClockCmd
    myiic.o(.text) refers to stm32f10x_gpio.o(.text) for GPIO_Init
    myiic.o(.text) refers to delay.o(.text) for delay_us
    24cxx.o(.text) refers to myiic.o(.text) for IIC_Init
    24cxx.o(.text) refers to delay.o(.text) for delay_ms
    pca9685.o(.text) refers to myiic.o(.text) for IIC_Start
    pca9685.o(.text) refers to f2d.o(x$fpl$f2d) for __aeabi_f2d
    pca9685.o(.text) refers to dmul.o(x$fpl$dmul) for __aeabi_dmul
    pca9685.o(.text) refers to d2f.o(x$fpl$d2f) for __aeabi_d2f
    pca9685.o(.text) refers to ddiv.o(x$fpl$ddiv) for __aeabi_ddiv
    pca9685.o(.text) refers to daddsub_clz.o(x$fpl$dsub) for __aeabi_dsub
    pca9685.o(.text) refers to daddsub_clz.o(x$fpl$dadd) for __aeabi_dadd
    pca9685.o(.text) refers to floor.o(i.floor) for floor
    pca9685.o(.text) refers to dfixu.o(x$fpl$dfixu) for __aeabi_d2uiz
    pca9685.o(.text) refers to delay.o(.text) for delay_ms
    pca9685.o(.text) refers to dflt_clz.o(x$fpl$dfltu) for __aeabi_ui2d
    pca9685.o(.text) refers to dflt_clz.o(x$fpl$dflt) for __aeabi_i2d
    delay.o(.text) refers to misc.o(.text) for SysTick_CLKSourceConfig
    delay.o(.text) refers to system_stm32f10x.o(.data) for SystemCoreClock
    delay.o(.text) refers to delay.o(.data) for fac_us
    usart.o(.text) refers (Special) to use_no_semi_2.o(.text) for __use_no_semihosting
    usart.o(.text) refers to stm32f10x_rcc.o(.text) for RCC_APB2PeriphClockCmd
    usart.o(.text) refers to stm32f10x_gpio.o(.text) for GPIO_Init
    usart.o(.text) refers to misc.o(.text) for NVIC_Init
    usart.o(.text) refers to stm32f10x_usart.o(.text) for USART_Init
    usart.o(.text) refers to usart.o(.data) for USART_RX_STA
    usart.o(.text) refers to usart.o(.bss) for USART_RX_BUF
    usart.o(.bss) refers (Special) to use_no_semi_2.o(.text) for __use_no_semihosting
    usart.o(.data) refers (Special) to use_no_semi_2.o(.text) for __use_no_semihosting
    startup_stm32f10x_hd.o(STACK) refers (Special) to heapauxi.o(.text) for __use_two_region_memory
    startup_stm32f10x_hd.o(HEAP) refers (Special) to heapauxi.o(.text) for __use_two_region_memory
    startup_stm32f10x_hd.o(RESET) refers (Special) to heapauxi.o(.text) for __use_two_region_memory
    startup_stm32f10x_hd.o(RESET) refers to startup_stm32f10x_hd.o(STACK) for __initial_sp
    startup_stm32f10x_hd.o(RESET) refers to startup_stm32f10x_hd.o(.text) for Reset_Handler
    startup_stm32f10x_hd.o(RESET) refers to stm32f10x_it.o(.text) for NMI_Handler
    startup_stm32f10x_hd.o(RESET) refers to usmart.o(.text) for TIM4_IRQHandler
    startup_stm32f10x_hd.o(RESET) refers to usart.o(.text) for USART1_IRQHandler
    startup_stm32f10x_hd.o(.text) refers (Special) to heapauxi.o(.text) for __use_two_region_memory
    startup_stm32f10x_hd.o(.text) refers to system_stm32f10x.o(.text) for SystemInit
    startup_stm32f10x_hd.o(.text) refers to __main.o(!!!main) for __main
[...]
    ../clib/printf.c                         0x00000000   Number         0  __printf_flags.o ABSOLUTE
    ../clib/printf.c                         0x00000000   Number         0  _printf_hex_int_ll_ptr.o ABSOLUTE
    ../clib/printf.c                         0x00000000   Number         0  _printf_hex_ll_ptr.o ABSOLUTE
    ../clib/printf.c                         0x00000000   Number         0  _printf_hex_int_ptr.o ABSOLUTE
    ../clib/printf.c                         0x00000000   Number         0  _printf_hex_ptr.o ABSOLUTE
    ../clib/printf.c                         0x00000000   Number         0  _printf_hex_int_ll.o ABSOLUTE
    ../clib/printf.c                         0x00000000   Number         0  _printf_hex_int.o ABSOLUTE
    ../clib/printf.c                         0x00000000   Number         0  _printf_hex_ll.o ABSOLUTE
    ../clib/printf.c                         0x00000000   Number         0  __printf_nopercent.o ABSOLUTE
    ../clib/printf.c                         0x00000000   Number         0  _printf_dec.o ABSOLUTE
    ../clib/printf.c                         0x00000000   Number         0  _printf_str.o ABSOLUTE
    ../clib/printf.c                         0x00000000   Number         0  __printf.o ABSOLUTE
    ../clib/printf.c                         0x00000000   Number         0  noretval__2printf.o ABSOLUTE
    ../clib/printf.c                         0x00000000   Number         0  _printf_pad.o ABSOLUTE
    ../clib/printf.c                         0x00000000   Number         0  __2printf.o ABSOLUTE
    ../clib/printf.c                         0x00000000   Number         0  __printf_ss.o ABSOLUTE
    ../clib/printf.c                         0x00000000   Number         0  __printf_flags_ss.o ABSOLUTE
    ../clib/printf.c                         0x00000000   Number         0  __printf_wp.o ABSOLUTE
    ../clib/printf.c                         0x00000000   Number         0  _printf_char_common.o ABSOLUTE
    ../clib/printf.c                         0x00000000   Number         0  __printf_ss_wp.o ABSOLUTE
    ../clib/printf.c                         0x00000000   Number         0  __printf_flags_ss_wp.o ABSOLUTE
    ../clib/printf.c                         0x00000000   Number         0  __printf_flags_wp.o ABSOLUTE
    ../clib/printf.c                         0x00000000   Number         0  _printf_char_file.o ABSOLUTE
    ../clib/printf.c                         0x00000000   Number         0  _printf_char.o ABSOLUTE
    ../clib/printf.c                         0x00000000   Number         0  _printf_intcommon.o ABSOLUTE
    ../clib/printf_percent.s                 0x00000000   Number         0  _printf_s.o ABSOLUTE
    ../clib/printf_percent.s                 0x00000000   Number         0  _printf_d.o ABSOLUTE
    ../clib/printf_percent.s                 0x00000000   Number         0  _printf_u.o ABSOLUTE
    ../clib/printf_percent.s                 0x00000000   Number         0  _printf_percent_end.o ABSOLUTE
    ../clib/printf_percent.s                 0x00000000   Number         0  _printf_c.o ABSOLUTE
    ../clib/printf_percent.s                 0x00000000   Number         0  _printf_percent.o ABSOLUTE
    ../clib/printf_percent.s                 0x00000000   Number         0  _printf_x.o ABSOLUTE
    ../clib/signal.c                         0x00000000   Number         0  defsig_stak_inner.o ABSOLUTE
    ../clib/signal.c                         0x00000000   Number         0  defsig_pvfn_inner.o ABSOLUTE
    ../clib/signal.c                         0x00000000   Number         0  defsig_cppl_inner.o ABSOLUTE
    ../clib/signal.c                         0x00000000   Number         0  defsig_segv_inner.o ABSOLUTE
    ../clib/signal.c                         0x00000000   Number         0  defsig_other.o ABSOLUTE
    ../clib/signal.c                         0x00000000   Number         0  defsig_rtmem_formal.o ABSOLUTE
    ../clib/signal.c                         0x00000000   Number         0  defsig_rtmem_inner.o ABSOLUTE
    ../clib/signal.c                         0x00000000   Number         0  defsig_rtmem_outer.o ABSOLUTE
    ../clib/signal.c                         0x00000000   Number         0  __raise.o ABSOLUTE
    ../clib/signal.c                         0x00000000   Number         0  defsig_general.o ABSOLUTE
    ../clib/signal.c                         0x00000000   Number         0  defsig_abrt_inner.o ABSOLUTE
    ../clib/signal.c                         0x00000000   Number         0  defsig_fpe_inner.o ABSOLUTE
    ../clib/signal.c                         0x00000000   Number         0  defsig_rtred_inner.o ABSOLUTE
    ../clib/signal.c                         0x00000000   Number         0  defsig_exit.o ABSOLUTE
    ../clib/signal.s                         0x00000000   Number         0  defsig.o ABSOLUTE
    ../clib/stdio.c                          0x00000000   Number         0  ferror_locked.o ABSOLUTE
    ../clib/stdio.c                          0x00000000   Number         0  ferror.o ABSOLUTE
    ../clib/stdlib.c                         0x00000000   Number         0  exit.o ABSOLUTE
    ../fplib/d2f.s                           0x00000000   Number         0  d2f.o ABSOLUTE
    ../fplib/daddsub.s                       0x00000000   Number         0  daddsub_clz.o ABSOLUTE
    ../fplib/dcmpi.s                         0x00000000   Number         0  dcmpi.o ABSOLUTE
    ../fplib/ddiv.s                          0x00000000   Number         0  ddiv.o ABSOLUTE
    ../fplib/dfixu.s                         0x00000000   Number         0  dfixu.o ABSOLUTE
    ../fplib/dflt.s                          0x00000000   Number         0  dflt_clz.o ABSOLUTE
    ../fplib/dleqf.s                         0x00000000   Number         0  dleqf.o ABSOLUTE
    ../fplib/dmul.s                          0x00000000   Number         0  dmul.o ABSOLUTE
    ../fplib/dnaninf.s                       0x00000000   Number         0  dnaninf.o ABSOLUTE
    ../fplib/dretinf.s                       0x00000000   Number         0  dretinf.o ABSOLUTE
    ../fplib/drleqf.s                        0x00000000   Number         0  drleqf.o ABSOLUTE
    ../fplib/f2d.s                           0x00000000   Number         0  f2d.o ABSOLUTE
    ../fplib/fnaninf.s                       0x00000000   Number         0  fnaninf.o ABSOLUTE
    ../fplib/fpinit.s                        0x00000000   Number         0  fpinit.o ABSOLUTE
    ../fplib/fretinf.s                       0x00000000   Number         0  fretinf.o ABSOLUTE
    ../fplib/usenofp.s                       0x00000000   Number         0  usenofp.o ABSOLUTE
    ../mathlib/floor.c                       0x00000000   Number         0  floor.o ABSOLUTE
    ..\CORE\core_cm3.c                       0x00000000   Number         0  core_cm3.o ABSOLUTE
    ..\CORE\startup_stm32f10x_hd.s           0x00000000   Number         0  startup_stm32f10x_hd.o ABSOLUTE
    ..\HARDWARE\24CXX\24cxx.c                0x00000000   Number         0  24cxx.o ABSOLUTE
    ..\HARDWARE\IIC\myiic.c                  0x00000000   Number         0  myiic.o ABSOLUTE
    ..\HARDWARE\KEY\key.c                    0x00000000   Number         0  key.o ABSOLUTE
    ..\HARDWARE\LCD\lcd.c                    0x00000000   Number         0  lcd.o ABSOLUTE
    ..\HARDWARE\LED\led.c                    0x00000000   Number         0  led.o ABSOLUTE
    ..\HARDWARE\pca\pca9685.c                0x00000000   Number         0  pca9685.o ABSOLUTE
    ..\STM32F10x_FWLib\src\misc.c            0x00000000   Number         0  misc.o ABSOLUTE
    ..\STM32F10x_FWLib\src\stm32f10x_fsmc.c  0x00000000   Number         0  stm32f10x_fsmc.o ABSOLUTE
    ..\STM32F10x_FWLib\src\stm32f10x_gpio.c  0x00000000   Number         0  stm32f10x_gpio.o ABSOLUTE
    ..\STM32F10x_FWLib\src\stm32f10x_rcc.c   0x00000000   Number         0  stm32f10x_rcc.o ABSOLUTE
    ..\STM32F10x_FWLib\src\stm32f10x_tim.c   0x00000000   Number         0  stm32f10x_tim.o ABSOLUTE
    ..\STM32F10x_FWLib\src\stm32f10x_usart.c 0x00000000   Number         0  stm32f10x_usart.o ABSOLUTE
    ..\SYSTEM\delay\delay.c                  0x00000000   Number         0  delay.o ABSOLUTE
    ..\SYSTEM\sys\sys.c                      0x00000000   Number         0  sys.o ABSOLUTE
    ..\SYSTEM\usart\usart.c                  0x00000000   Number         0  usart.o ABSOLUTE
    ..\USMART\usmart.c                       0x00000000   Number         0  usmart.o ABSOLUTE
    ..\USMART\usmart_config.c                0x00000000   Number         0  usmart_config.o ABSOLUTE
    ..\USMART\usmart_str.c                   0x00000000   Number         0  usmart_str.o ABSOLUTE
    ..\\CORE\\core_cm3.c                     0x00000000   Number         0  core_cm3.o ABSOLUTE
    ..\\SYSTEM\\sys\\sys.c                   0x00000000   Number         0  sys.o ABSOLUTE
    dc.s                                     0x00000000   Number         0  dc.o ABSOLUTE
    main.c                                   0x00000000   Number         0  main.o ABSOLUTE
    stm32f10x_it.c                           0x00000000   Number         0  stm32f10x_it.o ABSOLUTE
    system_stm32f10x.c                       0x00000000   Number         0  system_stm32f10x.o ABSOLUTE
    RESET                                    0x08000000   Section      304  startup_stm32f10x_hd.o(RESET)
    !!!main                                  0x08000130   Section        8  __main.o(!!!main)
    !!!scatter                               0x08000138   Section       52  __scatter.o(!!!scatter)
    !!dczerorl2                              0x0800016c   Section       90  __dczerorl2.o(!!dczerorl2)
    !!handler_zi                             0x080001c8   Section       28  __scatter_zi.o(!!handler_zi)
    .ARM.Collect$$_printf_percent$$00000000  0x080001e4   Section        0  _printf_percent.o(.ARM.Collect$$_printf_percent$$00000000)
    .ARM.Collect$$_printf_percent$$00000009  0x080001e4   Section        6  _printf_d.o(.ARM.Collect$$_printf_percent$$00000009)
    .ARM.Collect$$_printf_percent$$0000000A  0x080001ea   Section        6  _printf_u.o(.ARM.Collect$$_printf_percent$$0000000A)
    .ARM.Collect$$_printf_percent$$0000000C  0x080001f0   Section        6  _printf_x.o(.ARM.Collect$$_printf_percent$$0000000C)
    .ARM.Collect$$_printf_percent$$00000013  0x080001f6   Section        6  _printf_c.o(.ARM.Collect$$_printf_percent$$00000013)
    .ARM.Collect$$_printf_percent$$00000014  0x080001fc   Section        6  _printf_s.o(.ARM.Collect$$_printf_percent$$00000014)
    .ARM.Collect$$_printf_percent$$00000017  0x08000202   Section        4  _printf_percent_end.o(.ARM.Collect$$_printf_percent$$00000017)
    .ARM.Collect$$libinit$$00000000          0x08000206   Section        2  libinit.o(.ARM.Collect$$libinit$$00000000)
    .ARM.Collect$$libinit$$00000002          0x08000208   Section        0  libinit2.o(.ARM.Collect$$libinit$$00000002)
    .ARM.Collect$$libinit$$00000004          0x08000208   Section        0  libinit2.o(.ARM.Collect$$libinit$$00000004)
    .ARM.Collect$$libinit$$0000000A          0x08000208   Section        0  libinit2.o(.ARM.Collect$$libinit$$0000000A)
    .ARM.Collect$$libinit$$0000000C          0x08000208   Section        0  libinit2.o(.ARM.Collect$$libinit$$0000000C)
    .ARM.Collect$$libinit$$0000000E          0x08000208   Section        0  libinit2.o(.ARM.Collect$$libinit$$0000000E)
    .ARM.Collect$$libinit$$00000011          0x08000208   Section        0  libinit2.o(.ARM.Collect$$libinit$$00000011)
    .ARM.Collect$$libinit$$00000013          0x08000208   Section        0  libinit2.o(.ARM.Collect$$libinit$$00000013)
    .ARM.Collect$$libinit$$00000015          0x08000208   Section        0  libinit2.o(.ARM.Collect$$libinit$$00000015)
    .ARM.Collect$$libinit$$00000017          0x08000208   Section        0  libinit2.o(.ARM.Collect$$libinit$$00000017)
    .ARM.Collect$$libinit$$00000019          0x08000208   Section        0  libinit2.o(.ARM.Collect$$libinit$$00000019)
    .ARM.Collect$$libinit$$0000001B          0x08000208   Section        0  libinit2.o(.ARM.Collect$$libinit$$0000001B)
    .ARM.Collect$$libinit$$0000001D          0x08000208   Section        0  libinit2.o(.ARM.Collect$$libinit$$0000001D)
    .ARM.Collect$$libinit$$0000001F          0x08000208   Section        0  libinit2.o(.ARM.Collect$$libinit$$0000001F)
    .ARM.Collect$$libinit$$00000021          0x08000208   Section        0  libinit2.o(.ARM.Collect$$libinit$$00000021)
    .ARM.Collect$$libinit$$00000023          0x08000208   Section        0  libinit2.o(.ARM.Collect$$libinit$$00000023)
    .ARM.Collect$$libinit$$00000025          0x08000208   Section        0  libinit2.o(.ARM.Collect$$libinit$$00000025)
    .ARM.Collect$$libinit$$0000002C          0x08000208   Section        0  libinit2.o(.ARM.Collect$$libinit$$0000002C)
    .ARM.Collect$$libinit$$0000002E          0x08000208   Section        0  libinit2.o(.ARM.Collect$$libinit$$0000002E)
    .ARM.Collect$$libinit$$00000030          0x08000208   Section        0  libinit2.o(.ARM.Collect$$libinit$$00000030)
    .ARM.Collect$$libinit$$00000032          0x08000208   Section        0  libinit2.o(.ARM.Collect$$libinit$$00000032)
    .ARM.Collect$$libinit$$00000033          0x08000208   Section        2  libinit2.o(.ARM.Collect$$libinit$$00000033)
    .ARM.Collect$$libshutdown$$00000000      0x0800020a   Section        2  libshutdown.o(.ARM.Collect$$libshutdown$$00000000)
    .ARM.Collect$$libshutdown$$00000002      0x0800020c   Section        0  libshutdown2.o(.ARM.Collect$$libshutdown$$00000002)
    .ARM.Collect$$libshutdown$$00000004      0x0800020c   Section        0  libshutdown2.o(.ARM.Collect$$libshutdown$$00000004)
    .ARM.Collect$$libshutdown$$00000007      0x0800020c   Section        0  libshutdown2.o(.ARM.Collect$$libshutdown$$00000007)
    .ARM.Collect$$libshutdown$$0000000A      0x0800020c   Section        0  libshutdown2.o(.ARM.Collect$$libshutdown$$0000000A)
    .ARM.Collect$$libshutdown$$0000000C      0x0800020c   Section        0  libshutdown2.o(.ARM.Collect$$libshutdown$$0000000C)
    .ARM.Collect$$libshutdown$$0000000F      0x0800020c   Section        0  libshutdown2.o(.ARM.Collect$$libshutdown$$0000000F)
    .ARM.Collect$$libshutdown$$00000010      0x0800020c   Section        2  libshutdown2.o(.ARM.Collect$$libshutdown$$00000010)
    .ARM.Collect$$rtentry$$00000000          0x0800020e   Section        0  __rtentry.o(.ARM.Collect$$rtentry$$00000000)
    .ARM.Collect$$rtentry$$00000002          0x0800020e   Section        0  __rtentry2.o(.ARM.Collect$$rtentry$$00000002)
    .ARM.Collect$$rtentry$$00000004          0x0800020e   Section        6  __rtentry4.o(.ARM.Collect$$rtentry$$00000004)
    .ARM.Collect$$rtentry$$00000009          0x08000214   Section        0  __rtentry2.o(.ARM.Collect$$rtentry$$00000009)
    .ARM.Collect$$rtentry$$0000000A          0x08000214   Section        4  __rtentry2.o(.ARM.Collect$$rtentry$$0000000A)
    .ARM.Collect$$rtentry$$0000000C          0x08000218   Section        0  __rtentry2.o(.ARM.Collect$$rtentry$$0000000C)
    .ARM.Collect$$rtentry$$0000000D          0x08000218   Section        8  __rtentry2.o(.ARM.Collect$$rtentry$$0000000D)
    .ARM.Collect$$rtexit$$00000000           0x08000220   Section        2  rtexit.o(.ARM.Collect$$rtexit$$00000000)
    .ARM.Collect$$rtexit$$00000002           0x08000222   Section        0  rtexit2.o(.ARM.Collect$$rtexit$$00000002)
    .ARM.Collect$$rtexit$$00000003           0x08000222   Section        4  rtexit2.o(.ARM.Collect$$rtexit$$00000003)
    .ARM.Collect$$rtexit$$00000004           0x08000226   Section        6  rtexit2.o(.ARM.Collect$$rtexit$$00000004)
    .text                                    0x0800022c   Section        0  main.o(.text)
    .text                                    0x08000308   Section        0  stm32f10x_it.o(.text)
    .text                                    0x08000324   Section        0  system_stm32f10x.o(.text)
    SetSysClockTo72                          0x08000325   Thumb Code   214  system_stm32f10x.o(.text)
    SetSysClock                              0x080003fb   Thumb Code     8  system_stm32f10x.o(.text)
    .text                                    0x08000504   Section        0  led.o(.text)
    .text                                    0x08000550   Section        0  key.o(.text)
    .text                                    0x0800064c   Section        0  myiic.o(.text)
    .text                                    0x080008b8   Section        0  24cxx.o(.text)
    .text                                    0x08000a34   Section        0  pca9685.o(.text)
    .text                                    0x08000e30   Section        0  delay.o(.text)
    .text                                    0x08000f04   Section        0  usart.o(.text)
    .text                                    0x08001044   Section       64  startup_stm32f10x_hd.o(.text)
    .text                                    0x08001084   Section        0  misc.o(.text)
    .text                                    0x08001160   Section        0  stm32f10x_gpio.o(.text)
    .text                                    0x080014bc   Section        0  stm32f10x_rcc.o(.text)
    .text                                    0x08001860   Section        0  stm32f10x_usart.o(.text)
    .text                                    0x08001c68   Section        0  stm32f10x_tim.o(.text)
    TI4_Config                               0x0800210f   Thumb Code   130  stm32f10x_tim.o(.text)
    TI3_Config                               0x080021a3   Thumb Code   122  stm32f10x_tim.o(.text)
    TI2_Config                               0x08002237   Thumb Code   130  stm32f10x_tim.o(.text)
    TI1_Config                               0x080022cb   Thumb Code   108  stm32f10x_tim.o(.text)
    .text                                    0x08002a84   Section        0  usmart.o(.text)
    .text                                    0x080036bc   Section        0  usmart_str.o(.text)
    .text                                    0x08003be4   Section        2  use_no_semi_2.o(.text)
    .text                                    0x08003be8   Section        0  noretval__2printf.o(.text)
    .text                                    0x08003c00   Section        0  _printf_pad.o(.text)
    .text                                    0x08003c4e   Section        0  _printf_str.o(.text)
    .text                                    0x08003ca0   Section        0  _printf_dec.o(.text)
    .text                                    0x08003d18   Section        0  _printf_hex_int.o(.text)
    .text                                    0x08003d70   Section        0  __printf_flags_ss_wp.o(.text)
    .text                                    0x08003ef8   Section        0  heapauxi.o(.text)
    .text                                    0x08003efe   Section        2  use_no_semi.o(.text)
    .text                                    0x08003f00   Section        0  _printf_intcommon.o(.text)
    .text                                    0x08003fb2   Section        0  _printf_char.o(.text)
    .text                                    0x08003fe0   Section        0  _printf_char_file.o(.text)
    .text                                    0x08004004   Section        0  _printf_char_common.o(.text)
    _printf_input_char                       0x08004005   Thumb Code    10  _printf_char_common.o(.text)
    .text                                    0x08004034   Section        0  ferror.o(.text)
    .text                                    0x0800403c   Section       74  sys_stackheap_outer.o(.text)
    .text                                    0x08004086   Section        0  exit.o(.text)
    .text                                    0x08004098   Section        8  libspace.o(.text)
    i._is_digit                              0x080040a0   Section        0  __printf_wp.o(i._is_digit)
    i.floor                                  0x080040b0   Section        0  floor.o(i.floor)
    x$fpl$d2f                                0x0800418c   Section       98  d2f.o(x$fpl$d2f)
    x$fpl$dadd                               0x080041f0   Section      336  daddsub_clz.o(x$fpl$dadd)
    _dadd1                                   0x08004201   Thumb Code     0  daddsub_clz.o(x$fpl$dadd)
    x$fpl$dcmpinf                            0x08004340   Section       24  dcmpi.o(x$fpl$dcmpinf)
    x$fpl$ddiv                               0x08004358   Section      688  ddiv.o(x$fpl$ddiv)
    ddiv_entry                               0x0800435f   Thumb Code     0  ddiv.o(x$fpl$ddiv)
    x$fpl$dfixu                              0x08004608   Section       90  dfixu.o(x$fpl$dfixu)
    x$fpl$dflt                               0x08004662   Section       46  dflt_clz.o(x$fpl$dflt)
    x$fpl$dfltu                              0x08004690   Section       38  dflt_clz.o(x$fpl$dfltu)
    x$fpl$dleqf                              0x080046b8   Section      120  dleqf.o(x$fpl$dleqf)
    x$fpl$dmul                               0x08004730   Section      340  dmul.o(x$fpl$dmul)
    x$fpl$dnaninf                            0x08004884   Section      156  dnaninf.o(x$fpl$dnaninf)
    x$fpl$dretinf                            0x08004920   Section       12  dretinf.o(x$fpl$dretinf)
    x$fpl$drleqf                             0x0800492c   Section      108  drleqf.o(x$fpl$drleqf)
    x$fpl$drsb                               0x08004998   Section       22  daddsub_clz.o(x$fpl$drsb)
    x$fpl$dsub                               0x080049b0   Section      468  daddsub_clz.o(x$fpl$dsub)
    _dsub1                                   0x080049c1   Thumb Code     0  daddsub_clz.o(x$fpl$dsub)
    x$fpl$f2d                                0x08004b84   Section       86  f2d.o(x$fpl$f2d)
    x$fpl$fnaninf                            0x08004bda   Section      140  fnaninf.o(x$fpl$fnaninf)
    x$fpl$fretinf                            0x08004c66   Section       10  fretinf.o(x$fpl$fretinf)
    .constdata                               0x08004c70   Section       40  _printf_hex_int.o(.constdata)
    x$fpl$usenofp                            0x08004c70   Section        0  usenofp.o(x$fpl$usenofp)
    uc_hextab                                0x08004c70   Data          20  _printf_hex_int.o(.constdata)
    lc_hextab                                0x08004c84   Data          20  _printf_hex_int.o(.constdata)
    .constdata                               0x08004c98   Section       17  __printf_flags_ss_wp.o(.constdata)
    maptable                                 0x08004c98   Data          17  __printf_flags_ss_wp.o(.constdata)
    .conststring                             0x08004cac   Section       40  usmart.o(.conststring)
    .conststring                             0x08004cd4   Section      203  usmart_config.o(.conststring)
    .data                                    0x20000000   Section       20  system_stm32f10x.o(.data)
    .data                                    0x20000014   Section        1  key.o(.data)
    key_up                                   0x20000014   Data           1  key.o(.data)
    .data                                    0x20000016   Section        4  delay.o(.data)
    fac_us                                   0x20000016   Data           1  delay.o(.data)
    fac_ms                                   0x20000018   Data           2  delay.o(.data)
    .data                                    0x2000001c   Section        6  usart.o(.data)
    .data                                    0x20000022   Section       20  stm32f10x_rcc.o(.data)
    APBAHBPrescTable                         0x20000022   Data          16  stm32f10x_rcc.o(.data)
    ADCPrescTable                            0x20000032   Data           4  stm32f10x_rcc.o(.data)
    .data                                    0x20000038   Section       28  usmart.o(.data)
    .data                                    0x20000054   Section      292  usmart_config.o(.data)
    .bss                                     0x20000178   Section      200  usart.o(.bss)
    .bss                                     0x20000240   Section       96  libspace.o(.bss)
    HEAP                                     0x200002a0   Section      512  startup_stm32f10x_hd.o(HEAP)
    Heap_Mem                                 0x200002a0   Data         512  startup_stm32f10x_hd.o(HEAP)
    STACK                                    0x200004a0   Section     1024  startup_stm32f10x_hd.o(STACK)
    Stack_Mem                                0x200004a0   Data        1024  startup_stm32f10x_hd.o(STACK)
    __initial_sp                             0x200008a0   Data           0  startup_stm32f10x_hd.o(STACK)

    Global Symbols

    Symbol Name                              Value     Ov Type        Size  Object(Section)

    BuildAttributes$$THM_ISAv4$P$D$K$B$S$PE$A:L22UL41UL21$X:L11$S22US41US21$IEEE1$IW$USESV6$~STKCKD$USESV7$~SHL$OTIME$ROPI$IEEEJ$EBA8$UX$STANDARDLIB$REQ8$PRES8$EABIv2 0x00000000   Number         0  anon$$obj.o ABSOLUTE
    __ARM_use_no_argv                        0x00000000   Number         0  main.o ABSOLUTE
    _printf_flags                            0x00000000   Number         0  printf_stubs.o ABSOLUTE
    _printf_return_value                     0x00000000   Number         0  printf_stubs.o ABSOLUTE
    _printf_sizespec                         0x00000000   Number         0  printf_stubs.o ABSOLUTE
    _printf_widthprec                        0x00000000   Number         0  printf_stubs.o ABSOLUTE
    __ARM_exceptions_init                     - Undefined Weak Reference
    __alloca_initialize                       - Undefined Weak Reference
    __arm_preinit_                            - Undefined Weak Reference
    __cpp_initialize__aeabi_                  - Undefined Weak Reference
    __cxa_finalize                            - Undefined Weak Reference
    __rt_locale                               - Undefined Weak Reference
    __sigvec_lookup                           - Undefined Weak Reference
    _atexit_init                              - Undefined Weak Reference
    _call_atexit_fns                          - Undefined Weak Reference
    _clock_init                               - Undefined Weak Reference
    _fp_trap_init                             - Undefined Weak Reference
    _fp_trap_shutdown                         - Undefined Weak Reference
    _get_lc_collate                           - Undefined Weak Reference
    _get_lc_ctype                             - Undefined Weak Reference
    _get_lc_monetary                          - Undefined Weak Reference
    _get_lc_numeric                           - Undefined Weak Reference
    _get_lc_time                              - Undefined Weak Reference
    _getenv_init                              - Undefined Weak Reference
    _handle_redirection                       - Undefined Weak Reference
    _init_alloc                               - Undefined Weak Reference
    _init_user_alloc                          - Undefined Weak Reference
    _initio                                   - Undefined Weak Reference
    _mutex_acquire                            - Undefined Weak Reference
    _mutex_release                            - Undefined Weak Reference
    _printf_mbtowc                            - Undefined Weak Reference
    _printf_truncate_signed                   - Undefined Weak Reference
    _printf_truncate_unsigned                 - Undefined Weak Reference
    _rand_init                                - Undefined Weak Reference
    _signal_finish                            - Undefined Weak Reference
    _signal_init                              - Undefined Weak Reference
    _terminate_alloc                          - Undefined Weak Reference
    _terminate_user_alloc                     - Undefined Weak Reference
    _terminateio                              - Undefined Weak Reference
    __Vectors_Size                           0x00000130   Number         0  startup_stm32f10x_hd.o ABSOLUTE
    __Vectors                                0x08000000   Data           4  startup_stm32f10x_hd.o(RESET)
    __Vectors_End                            0x08000130   Data           0  startup_stm32f10x_hd.o(RESET)
    __main                                   0x08000131   Thumb Code     8  __main.o(!!!main)
    __scatterload                            0x08000139   Thumb Code     0  __scatter.o(!!!scatter)
    __scatterload_rt2                        0x08000139   Thumb Code    44  __scatter.o(!!!scatter)
    __scatterload_rt2_thumb_only             0x08000139   Thumb Code     0  __scatter.o(!!!scatter)
    __scatterload_null                       0x08000147   Thumb Code     0  __scatter.o(!!!scatter)
    __decompress                             0x0800016d   Thumb Code    90  __dczerorl2.o(!!dczerorl2)
    __decompress1                            0x0800016d   Thumb Code     0  __dczerorl2.o(!!dczerorl2)
    __scatterload_zeroinit                   0x080001c9   Thumb Code    28  __scatter_zi.o(!!handler_zi)
    _printf_d                                0x080001e5   Thumb Code     0  _printf_d.o(.ARM.Collect$$_printf_percent$$00000009)
    _printf_percent                          0x080001e5   Thumb Code     0  _printf_percent.o(.ARM.Collect$$_printf_percent$$00000000)
    _printf_u                                0x080001eb   Thumb Code     0  _printf_u.o(.ARM.Collect$$_printf_percent$$0000000A)
    _printf_x                                0x080001f1   Thumb Code     0  _printf_x.o(.ARM.Collect$$_printf_percent$$0000000C)
    _printf_c                                0x080001f7   Thumb Code     0  _printf_c.o(.ARM.Collect$$_printf_percent$$00000013)
    _printf_s                                0x080001fd   Thumb Code     0  _printf_s.o(.ARM.Collect$$_printf_percent$$00000014)
    _printf_percent_end                      0x08000203   Thumb Code     0  _printf_percent_end.o(.ARM.Collect$$_printf_percent$$00000017)
    __rt_lib_init                            0x08000207   Thumb Code     0  libinit.o(.ARM.Collect$$libinit$$00000000)
    __rt_lib_init_alloca_1                   0x08000209   Thumb Code     0  libinit2.o(.ARM.Collect$$libinit$$0000002E)
    __rt_lib_init_argv_1                     0x08000209   Thumb Code     0  libinit2.o(.ARM.Collect$$libinit$$0000002C)
    __rt_lib_init_atexit_1                   0x08000209   Thumb Code     0  libinit2.o(.ARM.Collect$$libinit$$0000001B)
    __rt_lib_init_clock_1                    0x08000209   Thumb Code     0  libinit2.o(.ARM.Collect$$libinit$$00000021)
    __rt_lib_init_cpp_1                      0x08000209   Thumb Code     0  libinit2.o(.ARM.Collect$$libinit$$00000032)
    __rt_lib_init_exceptions_1               0x08000209   Thumb Code     0  libinit2.o(.ARM.Collect$$libinit$$00000030)
    __rt_lib_init_fp_1                       0x08000209   Thumb Code     0  libinit2.o(.ARM.Collect$$libinit$$00000002)
    __rt_lib_init_fp_trap_1                  0x08000209   Thumb Code     0  libinit2.o(.ARM.Collect$$libinit$$0000001F)
    __rt_lib_init_getenv_1                   0x08000209   Thumb Code     0  libinit2.o(.ARM.Collect$$libinit$$00000023)
    __rt_lib_init_heap_1                     0x08000209   Thumb Code     0  libinit2.o(.ARM.Collect$$libinit$$0000000A)
    __rt_lib_init_lc_collate_1               0x08000209   Thumb Code     0  libinit2.o(.ARM.Collect$$libinit$$00000011)
    __rt_lib_init_lc_ctype_1                 0x08000209   Thumb Code     0  libinit2.o(.ARM.Collect$$libinit$$00000013)
    __rt_lib_init_lc_monetary_1              0x08000209   Thumb Code     0  libinit2.o(.ARM.Collect$$libinit$$00000015)
    __rt_lib_init_lc_numeric_1               0x08000209   Thumb Code     0  libinit2.o(.ARM.Collect$$libinit$$00000017)
    __rt_lib_init_lc_time_1                  0x08000209   Thumb Code     0  libinit2.o(.ARM.Collect$$libinit$$00000019)
    __rt_lib_init_preinit_1                  0x08000209   Thumb Code     0  libinit2.o(.ARM.Collect$$libinit$$00000004)
    __rt_lib_init_rand_1                     0x08000209   Thumb Code     0  libinit2.o(.ARM.Collect$$libinit$$0000000E)
    __rt_lib_init_return                     0x08000209   Thumb Code     0  libinit2.o(.ARM.Collect$$libinit$$00000033)
    __rt_lib_init_signal_1                   0x08000209   Thumb Code     0  libinit2.o(.ARM.Collect$$libinit$$0000001D)
    __rt_lib_init_stdio_1                    0x08000209   Thumb Code     0  libinit2.o(.ARM.Collect$$libinit$$00000025)
    __rt_lib_init_user_alloc_1               0x08000209   Thumb Code     0  libinit2.o(.ARM.Collect$$libinit$$0000000C)
    __rt_lib_shutdown                        0x0800020b   Thumb Code     0  libshutdown.o(.ARM.Collect$$libshutdown$$00000000)
    __rt_lib_shutdown_cpp_1                  0x0800020d   Thumb Code     0  libshutdown2.o(.ARM.Collect$$libshutdown$$00000002)
    __rt_lib_shutdown_fp_trap_1              0x0800020d   Thumb Code     0  libshutdown2.o(.ARM.Collect$$libshutdown$$00000007)
    __rt_lib_shutdown_heap_1                 0x0800020d   Thumb Code     0  libshutdown2.o(.ARM.Collect$$libshutdown$$0000000F)
    __rt_lib_shutdown_return                 0x0800020d   Thumb Code     0  libshutdown2.o(.ARM.Collect$$libshutdown$$00000010)
    __rt_lib_shutdown_signal_1               0x0800020d   Thumb Code     0  libshutdown2.o(.ARM.Collect$$libshutdown$$0000000A)
    __rt_lib_shutdown_stdio_1                0x0800020d   Thumb Code     0  libshutdown2.o(.ARM.Collect$$libshutdown$$00000004)
    __rt_lib_shutdown_user_alloc_1           0x0800020d   Thumb Code     0  libshutdown2.o(.ARM.Collect$$libshutdown$$0000000C)
    __rt_entry                               0x0800020f   Thumb Code     0  __rtentry.o(.ARM.Collect$$rtentry$$00000000)
    __rt_entry_presh_1                       0x0800020f   Thumb Code     0  __rtentry2.o(.ARM.Collect$$rtentry$$00000002)
    __rt_entry_sh                            0x0800020f   Thumb Code     0  __rtentry4.o(.ARM.Collect$$rtentry$$00000004)
    __rt_entry_li                            0x08000215   Thumb Code     0  __rtentry2.o(.ARM.Collect$$rtentry$$0000000A)
    __rt_entry_postsh_1                      0x08000215   Thumb Code     0  __rtentry2.o(.ARM.Collect$$rtentry$$00000009)
    __rt_entry_main                          0x08000219   Thumb Code     0  __rtentry2.o(.ARM.Collect$$rtentry$$0000000D)
    __rt_entry_postli_1                      0x08000219   Thumb Code     0  __rtentry2.o(.ARM.Collect$$rtentry$$0000000C)
    __rt_exit                                0x08000221   Thumb Code     0  rtexit.o(.ARM.Collect$$rtexit$$00000000)
    __rt_exit_ls                             0x08000223   Thumb Code     0  rtexit2.o(.ARM.Collect$$rtexit$$00000003)
    __rt_exit_prels_1                        0x08000223   Thumb Code     0  rtexit2.o(.ARM.Collect$$rtexit$$00000002)
    __rt_exit_exit                           0x08000227   Thumb Code     0  rtexit2.o(.ARM.Collect$$rtexit$$00000004)
    main                                     0x0800022d   Thumb Code   216  main.o(.text)
    NMI_Handler                              0x08000309   Thumb Code     2  stm32f10x_it.o(.text)
    HardFault_Handler                        0x0800030b   Thumb Code     4  stm32f10x_it.o(.text)
    MemManage_Handler                        0x0800030f   Thumb Code     4  stm32f10x_it.o(.text)
    BusFault_Handler                         0x08000313   Thumb Code     4  stm32f10x_it.o(.text)
    UsageFault_Handler                       0x08000317   Thumb Code     4  stm32f10x_it.o(.text)
    SVC_Handler                              0x0800031b   Thumb Code     2  stm32f10x_it.o(.text)
    DebugMon_Handler                         0x0800031d   Thumb Code     2  stm32f10x_it.o(.text)
    PendSV_Handler                           0x0800031f   Thumb Code     2  stm32f10x_it.o(.text)
    SysTick_Handler                          0x08000321   Thumb Code     2  stm32f10x_it.o(.text)
    SystemInit                               0x08000403   Thumb Code    78  system_stm32f10x.o(.text)
    SystemCoreClockUpdate                    0x08000451   Thumb Code   142  system_stm32f10x.o(.text)
    LED_Init                                 0x08000505   Thumb Code    68  led.o(.text)
    KEY_Init                                 0x08000551   Thumb Code    52  key.o(.text)
    KEY_Scan                                 0x08000585   Thumb Code   188  key.o(.text)
    IIC_Init                                 0x0800064d   Thumb Code    46  myiic.o(.text)
    IIC_Start                                0x0800067b   Thumb Code    64  myiic.o(.text)
    IIC_Stop                                 0x080006bb   Thumb Code    66  myiic.o(.text)
    IIC_Wait_Ack                             0x080006fd   Thumb Code    86  myiic.o(.text)
    IIC_Ack                                  0x08000753   Thumb Code    70  myiic.o(.text)
    IIC_NAck                                 0x08000799   Thumb Code    70  myiic.o(.text)
    IIC_Send_Byte                            0x080007df   Thumb Code   104  myiic.o(.text)
    IIC_Read_Byte                            0x08000847   Thumb Code   100  myiic.o(.text)
    AT24CXX_Init                             0x080008b9   Thumb Code     8  24cxx.o(.text)
    AT24CXX_ReadOneByte                      0x080008c1   Thumb Code    88  24cxx.o(.text)
    AT24CXX_WriteOneByte                     0x08000919   Thumb Code    80  24cxx.o(.text)
    AT24CXX_WriteLenByte                     0x08000969   Thumb Code    42  24cxx.o(.text)
    AT24CXX_ReadLenByte                      0x08000993   Thumb Code    44  24cxx.o(.text)
    AT24CXX_Check                            0x080009bf   Thumb Code    46  24cxx.o(.text)
    AT24CXX_Read                             0x080009ed   Thumb Code    34  24cxx.o(.text)
    AT24CXX_Write                            0x08000a0f   Thumb Code    36  24cxx.o(.text)
    pca_write                                0x08000a35   Thumb Code    46  pca9685.o(.text)
    pca_read                                 0x08000a63   Thumb Code    58  pca9685.o(.text)
    pca_setfreq                              0x08000a9d   Thumb Code   180  pca9685.o(.text)
    pca_setpwm                               0x08000b51   Thumb Code    62  pca9685.o(.text)
    PCA_MG9XX_Init                           0x08000b8f   Thumb Code   238  pca9685.o(.text)
    PCA_MG9XX                                0x08000c7d   Thumb Code   386  pca9685.o(.text)
    delay_init                               0x08000e31   Thumb Code    50  delay.o(.text)
    delay_us                                 0x08000e63   Thumb Code    72  delay.o(.text)
    delay_ms                                 0x08000eab   Thumb Code    72  delay.o(.text)
    _sys_exit                                0x08000f05   Thumb Code     6  usart.o(.text)
    fputc                                    0x08000f0b   Thumb Code    24  usart.o(.text)
    uart_init                                0x08000f23   Thumb Code   152  usart.o(.text)
    USART1_IRQHandler                        0x08000fbb   Thumb Code   122  usart.o(.text)
    Reset_Handler                            0x08001045   Thumb Code     8  startup_stm32f10x_hd.o(.text)
    ADC1_2_IRQHandler                        0x0800105f   Thumb Code     0  startup_stm32f10x_hd.o(.text)
    ADC3_IRQHandler                          0x0800105f   Thumb Code     0  startup_stm32f10x_hd.o(.text)
    CAN1_RX1_IRQHandler                      0x0800105f   Thumb Code     0  startup_stm32f10x_hd.o(.text)
    CAN1_SCE_IRQHandler                      0x0800105f   Thumb Code     0  startup_stm32f10x_hd.o(.text)
    DMA1_Channel1_IRQHandler                 0x0800105f   Thumb Code     0  startup_stm32f10x_hd.o(.text)
    DMA1_Channel2_IRQHandler                 0x0800105f   Thumb Code     0  startup_stm32f10x_hd.o(.text)
    DMA1_Channel3_IRQHandler                 0x0800105f   Thumb Code     0  startup_stm32f10x_hd.o(.text)
    DMA1_Channel4_IRQHandler                 0x0800105f   Thumb Code     0  startup_stm32f10x_hd.o(.text)
    DMA1_Channel5_IRQHandler                 0x0800105f   Thumb Code     0  startup_stm32f10x_hd.o(.text)
    DMA1_Channel6_IRQHandler                 0x0800105f   Thumb Code     0  startup_stm32f10x_hd.o(.text)
    DMA1_Channel7_IRQHandler                 0x0800105f   Thumb Code     0  startup_stm32f10x_hd.o(.text)
    DMA2_Channel1_IRQHandler                 0x0800105f   Thumb Code     0  startup_stm32f10x_hd.o(.text)
    DMA2_Channel2_IRQHandler                 0x0800105f   Thumb Code     0  startup_stm32f10x_hd.o(.text)
    DMA2_Channel3_IRQHandler                 0x0800105f   Thumb Code     0  startup_stm32f10x_hd.o(.text)
    DMA2_Channel4_5_IRQHandler               0x0800105f   Thumb Code     0  startup_stm32f10x_hd.o(.text)
    EXTI0_IRQHandler                         0x0800105f   Thumb Code     0  startup_stm32f10x_hd.o(.text)
    EXTI15_10_IRQHandler                     0x0800105f   Thumb Code     0  startup_stm32f10x_hd.o(.text)
    EXTI1_IRQHandler                         0x0800105f   Thumb Code     0  startup_stm32f10x_hd.o(.text)
    EXTI2_IRQHandler                         0x0800105f   Thumb Code     0  startup_stm32f10x_hd.o(.text)
    EXTI3_IRQHandler                         0x0800105f   Thumb Code     0  startup_stm32f10x_hd.o(.text)
    EXTI4_IRQHandler                         0x0800105f   Thumb Code     0  startup_stm32f10x_hd.o(.text)
    EXTI9_5_IRQHandler                       0x0800105f   Thumb Code     0  startup_stm32f10x_hd.o(.text)
    FLASH_IRQHandler                         0x0800105f   Thumb Code     0  startup_stm32f10x_hd.o(.text)
    FSMC_IRQHandler                          0x0800105f   Thumb Code     0  startup_stm32f10x_hd.o(.text)
    I2C1_ER_IRQHandler                       0x0800105f   Thumb Code     0  startup_stm32f10x_hd.o(.text)
    I2C1_EV_IRQHandler                       0x0800105f   Thumb Code     0  startup_stm32f10x_hd.o(.text)
    I2C2_ER_IRQHandler                       0x0800105f   Thumb Code     0  startup_stm32f10x_hd.o(.text)
    I2C2_EV_IRQHandler                       0x0800105f   Thumb Code     0  startup_stm32f10x_hd.o(.text)
    PVD_IRQHandler                           0x0800105f   Thumb Code     0  startup_stm32f10x_hd.o(.text)
    RCC_IRQHandler                           0x0800105f   Thumb Code     0  startup_stm32f10x_hd.o(.text)
    RTCAlarm_IRQHandler                      0x0800105f   Thumb Code     0  startup_stm32f10x_hd.o(.text)
    RTC_IRQHandler                           0x0800105f   Thumb Code     0  startup_stm32f10x_hd.o(.text)
    SDIO_IRQHandler                          0x0800105f   Thumb Code     0  startup_stm32f10x_hd.o(.text)
    SPI1_IRQHandler                          0x0800105f   Thumb Code     0  startup_stm32f10x_hd.o(.text)
    SPI2_IRQHandler                          0x0800105f   Thumb Code     0  startup_stm32f10x_hd.o(.text)
    SPI3_IRQHandler                          0x0800105f   Thumb Code     0  startup_stm32f10x_hd.o(.text)
    TAMPER_IRQHandler                        0x0800105f   Thumb Code     0  startup_stm32f10x_hd.o(.text)
    TIM1_BRK_IRQHandler                      0x0800105f   Thumb Code     0  startup_stm32f10x_hd.o(.text)
    TIM1_CC_IRQHandler                       0x0800105f   Thumb Code     0  startup_stm32f10x_hd.o(.text)
    TIM1_TRG_COM_IRQHandler                  0x0800105f   Thumb Code     0  startup_stm32f10x_hd.o(.text)
    TIM1_UP_IRQHandler                       0x0800105f   Thumb Code     0  startup_stm32f10x_hd.o(.text)
    TIM2_IRQHandler                          0x0800105f   Thumb Code     0  startup_stm32f10x_hd.o(.text)
    TIM3_IRQHandler                          0x0800105f   Thumb Code     0  startup_stm32f10x_hd.o(.text)
    TIM5_IRQHandler                          0x0800105f   Thumb Code     0  startup_stm32f10x_hd.o(.text)
    TIM6_IRQHandler                          0x0800105f   Thumb Code     0  startup_stm32f10x_hd.o(.text)
    TIM7_IRQHandler                          0x0800105f   Thumb Code     0  startup_stm32f10x_hd.o(.text)
    TIM8_BRK_IRQHandler                      0x0800105f   Thumb Code     0  startup_stm32f10x_hd.o(.text)
    TIM8_CC_IRQHandler                       0x0800105f   Thumb Code     0  startup_stm32f10x_hd.o(.text)
    TIM8_TRG_COM_IRQHandler                  0x0800105f   Thumb Code     0  startup_stm32f10x_hd.o(.text)
    TIM8_UP_IRQHandler                       0x0800105f   Thumb Code     0  startup_stm32f10x_hd.o(.text)
    UART4_IRQHandler                         0x0800105f   Thumb Code     0  startup_stm32f10x_hd.o(.text)
    UART5_IRQHandler                         0x0800105f   Thumb Code     0  startup_stm32f10x_hd.o(.text)
    USART2_IRQHandler                        0x0800105f   Thumb Code     0  startup_stm32f10x_hd.o(.text)
    USART3_IRQHandler                        0x0800105f   Thumb Code     0  startup_stm32f10x_hd.o(.text)
    USBWakeUp_IRQHandler                     0x0800105f   Thumb Code     0  startup_stm32f10x_hd.o(.text)
    USB_HP_CAN1_TX_IRQHandler                0x0800105f   Thumb Code     0  startup_stm32f10x_hd.o(.text)
    USB_LP_CAN1_RX0_IRQHandler               0x0800105f   Thumb Code     0  startup_stm32f10x_hd.o(.text)
    WWDG_IRQHandler                          0x0800105f   Thumb Code     0  startup_stm32f10x_hd.o(.text)
    __user_initial_stackheap                 0x08001061   Thumb Code     0  startup_stm32f10x_hd.o(.text)
    NVIC_PriorityGroupConfig                 0x08001085   Thumb Code    10  misc.o(.text)
    NVIC_Init                                0x0800108f   Thumb Code   100  misc.o(.text)
    NVIC_SetVectorTable                      0x080010f3   Thumb Code    14  misc.o(.text)
    NVIC_SystemLPConfig                      0x08001101   Thumb Code    34  misc.o(.text)
    SysTick_CLKSourceConfig                  0x08001123   Thumb Code    40  misc.o(.text)
    GPIO_DeInit                              0x08001161   Thumb Code   172  stm32f10x_gpio.o(.text)
    GPIO_AFIODeInit                          0x0800120d   Thumb Code    20  stm32f10x_gpio.o(.text)
    GPIO_Init                                0x08001221   Thumb Code   278  stm32f10x_gpio.o(.text)
    GPIO_StructInit                          0x08001337   Thumb Code    16  stm32f10x_gpio.o(.text)
    GPIO_ReadInputDataBit                    0x08001347   Thumb Code    18  stm32f10x_gpio.o(.text)
    GPIO_ReadInputData                       0x08001359   Thumb Code     8  stm32f10x_gpio.o(.text)
    GPIO_ReadOutputDataBit                   0x08001361   Thumb Code    18  stm32f10x_gpio.o(.text)
    GPIO_ReadOutputData                      0x08001373   Thumb Code     8  stm32f10x_gpio.o(.text)
    GPIO_SetBits                             0x0800137b   Thumb Code     4  stm32f10x_gpio.o(.text)
    GPIO_ResetBits                           0x0800137f   Thumb Code     4  stm32f10x_gpio.o(.text)
    GPIO_WriteBit                            0x08001383   Thumb Code    10  stm32f10x_gpio.o(.text)
    GPIO_Write                               0x0800138d   Thumb Code     4  stm32f10x_gpio.o(.text)
    GPIO_PinLockConfig                       0x08001391   Thumb Code    18  stm32f10x_gpio.o(.text)
    GPIO_EventOutputConfig                   0x080013a3   Thumb Code    26  stm32f10x_gpio.o(.text)
    GPIO_EventOutputCmd                      0x080013bd   Thumb Code     6  stm32f10x_gpio.o(.text)
    GPIO_PinRemapConfig                      0x080013c3   Thumb Code   138  stm32f10x_gpio.o(.text)
    GPIO_EXTILineConfig                      0x0800144d   Thumb Code    66  stm32f10x_gpio.o(.text)
    GPIO_ETH_MediaInterfaceConfig            0x0800148f   Thumb Code     8  stm32f10x_gpio.o(.text)
    RCC_DeInit                               0x080014bd   Thumb Code    64  stm32f10x_rcc.o(.text)
    RCC_HSEConfig                            0x080014fd   Thumb Code    70  stm32f10x_rcc.o(.text)
    RCC_GetFlagStatus                        0x08001543   Thumb Code    56  stm32f10x_rcc.o(.text)
    RCC_WaitForHSEStartUp                    0x0800157b   Thumb Code    56  stm32f10x_rcc.o(.text)
    RCC_AdjustHSICalibrationValue            0x080015b3   Thumb Code    20  stm32f10x_rcc.o(.text)
    RCC_HSICmd                               0x080015c7   Thumb Code     6  stm32f10x_rcc.o(.text)
    RCC_PLLConfig                            0x080015cd   Thumb Code    24  stm32f10x_rcc.o(.text)
    RCC_PLLCmd                               0x080015e5   Thumb Code     6  stm32f10x_rcc.o(.text)
    RCC_SYSCLKConfig                         0x080015eb   Thumb Code    18  stm32f10x_rcc.o(.text)
    RCC_GetSYSCLKSource                      0x080015fd   Thumb Code    10  stm32f10x_rcc.o(.text)
    RCC_HCLKConfig                           0x08001607   Thumb Code    18  stm32f10x_rcc.o(.text)
    RCC_PCLK1Config                          0x08001619   Thumb Code    18  stm32f10x_rcc.o(.text)
    RCC_PCLK2Config                          0x0800162b   Thumb Code    20  stm32f10x_rcc.o(.text)
    RCC_ITConfig                             0x0800163f   Thumb Code    26  stm32f10x_rcc.o(.text)
    RCC_USBCLKConfig                         0x08001659   Thumb Code     8  stm32f10x_rcc.o(.text)
    RCC_ADCCLKConfig                         0x08001661   Thumb Code    18  stm32f10x_rcc.o(.text)
    RCC_LSEConfig                            0x08001673   Thumb Code    50  stm32f10x_rcc.o(.text)
    RCC_LSICmd                               0x080016a5   Thumb Code     6  stm32f10x_rcc.o(.text)
    RCC_RTCCLKConfig                         0x080016ab   Thumb Code    12  stm32f10x_rcc.o(.text)
    RCC_RTCCLKCmd                            0x080016b7   Thumb Code     8  stm32f10x_rcc.o(.text)
    RCC_GetClocksFreq                        0x080016bf   Thumb Code   192  stm32f10x_rcc.o(.text)
    RCC_AHBPeriphClockCmd                    0x0800177f   Thumb Code    26  stm32f10x_rcc.o(.text)
    RCC_APB2PeriphClockCmd                   0x08001799   Thumb Code    26  stm32f10x_rcc.o(.text)
    RCC_APB1PeriphClockCmd                   0x080017b3   Thumb Code    26  stm32f10x_rcc.o(.text)
    RCC_APB2PeriphResetCmd                   0x080017cd   Thumb Code    26  stm32f10x_rcc.o(.text)
    RCC_APB1PeriphResetCmd                   0x080017e7   Thumb Code    26  stm32f10x_rcc.o(.text)
    RCC_BackupResetCmd                       0x08001801   Thumb Code     8  stm32f10x_rcc.o(.text)
    RCC_ClockSecuritySystemCmd               0x08001809   Thumb Code     6  stm32f10x_rcc.o(.text)
    RCC_MCOConfig                            0x0800180f   Thumb Code     6  stm32f10x_rcc.o(.text)
    RCC_ClearFlag                            0x08001815   Thumb Code    14  stm32f10x_rcc.o(.text)
    RCC_GetITStatus                          0x08001823   Thumb Code    20  stm32f10x_rcc.o(.text)
    RCC_ClearITPendingBit                    0x08001837   Thumb Code     6  stm32f10x_rcc.o(.text)
    USART_DeInit                             0x08001861   Thumb Code   134  stm32f10x_usart.o(.text)
    USART_Init                               0x080018e7   Thumb Code   210  stm32f10x_usart.o(.text)
    USART_StructInit                         0x080019b9   Thumb Code    24  stm32f10x_usart.o(.text)
    USART_ClockInit                          0x080019d1   Thumb Code    34  stm32f10x_usart.o(.text)
    USART_ClockStructInit                    0x080019f3   Thumb Code    12  stm32f10x_usart.o(.text)
    USART_Cmd                                0x080019ff   Thumb Code    24  stm32f10x_usart.o(.text)
    USART_ITConfig                           0x08001a17   Thumb Code    74  stm32f10x_usart.o(.text)
    USART_DMACmd                             0x08001a61   Thumb Code    18  stm32f10x_usart.o(.text)
    USART_SetAddress                         0x08001a73   Thumb Code    18  stm32f10x_usart.o(.text)
    USART_WakeUpConfig                       0x08001a85   Thumb Code    18  stm32f10x_usart.o(.text)
    USART_ReceiverWakeUpCmd                  0x08001a97   Thumb Code    24  stm32f10x_usart.o(.text)
    USART_LINBreakDetectLengthConfig         0x08001aaf   Thumb Code    18  stm32f10x_usart.o(.text)
    USART_LINCmd                             0x08001ac1   Thumb Code    24  stm32f10x_usart.o(.text)
    USART_SendData                           0x08001ad9   Thumb Code     8  stm32f10x_usart.o(.text)
    USART_ReceiveData                        0x08001ae1   Thumb Code    10  stm32f10x_usart.o(.text)
    USART_SendBreak                          0x08001aeb   Thumb Code    10  stm32f10x_usart.o(.text)
    USART_SetGuardTime                       0x08001af5   Thumb Code    16  stm32f10x_usart.o(.text)
    USART_SetPrescaler                       0x08001b05   Thumb Code    16  stm32f10x_usart.o(.text)
    USART_SmartCardCmd                       0x08001b15   Thumb Code    24  stm32f10x_usart.o(.text)
    USART_SmartCardNACKCmd                   0x08001b2d   Thumb Code    24  stm32f10x_usart.o(.text)
    USART_HalfDuplexCmd                      0x08001b45   Thumb Code    24  stm32f10x_usart.o(.text)
    USART_OverSampling8Cmd                   0x08001b5d   Thumb Code    22  stm32f10x_usart.o(.text)
    USART_OneBitMethodCmd                    0x08001b73   Thumb Code    24  stm32f10x_usart.o(.text)
    USART_IrDAConfig                         0x08001b8b   Thumb Code    18  stm32f10x_usart.o(.text)
    USART_IrDACmd                            0x08001b9d   Thumb Code    24  stm32f10x_usart.o(.text)
    USART_GetFlagStatus                      0x08001bb5   Thumb Code    26  stm32f10x_usart.o(.text)
    USART_ClearFlag                          0x08001bcf   Thumb Code    18  stm32f10x_usart.o(.text)
    USART_GetITStatus                        0x08001be1   Thumb Code    84  stm32f10x_usart.o(.text)
    USART_ClearITPendingBit                  0x08001c35   Thumb Code    52  stm32f10x_usart.o(.text)
    TIM_DeInit                               0x08001c69   Thumb Code   424  stm32f10x_tim.o(.text)
    TIM_TimeBaseInit                         0x08001e11   Thumb Code   122  stm32f10x_tim.o(.text)
    TIM_OC1Init                              0x08001e8b   Thumb Code   132  stm32f10x_tim.o(.text)
    TIM_OC2Init                              0x08001f0f   Thumb Code   154  stm32f10x_tim.o(.text)
    TIM_OC3Init                              0x08001fa9   Thumb Code   150  stm32f10x_tim.o(.text)
    TIM_OC4Init                              0x0800203f   Thumb Code   182  stm32f10x_tim.o(.text)
    TIM_SetIC4Prescaler                      0x080020f5   Thumb Code    26  stm32f10x_tim.o(.text)
    TIM_SetIC3Prescaler                      0x08002191   Thumb Code    18  stm32f10x_tim.o(.text)
    TIM_SetIC2Prescaler                      0x0800221d   Thumb Code    26  stm32f10x_tim.o(.text)
    TIM_SetIC1Prescaler                      0x080022b9   Thumb Code    18  stm32f10x_tim.o(.text)
    TIM_ICInit                               0x08002337   Thumb Code   150  stm32f10x_tim.o(.text)
    TIM_PWMIConfig                           0x080023cd   Thumb Code   124  stm32f10x_tim.o(.text)
    TIM_BDTRConfig                           0x08002449   Thumb Code    32  stm32f10x_tim.o(.text)
    TIM_TimeBaseStructInit                   0x08002469   Thumb Code    18  stm32f10x_tim.o(.text)
    TIM_OCStructInit                         0x0800247b   Thumb Code    20  stm32f10x_tim.o(.text)
    TIM_ICStructInit                         0x0800248f   Thumb Code    18  stm32f10x_tim.o(.text)
    TIM_BDTRStructInit                       0x080024a1   Thumb Code    40  stm32f10x_tim.o(.text)
    TIM_Cmd                                  0x080024c9   Thumb Code    24  stm32f10x_tim.o(.text)
    TIM_CtrlPWMOutputs                       0x080024e1   Thumb Code    30  stm32f10x_tim.o(.text)
    TIM_ITConfig                             0x080024ff   Thumb Code    18  stm32f10x_tim.o(.text)
    TIM_GenerateEvent                        0x08002511   Thumb Code     4  stm32f10x_tim.o(.text)
    TIM_DMAConfig                            0x08002515   Thumb Code    10  stm32f10x_tim.o(.text)
    TIM_DMACmd                               0x0800251f   Thumb Code    18  stm32f10x_tim.o(.text)
    TIM_InternalClockConfig                  0x08002531   Thumb Code    12  stm32f10x_tim.o(.text)
    TIM_SelectInputTrigger                   0x0800253d   Thumb Code    18  stm32f10x_tim.o(.text)
    TIM_ITRxExternalClockConfig              0x0800254f   Thumb Code    24  stm32f10x_tim.o(.text)
    TIM_TIxExternalClockConfig               0x08002567   Thumb Code    62  stm32f10x_tim.o(.text)
    TIM_ETRConfig                            0x080025a5   Thumb Code    28  stm32f10x_tim.o(.text)
    TIM_ETRClockMode1Config                  0x080025c1   Thumb Code    54  stm32f10x_tim.o(.text)
    TIM_ETRClockMode2Config                  0x080025f7   Thumb Code    32  stm32f10x_tim.o(.text)
    TIM_PrescalerConfig                      0x08002617   Thumb Code     6  stm32f10x_tim.o(.text)
    TIM_CounterModeConfig                    0x0800261d   Thumb Code    18  stm32f10x_tim.o(.text)
    TIM_EncoderInterfaceConfig               0x0800262f   Thumb Code    66  stm32f10x_tim.o(.text)
    TIM_ForcedOC1Config                      0x08002671   Thumb Code    18  stm32f10x_tim.o(.text)
    TIM_ForcedOC2Config                      0x08002683   Thumb Code    26  stm32f10x_tim.o(.text)
    TIM_ForcedOC3Config                      0x0800269d   Thumb Code    18  stm32f10x_tim.o(.text)
    TIM_ForcedOC4Config                      0x080026af   Thumb Code    26  stm32f10x_tim.o(.text)
    TIM_ARRPreloadConfig                     0x080026c9   Thumb Code    24  stm32f10x_tim.o(.text)
    TIM_SelectCOM                            0x080026e1   Thumb Code    24  stm32f10x_tim.o(.text)
    TIM_SelectCCDMA                          0x080026f9   Thumb Code    24  stm32f10x_tim.o(.text)
    TIM_CCPreloadControl                     0x08002711   Thumb Code    24  stm32f10x_tim.o(.text)
    TIM_OC1PreloadConfig                     0x08002729   Thumb Code    18  stm32f10x_tim.o(.text)
    TIM_OC2PreloadConfig                     0x0800273b   Thumb Code    26  stm32f10x_tim.o(.text)
    TIM_OC3PreloadConfig                     0x08002755   Thumb Code    18  stm32f10x_tim.o(.text)
    TIM_OC4PreloadConfig                     0x08002767   Thumb Code    26  stm32f10x_tim.o(.text)
    TIM_OC1FastConfig                        0x08002781   Thumb Code    18  stm32f10x_tim.o(.text)
    TIM_OC2FastConfig                        0x08002793   Thumb Code    26  stm32f10x_tim.o(.text)
    TIM_OC3FastConfig                        0x080027ad   Thumb Code    18  stm32f10x_tim.o(.text)
    TIM_OC4FastConfig                        0x080027bf   Thumb Code    26  stm32f10x_tim.o(.text)
    TIM_ClearOC1Ref                          0x080027d9   Thumb Code    18  stm32f10x_tim.o(.text)
    TIM_ClearOC2Ref                          0x080027eb   Thumb Code    24  stm32f10x_tim.o(.text)
    TIM_ClearOC3Ref                          0x08002803   Thumb Code    18  stm32f10x_tim.o(.text)
    TIM_ClearOC4Ref                          0x08002815   Thumb Code    24  stm32f10x_tim.o(.text)
    TIM_OC1PolarityConfig                    0x0800282d   Thumb Code    18  stm32f10x_tim.o(.text)
    TIM_OC1NPolarityConfig                   0x0800283f   Thumb Code    18  stm32f10x_tim.o(.text)
    TIM_OC2PolarityConfig                    0x08002851   Thumb Code    26  stm32f10x_tim.o(.text)
    TIM_OC2NPolarityConfig                   0x0800286b   Thumb Code    26  stm32f10x_tim.o(.text)
    TIM_OC3PolarityConfig                    0x08002885   Thumb Code    26  stm32f10x_tim.o(.text)
    TIM_OC3NPolarityConfig                   0x0800289f   Thumb Code    26  stm32f10x_tim.o(.text)
    TIM_OC4PolarityConfig                    0x080028b9   Thumb Code    26  stm32f10x_tim.o(.text)
    TIM_CCxCmd                               0x080028d3   Thumb Code    30  stm32f10x_tim.o(.text)
    TIM_CCxNCmd                              0x080028f1   Thumb Code    30  stm32f10x_tim.o(.text)
    TIM_SelectOCxM                           0x0800290f   Thumb Code    82  stm32f10x_tim.o(.text)
    TIM_UpdateDisableConfig                  0x08002961   Thumb Code    24  stm32f10x_tim.o(.text)
    TIM_UpdateRequestConfig                  0x08002979   Thumb Code    24  stm32f10x_tim.o(.text)
    TIM_SelectHallSensor                     0x08002991   Thumb Code    24  stm32f10x_tim.o(.text)
    TIM_SelectOnePulseMode                   0x080029a9   Thumb Code    18  stm32f10x_tim.o(.text)
    TIM_SelectOutputTrigger                  0x080029bb   Thumb Code    18  stm32f10x_tim.o(.text)
    TIM_SelectSlaveMode                      0x080029cd   Thumb Code    18  stm32f10x_tim.o(.text)
    TIM_SelectMasterSlaveMode                0x080029df   Thumb Code    18  stm32f10x_tim.o(.text)
    TIM_SetCounter                           0x080029f1   Thumb Code     4  stm32f10x_tim.o(.text)
    TIM_SetAutoreload                        0x080029f5   Thumb Code     4  stm32f10x_tim.o(.text)
    TIM_SetCompare1                          0x080029f9   Thumb Code     4  stm32f10x_tim.o(.text)
    TIM_SetCompare2                          0x080029fd   Thumb Code     4  stm32f10x_tim.o(.text)
    TIM_SetCompare3                          0x08002a01   Thumb Code     4  stm32f10x_tim.o(.text)
    TIM_SetCompare4                          0x08002a05   Thumb Code     6  stm32f10x_tim.o(.text)
    TIM_SetClockDivision                     0x08002a0b   Thumb Code    18  stm32f10x_tim.o(.text)
    TIM_GetCapture1                          0x08002a1d   Thumb Code     6  stm32f10x_tim.o(.text)
    TIM_GetCapture2                          0x08002a23   Thumb Code     6  stm32f10x_tim.o(.text)
    TIM_GetCapture3                          0x08002a29   Thumb Code     6  stm32f10x_tim.o(.text)
    TIM_GetCapture4                          0x08002a2f   Thumb Code     8  stm32f10x_tim.o(.text)
    TIM_GetCounter                           0x08002a37   Thumb Code     6  stm32f10x_tim.o(.text)
    TIM_GetPrescaler                         0x08002a3d   Thumb Code     6  stm32f10x_tim.o(.text)
    TIM_GetFlagStatus                        0x08002a43   Thumb Code    18  stm32f10x_tim.o(.text)
    TIM_ClearFlag                            0x08002a55   Thumb Code     6  stm32f10x_tim.o(.text)
    TIM_GetITStatus                          0x08002a5b   Thumb Code    34  stm32f10x_tim.o(.text)
    TIM_ClearITPendingBit                    0x08002a7d   Thumb Code     6  stm32f10x_tim.o(.text)
    usmart_sys_cmd_exe                       0x08002a85   Thumb Code  1554  usmart.o(.text)
    usmart_reset_runtime                     0x08003097   Thumb Code    38  usmart.o(.text)
    usmart_get_runtime                       0x080030bd   Thumb Code    60  usmart.o(.text)
    TIM4_IRQHandler                          0x080030f9   Thumb Code    46  usmart.o(.text)
    Timer4_Init                              0x08003127   Thumb Code    88  usmart.o(.text)
    usmart_init                              0x0800317f   Thumb Code    36  usmart.o(.text)
    usmart_cmd_rec                           0x080031a3   Thumb Code   170  usmart.o(.text)
    usmart_exe                               0x0800324d   Thumb Code   870  usmart.o(.text)
    usmart_scan                              0x080035b3   Thumb Code   120  usmart.o(.text)
    read_addr                                0x0800362b   Thumb Code     6  usmart.o(.text)
    write_addr                               0x08003631   Thumb Code     4  usmart.o(.text)
    usmart_strcmp                            0x080036bd   Thumb Code    34  usmart_str.o(.text)
    usmart_strcopy                           0x080036df   Thumb Code    22  usmart_str.o(.text)
    usmart_strlen                            0x080036f5   Thumb Code    24  usmart_str.o(.text)
    usmart_pow                               0x0800370d   Thumb Code    22  usmart_str.o(.text)
    usmart_str2num                           0x08003723   Thumb Code   202  usmart_str.o(.text)
    usmart_get_cmdname                       0x080037ed   Thumb Code    54  usmart_str.o(.text)
    usmart_search_nextc                      0x08003823   Thumb Code    22  usmart_str.o(.text)
    usmart_get_fname                         0x08003839   Thumb Code   440  usmart_str.o(.text)
    usmart_get_aparm                         0x080039f1   Thumb Code   200  usmart_str.o(.text)
    usmart_get_parmpos                       0x08003ab9   Thumb Code    26  usmart_str.o(.text)
    usmart_get_fparam                        0x08003ad3   Thumb Code   262  usmart_str.o(.text)
    __use_no_semihosting                     0x08003be5   Thumb Code     2  use_no_semi_2.o(.text)
    __2printf                                0x08003be9   Thumb Code    20  noretval__2printf.o(.text)
    _printf_pre_padding                      0x08003c01   Thumb Code    44  _printf_pad.o(.text)
    _printf_post_padding                     0x08003c2d   Thumb Code    34  _printf_pad.o(.text)
    _printf_str                              0x08003c4f   Thumb Code    82  _printf_str.o(.text)
    _printf_int_dec                          0x08003ca1   Thumb Code   104  _printf_dec.o(.text)
    _printf_int_hex                          0x08003d19   Thumb Code    84  _printf_hex_int.o(.text)
    _printf_longlong_hex                     0x08003d19   Thumb Code     0  _printf_hex_int.o(.text)
    __printf                                 0x08003d71   Thumb Code   388  __printf_flags_ss_wp.o(.text)
    __use_two_region_memory                  0x08003ef9   Thumb Code     2  heapauxi.o(.text)
    __rt_heap_escrow$2region                 0x08003efb   Thumb Code     2  heapauxi.o(.text)
    __rt_heap_expand$2region                 0x08003efd   Thumb Code     2  heapauxi.o(.text)
    __I$use$semihosting                      0x08003eff   Thumb Code     0  use_no_semi.o(.text)
    __use_no_semihosting_swi                 0x08003eff   Thumb Code     2  use_no_semi.o(.text)
    _printf_int_common                       0x08003f01   Thumb Code   178  _printf_intcommon.o(.text)
    _printf_cs_common                        0x08003fb3   Thumb Code    20  _printf_char.o(.text)
    _printf_char                             0x08003fc7   Thumb Code    16  _printf_char.o(.text)
    _printf_string                           0x08003fd7   Thumb Code     8  _printf_char.o(.text)
    _printf_char_file                        0x08003fe1   Thumb Code    32  _printf_char_file.o(.text)
    _printf_char_common                      0x0800400f   Thumb Code    32  _printf_char_common.o(.text)
    ferror                                   0x08004035   Thumb Code     8  ferror.o(.text)
    __user_setup_stackheap                   0x0800403d   Thumb Code    74  sys_stackheap_outer.o(.text)
    exit                                     0x08004087   Thumb Code    18  exit.o(.text)
    __user_libspace                          0x08004099   Thumb Code     8  libspace.o(.text)
    __user_perproc_libspace                  0x08004099   Thumb Code     0  libspace.o(.text)
    __user_perthread_libspace                0x08004099   Thumb Code     0  libspace.o(.text)
    _is_digit                                0x080040a1   Thumb Code    14  __printf_wp.o(i._is_digit)
    floor                                    0x080040b1   Thumb Code   204  floor.o(i.floor)
    __aeabi_d2f                              0x0800418d   Thumb Code     0  d2f.o(x$fpl$d2f)
    _d2f                                     0x0800418d   Thumb Code    98  d2f.o(x$fpl$d2f)
    __aeabi_dadd                             0x080041f1   Thumb Code     0  daddsub_clz.o(x$fpl$dadd)
    _dadd                                    0x080041f1   Thumb Code   332  daddsub_clz.o(x$fpl$dadd)
    __fpl_dcmp_Inf                           0x08004341   Thumb Code    24  dcmpi.o(x$fpl$dcmpinf)
    __aeabi_ddiv                             0x08004359   Thumb Code     0  ddiv.o(x$fpl$ddiv)
    _ddiv                                    0x08004359   Thumb Code   552  ddiv.o(x$fpl$ddiv)
    __aeabi_d2uiz                            0x08004609   Thumb Code     0  dfixu.o(x$fpl$dfixu)
    _dfixu                                   0x08004609   Thumb Code    90  dfixu.o(x$fpl$dfixu)
    __aeabi_i2d                              0x08004663   Thumb Code     0  dflt_clz.o(x$fpl$dflt)
    _dflt                                    0x08004663   Thumb Code    46  dflt_clz.o(x$fpl$dflt)
    __aeabi_ui2d                             0x08004691   Thumb Code     0  dflt_clz.o(x$fpl$dfltu)
    _dfltu                                   0x08004691   Thumb Code    38  dflt_clz.o(x$fpl$dfltu)
    __aeabi_cdcmple                          0x080046b9   Thumb Code     0  dleqf.o(x$fpl$dleqf)
    _dcmple                                  0x080046b9   Thumb Code   120  dleqf.o(x$fpl$dleqf)
    __fpl_dcmple_InfNaN                      0x0800471b   Thumb Code     0  dleqf.o(x$fpl$dleqf)
    __aeabi_dmul                             0x08004731   Thumb Code     0  dmul.o(x$fpl$dmul)
    _dmul                                    0x08004731   Thumb Code   332  dmul.o(x$fpl$dmul)
    __fpl_dnaninf                            0x08004885   Thumb Code   156  dnaninf.o(x$fpl$dnaninf)
    __fpl_dretinf                            0x08004921   Thumb Code    12  dretinf.o(x$fpl$dretinf)
    __aeabi_cdrcmple                         0x0800492d   Thumb Code     0  drleqf.o(x$fpl$drleqf)
    _drcmple                                 0x0800492d   Thumb Code   108  drleqf.o(x$fpl$drleqf)
    __aeabi_drsub                            0x08004999   Thumb Code     0  daddsub_clz.o(x$fpl$drsb)
    _drsb                                    0x08004999   Thumb Code    22  daddsub_clz.o(x$fpl$drsb)
    __aeabi_dsub                             0x080049b1   Thumb Code     0  daddsub_clz.o(x$fpl$dsub)
    _dsub                                    0x080049b1   Thumb Code   464  daddsub_clz.o(x$fpl$dsub)
    __aeabi_f2d                              0x08004b85   Thumb Code     0  f2d.o(x$fpl$f2d)
    _f2d                                     0x08004b85   Thumb Code    86  f2d.o(x$fpl$f2d)
    __fpl_fnaninf                            0x08004bdb   Thumb Code   140  fnaninf.o(x$fpl$fnaninf)
    __fpl_fretinf                            0x08004c67   Thumb Code    10  fretinf.o(x$fpl$fretinf)
    __I$use$fp                               0x08004c70   Number         0  usenofp.o(x$fpl$usenofp)
    Region$$Table$$Base                      0x08004da0   Number         0  anon$$obj.o(Region$$Table)
    Region$$Table$$Limit                     0x08004dc0   Number         0  anon$$obj.o(Region$$Table)
    SystemCoreClock                          0x20000000   Data           4  system_stm32f10x.o(.data)
    AHBPrescTable                            0x20000004   Data          16  system_stm32f10x.o(.data)
    __stdout                                 0x2000001c   Data           4  usart.o(.data)
    USART_RX_STA                             0x20000020   Data           2  usart.o(.data)
    sys_cmd_tab                              0x20000038   Data          28  usmart.o(.data)
    usmart_nametab                           0x20000054   Data          48  usmart_config.o(.data)
    usmart_dev                               0x20000084   Data         244  usmart_config.o(.data)
    USART_RX_BUF                             0x20000178   Data         200  usart.o(.bss)
    __libspace_start                         0x20000240   Data          96  libspace.o(.bss)
    __temporary_stack_top$libspace           0x200002a0   Data           0  libspace.o(.bss)



==============================================================================

Memory Map of the image

  Image Entry point : 0x08000131

  Load Region LR_IROM1 (Base: 0x08000000, Size: 0x00004f38, Max: 0x00080000, ABSOLUTE, COMPRESSED[0x00004e30])

    Execution Region ER_IROM1 (Exec base: 0x08000000, Load base: 0x08000000, Size: 0x00004dc0, Max: 0x00080000, ABSOLUTE)

    Exec Addr    Load Addr    Size         Type   Attr      Idx    E Section Name        Object

    0x08000000   0x08000000   0x00000130   Data   RO          468    RESET               startup_stm32f10x_hd.o
    0x08000130   0x08000130   0x00000008   Code   RO          671  * !!!main             c_w.l(__main.o)
    0x08000138   0x08000138   0x00000034   Code   RO          888    !!!scatter          c_w.l(__scatter.o)
    0x0800016c   0x0800016c   0x0000005a   Code   RO          886    !!dczerorl2         c_w.l(__dczerorl2.o)
    0x080001c6   0x080001c6   0x00000002   PAD
    0x080001c8   0x080001c8   0x0000001c   Code   RO          890    !!handler_zi        c_w.l(__scatter_zi.o)
    0x080001e4   0x080001e4   0x00000000   Code   RO          668    .ARM.Collect$$_printf_percent$$00000000  c_w.l(_printf_percent.o)
    0x080001e4   0x080001e4   0x00000006   Code   RO          666    .ARM.Collect$$_printf_percent$$00000009  c_w.l(_printf_d.o)
    0x080001ea   0x080001ea   0x00000006   Code   RO          667    .ARM.Collect$$_printf_percent$$0000000A  c_w.l(_printf_u.o)
    0x080001f0   0x080001f0   0x00000006   Code   RO          665    .ARM.Collect$$_printf_percent$$0000000C  c_w.l(_printf_x.o)
    0x080001f6   0x080001f6   0x00000006   Code   RO          663    .ARM.Collect$$_printf_percent$$00000013  c_w.l(_printf_c.o)
    0x080001fc   0x080001fc   0x00000006   Code   RO          664    .ARM.Collect$$_printf_percent$$00000014  c_w.l(_printf_s.o)
    0x08000202   0x08000202   0x00000004   Code   RO          712    .ARM.Collect$$_printf_percent$$00000017  c_w.l(_printf_percent_end.o)
    0x08000206   0x08000206   0x00000002   Code   RO          758    .ARM.Collect$$libinit$$00000000  c_w.l(libinit.o)
    0x08000208   0x08000208   0x00000000   Code   RO          767    .ARM.Collect$$libinit$$00000002  c_w.l(libinit2.o)
    0x08000208   0x08000208   0x00000000   Code   RO          769    .ARM.Collect$$libinit$$00000004  c_w.l(libinit2.o)
    0x08000208   0x08000208   0x00000000   Code   RO          772    .ARM.Collect$$libinit$$0000000A  c_w.l(libinit2.o)
    0x08000208   0x08000208   0x00000000   Code   RO          774    .ARM.Collect$$libinit$$0000000C  c_w.l(libinit2.o)
    0x08000208   0x08000208   0x00000000   Code   RO          776    .ARM.Collect$$libinit$$0000000E  c_w.l(libinit2.o)
    0x08000208   0x08000208   0x00000000   Code   RO          779    .ARM.Collect$$libinit$$00000011  c_w.l(libinit2.o)
    0x08000208   0x08000208   0x00000000   Code   RO          781    .ARM.Collect$$libinit$$00000013  c_w.l(libinit2.o)
    0x08000208   0x08000208   0x00000000   Code   RO          783    .ARM.Collect$$libinit$$00000015  c_w.l(libinit2.o)
    0x08000208   0x08000208   0x00000000   Code   RO          785    .ARM.Collect$$libinit$$00000017  c_w.l(libinit2.o)
    0x08000208   0x08000208   0x00000000   Code   RO          787    .ARM.Collect$$libinit$$00000019  c_w.l(libinit2.o)
    0x08000208   0x08000208   0x00000000   Code   RO          789    .ARM.Collect$$libinit$$0000001B  c_w.l(libinit2.o)
    0x08000208   0x08000208   0x00000000   Code   RO          791    .ARM.Collect$$libinit$$0000001D  c_w.l(libinit2.o)
    0x08000208   0x08000208   0x00000000   Code   RO          793    .ARM.Collect$$libinit$$0000001F  c_w.l(libinit2.o)
    0x08000208   0x08000208   0x00000000   Code   RO          795    .ARM.Collect$$libinit$$00000021  c_w.l(libinit2.o)
    0x08000208   0x08000208   0x00000000   Code   RO          797    .ARM.Collect$$libinit$$00000023  c_w.l(libinit2.o)
    0x08000208   0x08000208   0x00000000   Code   RO          799    .ARM.Collect$$libinit$$00000025  c_w.l(libinit2.o)
    0x08000208   0x08000208   0x00000000   Code   RO          803    .ARM.Collect$$libinit$$0000002C  c_w.l(libinit2.o)
    0x08000208   0x08000208   0x00000000   Code   RO          805    .ARM.Collect$$libinit$$0000002E  c_w.l(libinit2.o)
    0x08000208   0x08000208   0x00000000   Code   RO          807    .ARM.Collect$$libinit$$00000030  c_w.l(libinit2.o)
    0x08000208   0x08000208   0x00000000   Code   RO          809    .ARM.Collect$$libinit$$00000032  c_w.l(libinit2.o)
    0x08000208   0x08000208   0x00000002   Code   RO          810    .ARM.Collect$$libinit$$00000033  c_w.l(libinit2.o)
    0x0800020a   0x0800020a   0x00000002   Code   RO          828    .ARM.Collect$$libshutdown$$00000000  c_w.l(libshutdown.o)
    0x0800020c   0x0800020c   0x00000000   Code   RO          838    .ARM.Collect$$libshutdown$$00000002  c_w.l(libshutdown2.o)
    0x0800020c   0x0800020c   0x00000000   Code   RO          840    .ARM.Collect$$libshutdown$$00000004  c_w.l(libshutdown2.o)
    0x0800020c   0x0800020c   0x00000000   Code   RO          843    .ARM.Collect$$libshutdown$$00000007  c_w.l(libshutdown2.o)
    0x0800020c   0x0800020c   0x00000000   Code   RO          846    .ARM.Collect$$libshutdown$$0000000A  c_w.l(libshutdown2.o)
    0x0800020c   0x0800020c   0x00000000   Code   RO          848    .ARM.Collect$$libshutdown$$0000000C  c_w.l(libshutdown2.o)
    0x0800020c   0x0800020c   0x00000000   Code   RO          851    .ARM.Collect$$libshutdown$$0000000F  c_w.l(libshutdown2.o)
    0x0800020c   0x0800020c   0x00000002   Code   RO          852    .ARM.Collect$$libshutdown$$00000010  c_w.l(libshutdown2.o)
    0x0800020e   0x0800020e   0x00000000   Code   RO          705    .ARM.Collect$$rtentry$$00000000  c_w.l(__rtentry.o)
    0x0800020e   0x0800020e   0x00000000   Code   RO          725    .ARM.Collect$$rtentry$$00000002  c_w.l(__rtentry2.o)
    0x0800020e   0x0800020e   0x00000006   Code   RO          737    .ARM.Collect$$rtentry$$00000004  c_w.l(__rtentry4.o)
    0x08000214   0x08000214   0x00000000   Code   RO          727    .ARM.Collect$$rtentry$$00000009  c_w.l(__rtentry2.o)
    0x08000214   0x08000214   0x00000004   Code   RO          728    .ARM.Collect$$rtentry$$0000000A  c_w.l(__rtentry2.o)
    0x08000218   0x08000218   0x00000000   Code   RO          730    .ARM.Collect$$rtentry$$0000000C  c_w.l(__rtentry2.o)
    0x08000218   0x08000218   0x00000008   Code   RO          731    .ARM.Collect$$rtentry$$0000000D  c_w.l(__rtentry2.o)
    0x08000220   0x08000220   0x00000002   Code   RO          764    .ARM.Collect$$rtexit$$00000000  c_w.l(rtexit.o)
    0x08000222   0x08000222   0x00000000   Code   RO          812    .ARM.Collect$$rtexit$$00000002  c_w.l(rtexit2.o)
    0x08000222   0x08000222   0x00000004   Code   RO          813    .ARM.Collect$$rtexit$$00000003  c_w.l(rtexit2.o)
    0x08000226   0x08000226   0x00000006   Code   RO          814    .ARM.Collect$$rtexit$$00000004  c_w.l(rtexit2.o)
    0x0800022c   0x0800022c   0x000000dc   Code   RO            1    .text               main.o
    0x08000308   0x08000308   0x0000001a   Code   RO          147    .text               stm32f10x_it.o
    0x08000322   0x08000322   0x00000002   PAD
    0x08000324   0x08000324   0x000001e0   Code   RO          245    .text               system_stm32f10x.o
    0x08000504   0x08000504   0x0000004c   Code   RO          263    .text               led.o
    0x08000550   0x08000550   0x000000fc   Code   RO          307    .text               key.o
    0x0800064c   0x0800064c   0x0000026c   Code   RO          353    .text               myiic.o
    0x080008b8   0x080008b8   0x0000017a   Code   RO          368    .text               24cxx.o
    0x08000a32   0x08000a32   0x00000002   PAD
    0x08000a34   0x08000a34   0x000003fc   Code   RO          383    .text               pca9685.o
    0x08000e30   0x08000e30   0x000000d4   Code   RO          402    .text               delay.o
    0x08000f04   0x08000f04   0x00000140   Code   RO          433    .text               usart.o
    0x08001044   0x08001044   0x00000040   Code   RO          469    .text               startup_stm32f10x_hd.o
    0x08001084   0x08001084   0x000000dc   Code   RO          473    .text               misc.o
    0x08001160   0x08001160   0x0000035c   Code   RO          497    .text               stm32f10x_gpio.o
    0x080014bc   0x080014bc   0x000003a4   Code   RO          509    .text               stm32f10x_rcc.o
    0x08001860   0x08001860   0x00000408   Code   RO          523    .text               stm32f10x_usart.o
    0x08001c68   0x08001c68   0x00000e1a   Code   RO          535    .text               stm32f10x_tim.o
    0x08002a82   0x08002a82   0x00000002   PAD
    0x08002a84   0x08002a84   0x00000c38   Code   RO          547    .text               usmart.o
    0x080036bc   0x080036bc   0x00000528   Code   RO          594    .text               usmart_str.o
    0x08003be4   0x08003be4   0x00000002   Code   RO          608    .text               c_w.l(use_no_semi_2.o)
    0x08003be6   0x08003be6   0x00000002   PAD
    0x08003be8   0x08003be8   0x00000018   Code   RO          612    .text               c_w.l(noretval__2printf.o)
    0x08003c00   0x08003c00   0x0000004e   Code   RO          616    .text               c_w.l(_printf_pad.o)
    0x08003c4e   0x08003c4e   0x00000052   Code   RO          618    .text               c_w.l(_printf_str.o)
    0x08003ca0   0x08003ca0   0x00000078   Code   RO          620    .text               c_w.l(_printf_dec.o)
    0x08003d18   0x08003d18   0x00000058   Code   RO          625    .text               c_w.l(_printf_hex_int.o)
    0x08003d70   0x08003d70   0x00000188   Code   RO          660    .text               c_w.l(__printf_flags_ss_wp.o)
    0x08003ef8   0x08003ef8   0x00000006   Code   RO          669    .text               c_w.l(heapauxi.o)
    0x08003efe   0x08003efe   0x00000002   Code   RO          703    .text               c_w.l(use_no_semi.o)
    0x08003f00   0x08003f00   0x000000b2   Code   RO          706    .text               c_w.l(_printf_intcommon.o)
    0x08003fb2   0x08003fb2   0x0000002c   Code   RO          708    .text               c_w.l(_printf_char.o)
    0x08003fde   0x08003fde   0x00000002   PAD
    0x08003fe0   0x08003fe0   0x00000024   Code   RO          710    .text               c_w.l(_printf_char_file.o)
    0x08004004   0x08004004   0x00000030   Code   RO          739    .text               c_w.l(_printf_char_common.o)
    0x08004034   0x08004034   0x00000008   Code   RO          741    .text               c_w.l(ferror.o)
    0x0800403c   0x0800403c   0x0000004a   Code   RO          747    .text               c_w.l(sys_stackheap_outer.o)
    0x08004086   0x08004086   0x00000012   Code   RO          751    .text               c_w.l(exit.o)
    0x08004098   0x08004098   0x00000008   Code   RO          761    .text               c_w.l(libspace.o)
    0x080040a0   0x080040a0   0x0000000e   Code   RO          653    i._is_digit         c_w.l(__printf_wp.o)
    0x080040ae   0x080040ae   0x00000002   PAD
    0x080040b0   0x080040b0   0x000000dc   Code   RO          700    i.floor             m_ws.l(floor.o)
    0x0800418c   0x0800418c   0x00000062   Code   RO          673    x$fpl$d2f           fz_ws.l(d2f.o)
    0x080041ee   0x080041ee   0x00000002   PAD
    0x080041f0   0x080041f0   0x00000150   Code   RO          675    x$fpl$dadd          fz_ws.l(daddsub_clz.o)
    0x08004340   0x08004340   0x00000018   Code   RO          759    x$fpl$dcmpinf       fz_ws.l(dcmpi.o)
    0x08004358   0x08004358   0x000002b0   Code   RO          682    x$fpl$ddiv          fz_ws.l(ddiv.o)
    0x08004608   0x08004608   0x0000005a   Code   RO          685    x$fpl$dfixu         fz_ws.l(dfixu.o)
    0x08004662   0x08004662   0x0000002e   Code   RO          690    x$fpl$dflt          fz_ws.l(dflt_clz.o)
    0x08004690   0x08004690   0x00000026   Code   RO          689    x$fpl$dfltu         fz_ws.l(dflt_clz.o)
    0x080046b6   0x080046b6   0x00000002   PAD
    0x080046b8   0x080046b8   0x00000078   Code   RO          745    x$fpl$dleqf         fz_ws.l(dleqf.o)
    0x08004730   0x08004730   0x00000154   Code   RO          695    x$fpl$dmul          fz_ws.l(dmul.o)
    0x08004884   0x08004884   0x0000009c   Code   RO          713    x$fpl$dnaninf       fz_ws.l(dnaninf.o)
    0x08004920   0x08004920   0x0000000c   Code   RO          715    x$fpl$dretinf       fz_ws.l(dretinf.o)
    0x0800492c   0x0800492c   0x0000006c   Code   RO          717    x$fpl$drleqf        fz_ws.l(drleqf.o)
    0x08004998   0x08004998   0x00000016   Code   RO          676    x$fpl$drsb          fz_ws.l(daddsub_clz.o)
    0x080049ae   0x080049ae   0x00000002   PAD
    0x080049b0   0x080049b0   0x000001d4   Code   RO          677    x$fpl$dsub          fz_ws.l(daddsub_clz.o)
    0x08004b84   0x08004b84   0x00000056   Code   RO          697    x$fpl$f2d           fz_ws.l(f2d.o)
    0x08004bda   0x08004bda   0x0000008c   Code   RO          719    x$fpl$fnaninf       fz_ws.l(fnaninf.o)
    0x08004c66   0x08004c66   0x0000000a   Code   RO          721    x$fpl$fretinf       fz_ws.l(fretinf.o)
    0x08004c70   0x08004c70   0x00000000   Code   RO          723    x$fpl$usenofp       fz_ws.l(usenofp.o)
    0x08004c70   0x08004c70   0x00000028   Data   RO          626    .constdata          c_w.l(_printf_hex_int.o)
    0x08004c98   0x08004c98   0x00000011   Data   RO          661    .constdata          c_w.l(__printf_flags_ss_wp.o)
    0x08004ca9   0x08004ca9   0x00000003   PAD
    0x08004cac   0x08004cac   0x00000028   Data   RO          548    .conststring        usmart.o
    0x08004cd4   0x08004cd4   0x000000cb   Data   RO          574    .conststring        usmart_config.o
    0x08004d9f   0x08004d9f   0x00000001   PAD
    0x08004da0   0x08004da0   0x00000020   Data   RO          884    Region$$Table       anon$$obj.o


    Execution Region RW_IRAM1 (Exec base: 0x20000000, Load base: 0x08004dc0, Size: 0x000008a0, Max: 0x00010000, ABSOLUTE, COMPRESSED[0x00000070])

    Exec Addr    Load Addr    Size         Type   Attr      Idx    E Section Name        Object

    0x20000000   COMPRESSED   0x00000014   Data   RW          246    .data               system_stm32f10x.o
    0x20000014   COMPRESSED   0x00000001   Data   RW          308    .data               key.o
    0x20000015   COMPRESSED   0x00000001   PAD
    0x20000016   COMPRESSED   0x00000004   Data   RW          403    .data               delay.o
    0x2000001a   COMPRESSED   0x00000002   PAD
    0x2000001c   COMPRESSED   0x00000006   Data   RW          435    .data               usart.o
    0x20000022   COMPRESSED   0x00000014   Data   RW          510    .data               stm32f10x_rcc.o
    0x20000036   COMPRESSED   0x00000002   PAD
    0x20000038   COMPRESSED   0x0000001c   Data   RW          549    .data               usmart.o
    0x20000054   COMPRESSED   0x00000124   Data   RW          575    .data               usmart_config.o
    0x20000178        -       0x000000c8   Zero   RW          434    .bss                usart.o
    0x20000240        -       0x00000060   Zero   RW          762    .bss                c_w.l(libspace.o)
    0x200002a0        -       0x00000200   Zero   RW          467    HEAP                startup_stm32f10x_hd.o
    0x200004a0        -       0x00000400   Zero   RW          466    STACK               startup_stm32f10x_hd.o


==============================================================================

Image component sizes


      Code (inc. data)   RO Data    RW Data    ZI Data      Debug   Object Name

       378          0          0          0          0       2766   24cxx.o
       212         18          0          4          0       1007   delay.o
       252         12          0          1          0        824   key.o
        76          8          0          0          0     205215   led.o
       220          4          0          0          0     208243   main.o
       220         22          0          0          0       1761   misc.o
       620         14          0          0          0       1864   myiic.o
      1020         50          0          0          0       2277   pca9685.o
        64         26        304          0       1536        784   startup_stm32f10x_hd.o
       860         38          0          0          0       5697   stm32f10x_gpio.o
        26          0          0          0          0      44594   stm32f10x_it.o
       932         36          0         20          0       8860   stm32f10x_rcc.o
      3610         88          0          0          0      22804   stm32f10x_tim.o
      1032         22          0          0          0       8420   stm32f10x_usart.o
         0          0          0          0          0         32   sys.o
       480         38          0         20          0       1683   system_stm32f10x.o
       320         16          0          6        200       3118   usart.o
      3128       1288         40         28          0       4318   usmart.o
         0          0        203        292          0       1576   usmart_config.o
      1320         12          0          0          0       5193   usmart_str.o

    ----------------------------------------------------------------------
     14776       1692        580        376       1736     531036   Object Totals
         0          0         32          0          0          0   (incl. Generated)
         6          0          1          5          0          0   (incl. Padding)

    ----------------------------------------------------------------------

      Code (inc. data)   RO Data    RW Data    ZI Data      Debug   Library Member Name

        90          0          0          0          0          0   __dczerorl2.o
         8          0          0          0          0         68   __main.o
       392          4         17          0          0         92   __printf_flags_ss_wp.o
        14          0          0          0          0         68   __printf_wp.o
         0          0          0          0          0          0   __rtentry.o
        12          0          0          0          0          0   __rtentry2.o
         6          0          0          0          0          0   __rtentry4.o
        52          8          0          0          0          0   __scatter.o
        28          0          0          0          0          0   __scatter_zi.o
         6          0          0          0          0          0   _printf_c.o
        44          0          0          0          0        108   _printf_char.o
        48          6          0          0          0         96   _printf_char_common.o
        36          4          0          0          0         80   _printf_char_file.o
         6          0          0          0          0          0   _printf_d.o
       120         16          0          0          0         92   _printf_dec.o
        88          4         40          0          0         88   _printf_hex_int.o
       178          0          0          0          0         88   _printf_intcommon.o
        78          0          0          0          0        108   _printf_pad.o
         0          0          0          0          0          0   _printf_percent.o
         4          0          0          0          0          0   _printf_percent_end.o
         6          0          0          0          0          0   _printf_s.o
        82          0          0          0          0         80   _printf_str.o
         6          0          0          0          0          0   _printf_u.o
         6          0          0          0          0          0   _printf_x.o
        18          0          0          0          0         80   exit.o
         8          0          0          0          0         68   ferror.o
         6          0          0          0          0        152   heapauxi.o
         2          0          0          0          0          0   libinit.o
         2          0          0          0          0          0   libinit2.o
         2          0          0          0          0          0   libshutdown.o
         2          0          0          0          0          0   libshutdown2.o
         8          4          0          0         96         68   libspace.o
        24          4          0          0          0         84   noretval__2printf.o
         2          0          0          0          0          0   rtexit.o
        10          0          0          0          0          0   rtexit2.o
        74          0          0          0          0         80   sys_stackheap_outer.o
         2          0          0          0          0         68   use_no_semi.o
         2          0          0          0          0         68   use_no_semi_2.o
        98          4          0          0          0         92   d2f.o
       826         16          0          0          0        348   daddsub_clz.o
        24          0          0          0          0         68   dcmpi.o
       688        140          0          0          0        208   ddiv.o
        90          4          0          0          0         92   dfixu.o
        84          0          0          0          0        136   dflt_clz.o
       120          4          0          0          0         92   dleqf.o
       340         12          0          0          0        104   dmul.o
       156          4          0          0          0         92   dnaninf.o
        12          0          0          0          0         68   dretinf.o
       108          0          0          0          0         80   drleqf.o
        86          4          0          0          0         84   f2d.o
       140          4          0          0          0         84   fnaninf.o
        10          0          0          0          0         68   fretinf.o
         0          0          0          0          0          0   usenofp.o
       220         16          0          0          0         84   floor.o

    ----------------------------------------------------------------------
      4488        258         60          0         96       3336   Library Totals
        14          0          3          0          0          0   (incl. Padding)

    ----------------------------------------------------------------------

      Code (inc. data)   RO Data    RW Data    ZI Data      Debug   Library Name

      1472         50         57          0         96       1636   c_w.l
      2782        192          0          0          0       1616   fz_ws.l
       220         16          0          0          0         84   m_ws.l

    ----------------------------------------------------------------------
      4488        258         60          0         96       3336   Library Totals

    ----------------------------------------------------------------------

==============================================================================


      Code (inc. data)   RO Data    RW Data    ZI Data      Debug   

     19264       1950        640        376       1832     531300   Grand Totals
     19264       1950        640        112       1832     531300   ELF Image Totals (compressed)
     19264       1950        640        112          0          0   ROM Totals

==============================================================================

    Total RO  Size (Code + RO Data)                19904 (  19.44kB)
    Total RW  Size (RW Data + ZI Data)              2208 (   2.16kB)
    Total ROM Size (Code + RO Data + RW Data)      20016 (  19.55kB)

==============================================================================

