Component: ARM Compiler 5.06 update 7 (build 960) Tool: armlink [4d3601]

==============================================================================

Section Cross References

    startup_stm32f407xx.o(RESET) refers to startup_stm32f407xx.o(STACK) for __initial_sp
    startup_stm32f407xx.o(RESET) refers to startup_stm32f407xx.o(.text) for Reset_Handler
    startup_stm32f407xx.o(RESET) refers to stm32f4xx_it.o(i.NMI_Handler) for NMI_Handler
    startup_stm32f407xx.o(RESET) refers to context_rvds.o(.text) for HardFault_Handler
    startup_stm32f407xx.o(RESET) refers to stm32f4xx_it.o(i.MemManage_Handler) for MemManage_Handler
    startup_stm32f407xx.o(RESET) refers to stm32f4xx_it.o(i.BusFault_Handler) for BusFault_Handler
    startup_stm32f407xx.o(RESET) refers to stm32f4xx_it.o(i.UsageFault_Handler) for UsageFault_Handler
    startup_stm32f407xx.o(RESET) refers to stm32f4xx_it.o(i.DebugMon_Handler) for DebugMon_Handler
    startup_stm32f407xx.o(RESET) refers to board.o(i.SysTick_Handler) for SysTick_Handler
    startup_stm32f407xx.o(RESET) refers to stm32f4xx_it.o(i.USART2_IRQHandler) for USART2_IRQHandler
    startup_stm32f407xx.o(.text) refers to system_stm32f4xx.o(i.SystemInit) for SystemInit
    startup_stm32f407xx.o(.text) refers to entry.o(.ARM.Collect$$$$00000000) for __main
    myoled.o(i.oled_entry) refers to oled_1.o(i.i2c_handle_set) for i2c_handle_set
    myoled.o(i.oled_entry) refers to oled_1.o(i.OLED_Init) for OLED_Init
    myoled.o(i.oled_entry) refers to oled_1.o(i.OLED_Clear) for OLED_Clear
    myoled.o(i.oled_entry) refers to oled_1.o(i.OLED_ShowString) for OLED_ShowString
    myoled.o(i.oled_entry) refers to oled_1.o(i.OLED_ShowCHinese) for OLED_ShowCHinese
    myoled.o(i.oled_entry) refers to thread.o(i.rt_thread_mdelay) for rt_thread_mdelay
    myoled.o(i.oled_entry) refers to kservice.o(i.rt_kprintf) for rt_kprintf
    myoled.o(i.oled_entry2) refers to oled_1.o(i.i2c_handle_set) for i2c_handle_set
    myoled.o(i.oled_entry2) refers to oled_1.o(i.OLED_Init) for OLED_Init
    myoled.o(i.oled_entry2) refers to oled_1.o(i.OLED_Clear) for OLED_Clear
    myoled.o(i.oled_entry2) refers to oled_1.o(i.OLED_ShowString) for OLED_ShowString
    mymotor.o(i.motor_entry) refers to motor.o(i.motor_enable) for motor_enable
    mymotor.o(i.motor_entry) refers to thread.o(i.rt_thread_mdelay) for rt_thread_mdelay
    mymotor.o(i.motor_entry) refers to motor.o(i.motor_cmd) for motor_cmd
    mymotor.o(i.motor_entry) refers to motor.o(i.motor_stop) for motor_stop
    mypca.o(i.pca_entry) refers to pca9685_1.o(i.pca_i2c_set) for pca_i2c_set
    main.o(i.Error_Handler) refers to kservice.o(i.rt_kprintf) for rt_kprintf
    main.o(i.HAL_UART_RxCpltCallback) refers to stm32f4xx_hal_uart.o(i.HAL_UART_Transmit) for HAL_UART_Transmit
    main.o(i.HAL_UART_RxCpltCallback) refers to main.o(i.k210_data_get) for k210_data_get
    main.o(i.HAL_UART_RxCpltCallback) refers to kservice.o(i.rt_kprintf) for rt_kprintf
    main.o(i.HAL_UART_RxCpltCallback) refers to stm32f4xx_hal_uart.o(i.HAL_UART_Receive_IT) for HAL_UART_Receive_IT
    main.o(i.HAL_UART_RxCpltCallback) refers to main.o(.data) for .data
    main.o(i.HAL_UART_RxCpltCallback) refers to main.o(.bss) for .bss
    main.o(i.MX_I2C3_Init) refers to stm32f4xx_hal_i2c.o(i.HAL_I2C_Init) for HAL_I2C_Init
    main.o(i.MX_I2C3_Init) refers to main.o(i.Error_Handler) for Error_Handler
    main.o(i.MX_I2C3_Init) refers to main.o(.bss) for .bss
    main.o(i.MX_TIM3_Init) refers to memseta.o(.text) for __aeabi_memclr4
    main.o(i.MX_TIM3_Init) refers to stm32f4xx_hal_tim.o(i.HAL_TIM_PWM_Init) for HAL_TIM_PWM_Init
    main.o(i.MX_TIM3_Init) refers to stm32f4xx_hal_tim_ex.o(i.HAL_TIMEx_MasterConfigSynchronization) for HAL_TIMEx_MasterConfigSynchronization
    main.o(i.MX_TIM3_Init) refers to stm32f4xx_hal_tim.o(i.HAL_TIM_PWM_ConfigChannel) for HAL_TIM_PWM_ConfigChannel
    main.o(i.MX_TIM3_Init) refers to main.o(i.Error_Handler) for Error_Handler
    main.o(i.MX_TIM3_Init) refers to stm32f4xx_hal_msp.o(i.HAL_TIM_MspPostInit) for HAL_TIM_MspPostInit
    main.o(i.MX_TIM3_Init) refers to main.o(.bss) for .bss
    main.o(i.MX_TIM4_Init) refers to memseta.o(.text) for __aeabi_memclr4
    main.o(i.MX_TIM4_Init) refers to stm32f4xx_hal_tim.o(i.HAL_TIM_PWM_Init) for HAL_TIM_PWM_Init
    main.o(i.MX_TIM4_Init) refers to stm32f4xx_hal_tim_ex.o(i.HAL_TIMEx_MasterConfigSynchronization) for HAL_TIMEx_MasterConfigSynchronization
    main.o(i.MX_TIM4_Init) refers to stm32f4xx_hal_tim.o(i.HAL_TIM_PWM_ConfigChannel) for HAL_TIM_PWM_ConfigChannel
    main.o(i.MX_TIM4_Init) refers to main.o(i.Error_Handler) for Error_Handler
    main.o(i.MX_TIM4_Init) refers to stm32f4xx_hal_msp.o(i.HAL_TIM_MspPostInit) for HAL_TIM_MspPostInit
    main.o(i.MX_TIM4_Init) refers to main.o(.bss) for .bss
    main.o(i.MX_TIM5_Init) refers to memseta.o(.text) for __aeabi_memclr4
    main.o(i.MX_TIM5_Init) refers to stm32f4xx_hal_tim.o(i.HAL_TIM_PWM_Init) for HAL_TIM_PWM_Init
[...]
    i.MX_I2C3_Init                           0x08001978   Section        0  main.o(i.MX_I2C3_Init)
    MX_I2C3_Init                             0x08001979   Thumb Code    46  main.o(i.MX_I2C3_Init)
    i.MX_TIM3_Init                           0x080019b4   Section        0  main.o(i.MX_TIM3_Init)
    MX_TIM3_Init                             0x080019b5   Thumb Code   134  main.o(i.MX_TIM3_Init)
    i.MX_TIM4_Init                           0x08001a44   Section        0  main.o(i.MX_TIM4_Init)
    MX_TIM4_Init                             0x08001a45   Thumb Code   130  main.o(i.MX_TIM4_Init)
    i.MX_TIM5_Init                           0x08001ad0   Section        0  main.o(i.MX_TIM5_Init)
    MX_TIM5_Init                             0x08001ad1   Thumb Code   138  main.o(i.MX_TIM5_Init)
    i.MemManage_Handler                      0x08001b64   Section        0  stm32f4xx_it.o(i.MemManage_Handler)
    i.NMI_Handler                            0x08001b66   Section        0  stm32f4xx_it.o(i.NMI_Handler)
    i.SysTick_Handler                        0x08001b68   Section        0  board.o(i.SysTick_Handler)
    i.SystemClock_Config                     0x08001b7c   Section        0  main.o(i.SystemClock_Config)
    i.SystemCoreClockUpdate                  0x08001c08   Section        0  system_stm32f4xx.o(i.SystemCoreClockUpdate)
    i.SystemInit                             0x08001c80   Section        0  system_stm32f4xx.o(i.SystemInit)
    i.TIM_Base_SetConfig                     0x08001c90   Section        0  stm32f4xx_hal_tim.o(i.TIM_Base_SetConfig)
    i.TIM_OC1_SetConfig                      0x08001d58   Section        0  stm32f4xx_hal_tim.o(i.TIM_OC1_SetConfig)
    TIM_OC1_SetConfig                        0x08001d59   Thumb Code    88  stm32f4xx_hal_tim.o(i.TIM_OC1_SetConfig)
    i.TIM_OC2_SetConfig                      0x08001db8   Section        0  stm32f4xx_hal_tim.o(i.TIM_OC2_SetConfig)
    i.TIM_OC3_SetConfig                      0x08001e24   Section        0  stm32f4xx_hal_tim.o(i.TIM_OC3_SetConfig)
    TIM_OC3_SetConfig                        0x08001e25   Thumb Code    96  stm32f4xx_hal_tim.o(i.TIM_OC3_SetConfig)
    i.TIM_OC4_SetConfig                      0x08001e8c   Section        0  stm32f4xx_hal_tim.o(i.TIM_OC4_SetConfig)
    TIM_OC4_SetConfig                        0x08001e8d   Thumb Code    70  stm32f4xx_hal_tim.o(i.TIM_OC4_SetConfig)
    i.UART_DMAAbortOnError                   0x08001edc   Section        0  stm32f4xx_hal_uart.o(i.UART_DMAAbortOnError)
    UART_DMAAbortOnError                     0x08001edd   Thumb Code    16  stm32f4xx_hal_uart.o(i.UART_DMAAbortOnError)
    i.UART_EndRxTransfer                     0x08001eec   Section        0  stm32f4xx_hal_uart.o(i.UART_EndRxTransfer)
    UART_EndRxTransfer                       0x08001eed   Thumb Code    78  stm32f4xx_hal_uart.o(i.UART_EndRxTransfer)
    i.UART_Receive_IT                        0x08001f3a   Section        0  stm32f4xx_hal_uart.o(i.UART_Receive_IT)
    UART_Receive_IT                          0x08001f3b   Thumb Code   192  stm32f4xx_hal_uart.o(i.UART_Receive_IT)
    i.UART_SetConfig                         0x08001ffc   Section        0  stm32f4xx_hal_uart.o(i.UART_SetConfig)
    UART_SetConfig                           0x08001ffd   Thumb Code   258  stm32f4xx_hal_uart.o(i.UART_SetConfig)
    i.UART_Start_Receive_IT                  0x08002108   Section        0  stm32f4xx_hal_uart.o(i.UART_Start_Receive_IT)
    i.UART_WaitOnFlagUntilTimeout            0x08002142   Section        0  stm32f4xx_hal_uart.o(i.UART_WaitOnFlagUntilTimeout)
    UART_WaitOnFlagUntilTimeout              0x08002143   Thumb Code   120  stm32f4xx_hal_uart.o(i.UART_WaitOnFlagUntilTimeout)
    i.USART2_IRQHandler                      0x080021bc   Section        0  stm32f4xx_it.o(i.USART2_IRQHandler)
    i.UsageFault_Handler                     0x080021c8   Section        0  stm32f4xx_it.o(i.UsageFault_Handler)
    i.__NVIC_SetPriority                     0x080021ca   Section        0  stm32f4xx_hal_cortex.o(i.__NVIC_SetPriority)
    __NVIC_SetPriority                       0x080021cb   Thumb Code    32  stm32f4xx_hal_cortex.o(i.__NVIC_SetPriority)
    i.__rt_ffs                               0x080021ec   Section        0  kservice.o(i.__rt_ffs)
    i.__scatterload_copy                     0x08002230   Section       14  handlers.o(i.__scatterload_copy)
    i.__scatterload_null                     0x0800223e   Section        2  handlers.o(i.__scatterload_null)
    i.__scatterload_zeroinit                 0x08002240   Section       14  handlers.o(i.__scatterload_zeroinit)
    i._msh_exec_cmd                          0x08002250   Section        0  msh.o(i._msh_exec_cmd)
    _msh_exec_cmd                            0x08002251   Thumb Code   140  msh.o(i._msh_exec_cmd)
    i._rt_thread_init                        0x080022ec   Section        0  thread.o(i._rt_thread_init)
    _rt_thread_init                          0x080022ed   Thumb Code   118  thread.o(i._rt_thread_init)
    i._rt_timer_remove                       0x0800236c   Section        0  timer.o(i._rt_timer_remove)
    _rt_timer_remove                         0x0800236d   Thumb Code     6  timer.o(i._rt_timer_remove)
    i._thread_cleanup_execute                0x08002372   Section        0  thread.o(i._thread_cleanup_execute)
    _thread_cleanup_execute                  0x08002373   Thumb Code    28  thread.o(i._thread_cleanup_execute)
    i.bus_fault_track                        0x08002390   Section        0  cpuport.o(i.bus_fault_track)
    bus_fault_track                          0x08002391   Thumb Code   110  cpuport.o(i.bus_fault_track)
    i.cmd_ps                                 0x08002478   Section        0  msh.o(i.cmd_ps)
    i.finsh_get_prompt                       0x08002484   Section        0  shell.o(i.finsh_get_prompt)
    i.finsh_set_prompt_mode                  0x080024e4   Section        0  shell.o(i.finsh_set_prompt_mode)
    i.finsh_system_function_init             0x080024f8   Section        0  shell.o(i.finsh_system_function_init)
    i.finsh_system_init                      0x08002504   Section        0  shell.o(i.finsh_system_init)
    i.finsh_thread_entry                     0x0800257c   Section        0  shell.o(i.finsh_thread_entry)
    i.hard_fault_track                       0x08002808   Section        0  cpuport.o(i.hard_fault_track)
    hard_fault_track                         0x08002809   Thumb Code    76  cpuport.o(i.hard_fault_track)
    i.hello                                  0x08002880   Section        0  cmd.o(i.hello)
    i.k210_data_get                          0x080028a0   Section        0  main.o(i.k210_data_get)
    i.list                                   0x080028fc   Section        0  cmd.o(i.list)
    i.list_find_init                         0x08002960   Section        0  cmd.o(i.list_find_init)
    list_find_init                           0x08002961   Thumb Code    36  cmd.o(i.list_find_init)
    i.list_get_next                          0x08002984   Section        0  cmd.o(i.list_get_next)
    list_get_next                            0x08002985   Thumb Code   102  cmd.o(i.list_get_next)
    i.list_sem                               0x080029ec   Section        0  cmd.o(i.list_sem)
    i.list_thread                            0x08002b2c   Section        0  cmd.o(i.list_thread)
    i.list_timer                             0x08002ce4   Section        0  cmd.o(i.list_timer)
    i.main                                   0x08002e24   Section        0  main.o(i.main)
    i.main_thread_entry                      0x08002eb8   Section        0  components.o(i.main_thread_entry)
    i.mem_manage_fault_track                 0x08002ec8   Section        0  cpuport.o(i.mem_manage_fault_track)
    mem_manage_fault_track                   0x08002ec9   Thumb Code    98  cpuport.o(i.mem_manage_fault_track)
    i.msh_auto_complete                      0x08002fa0   Section        0  msh.o(i.msh_auto_complete)
    i.msh_exec                               0x0800304c   Section        0  msh.o(i.msh_exec)
    i.msh_help                               0x080030b0   Section        0  msh.o(i.msh_help)
    i.msh_is_used                            0x08003128   Section        0  msh.o(i.msh_is_used)
    i.msh_split                              0x0800312c   Section        0  msh.o(i.msh_split)
    msh_split                                0x0800312d   Thumb Code   172  msh.o(i.msh_split)
    i.object_split                           0x080031fc   Section        0  cmd.o(i.object_split)
    object_split                             0x080031fd   Thumb Code    18  cmd.o(i.object_split)
    i.print_number                           0x08003214   Section        0  kservice.o(i.print_number)
    print_number                             0x08003215   Thumb Code   300  kservice.o(i.print_number)
    i.rt_application_init                    0x08003344   Section        0  components.o(i.rt_application_init)
    i.rt_components_board_init               0x08003380   Section        0  components.o(i.rt_components_board_init)
    i.rt_components_init                     0x0800339c   Section        0  components.o(i.rt_components_init)
    i.rt_enter_critical                      0x080033b8   Section        0  scheduler.o(i.rt_enter_critical)
    i.rt_exit_critical                       0x080033d4   Section        0  scheduler.o(i.rt_exit_critical)
    i.rt_hw_board_init                       0x0800340c   Section        0  board.o(i.rt_hw_board_init)
    i.rt_hw_console_getchar                  0x08003434   Section        0  board.o(i.rt_hw_console_getchar)
    i.rt_hw_console_output                   0x0800345c   Section        0  board.o(i.rt_hw_console_output)
    i.rt_hw_hard_fault_exception             0x080034a4   Section        0  cpuport.o(i.rt_hw_hard_fault_exception)
    i.rt_hw_stack_init                       0x080036bc   Section        0  cpuport.o(i.rt_hw_stack_init)
    i.rt_interrupt_enter                     0x080036f8   Section        0  irq.o(i.rt_interrupt_enter)
    i.rt_interrupt_leave                     0x08003714   Section        0  irq.o(i.rt_interrupt_leave)
    i.rt_kprintf                             0x08003730   Section        0  kservice.o(i.rt_kprintf)
    i.rt_list_insert_after                   0x08003750   Section        0  thread.o(i.rt_list_insert_after)
    rt_list_insert_after                     0x08003751   Thumb Code    14  thread.o(i.rt_list_insert_after)
    i.rt_list_insert_after                   0x0800375e   Section        0  timer.o(i.rt_list_insert_after)
    rt_list_insert_after                     0x0800375f   Thumb Code    14  timer.o(i.rt_list_insert_after)
    i.rt_list_len                            0x0800376c   Section        0  cmd.o(i.rt_list_len)
    rt_list_len                              0x0800376d   Thumb Code    18  cmd.o(i.rt_list_len)
    i.rt_list_remove                         0x0800377e   Section        0  thread.o(i.rt_list_remove)
    rt_list_remove                           0x0800377f   Thumb Code    18  thread.o(i.rt_list_remove)
    i.rt_list_remove                         0x08003790   Section        0  timer.o(i.rt_list_remove)
    rt_list_remove                           0x08003791   Thumb Code    18  timer.o(i.rt_list_remove)
    i.rt_memmove                             0x080037a4   Section        0  kservice.o(i.rt_memmove)
    i.rt_memset                              0x080037d8   Section        0  kservice.o(i.rt_memset)
    i.rt_object_detach                       0x0800381e   Section        0  object.o(i.rt_object_detach)
    i.rt_object_get_information              0x08003844   Section        0  object.o(i.rt_object_get_information)
    i.rt_object_init                         0x08003868   Section        0  object.o(i.rt_object_init)
    i.rt_object_is_systemobject              0x080038ba   Section        0  object.o(i.rt_object_is_systemobject)
    i.rt_schedule                            0x080038c8   Section        0  scheduler.o(i.rt_schedule)
    i.rt_schedule_insert_thread              0x08003920   Section        0  scheduler.o(i.rt_schedule_insert_thread)
    i.rt_schedule_remove_thread              0x08003970   Section        0  scheduler.o(i.rt_schedule_remove_thread)
    i.rt_sem_init                            0x080039b8   Section        0  ipc.o(i.rt_sem_init)
    i.rt_show_version                        0x080039dc   Section        0  kservice.o(i.rt_show_version)
    i.rt_strlen                              0x08003a8c   Section        0  kservice.o(i.rt_strlen)
    i.rt_strncpy                             0x08003a9c   Section        0  kservice.o(i.rt_strncpy)
    i.rt_system_scheduler_init               0x08003ac4   Section        0  scheduler.o(i.rt_system_scheduler_init)
    i.rt_system_scheduler_start              0x08003af8   Section        0  scheduler.o(i.rt_system_scheduler_start)
    i.rt_system_timer_init                   0x08003b20   Section        0  timer.o(i.rt_system_timer_init)
    i.rt_system_timer_thread_init            0x08003b2c   Section        0  timer.o(i.rt_system_timer_thread_init)
    i.rt_thread_exit                         0x08003b30   Section        0  thread.o(i.rt_thread_exit)
    i.rt_thread_idle_entry                   0x08003b8c   Section        0  idle.o(i.rt_thread_idle_entry)
    rt_thread_idle_entry                     0x08003b8d   Thumb Code     2  idle.o(i.rt_thread_idle_entry)
    i.rt_thread_idle_init                    0x08003b90   Section        0  idle.o(i.rt_thread_idle_init)
    i.rt_thread_init                         0x08003bc8   Section        0  thread.o(i.rt_thread_init)
    i.rt_thread_mdelay                       0x08003bf8   Section        0  thread.o(i.rt_thread_mdelay)
    i.rt_thread_resume                       0x08003c06   Section        0  thread.o(i.rt_thread_resume)
    i.rt_thread_self                         0x08003c44   Section        0  thread.o(i.rt_thread_self)
    i.rt_thread_sleep                        0x08003c50   Section        0  thread.o(i.rt_thread_sleep)
    i.rt_thread_startup                      0x08003c90   Section        0  thread.o(i.rt_thread_startup)
    i.rt_thread_suspend                      0x08003cbc   Section        0  thread.o(i.rt_thread_suspend)
    i.rt_thread_timeout                      0x08003cfe   Section        0  thread.o(i.rt_thread_timeout)
    i.rt_thread_yield                        0x08003d20   Section        0  thread.o(i.rt_thread_yield)
    i.rt_tick_from_millisecond               0x08003d80   Section        0  clock.o(i.rt_tick_from_millisecond)
    i.rt_tick_get                            0x08003db4   Section        0  clock.o(i.rt_tick_get)
    i.rt_tick_increase                       0x08003dc0   Section        0  clock.o(i.rt_tick_increase)
    i.rt_timer_check                         0x08003dec   Section        0  timer.o(i.rt_timer_check)
    i.rt_timer_control                       0x08003e78   Section        0  timer.o(i.rt_timer_control)
    i.rt_timer_detach                        0x08003ec0   Section        0  timer.o(i.rt_timer_detach)
    i.rt_timer_init                          0x08003ee8   Section        0  timer.o(i.rt_timer_init)
    i.rt_timer_start                         0x08003f18   Section        0  timer.o(i.rt_timer_start)
    i.rt_timer_stop                          0x08003f9c   Section        0  timer.o(i.rt_timer_stop)
    i.rt_vsnprintf                           0x08003fcc   Section        0  kservice.o(i.rt_vsnprintf)
    i.rti_board_end                          0x08004250   Section        0  components.o(i.rti_board_end)
    rti_board_end                            0x08004251   Thumb Code     4  components.o(i.rti_board_end)
    i.rti_board_start                        0x08004254   Section        0  components.o(i.rti_board_start)
    rti_board_start                          0x08004255   Thumb Code     4  components.o(i.rti_board_start)
    i.rti_end                                0x08004258   Section        0  components.o(i.rti_end)
    rti_end                                  0x08004259   Thumb Code     4  components.o(i.rti_end)
    i.rti_start                              0x0800425c   Section        0  components.o(i.rti_start)
    rti_start                                0x0800425d   Thumb Code     4  components.o(i.rti_start)
    i.rtthread_startup                       0x08004260   Section        0  components.o(i.rtthread_startup)
    i.skip_atoi                              0x0800428a   Section        0  kservice.o(i.skip_atoi)
    skip_atoi                                0x0800428b   Thumb Code    40  kservice.o(i.skip_atoi)
    i.uart_init                              0x080042b4   Section        0  board.o(i.uart_init)
    uart_init                                0x080042b5   Thumb Code    42  board.o(i.uart_init)
    i.usage_fault_track                      0x080042e8   Section        0  cpuport.o(i.usage_fault_track)
    usage_fault_track                        0x080042e9   Thumb Code   100  cpuport.o(i.usage_fault_track)
    i.version                                0x080043b8   Section        0  cmd.o(i.version)
    .constdata                               0x080043c2   Section       16  system_stm32f4xx.o(.constdata)
    .constdata                               0x080043d2   Section        8  system_stm32f4xx.o(.constdata)
    .constdata                               0x080043da   Section      290  kservice.o(.constdata)
    small_digits                             0x080044da   Data          17  kservice.o(.constdata)
    large_digits                             0x080044eb   Data          17  kservice.o(.constdata)
    .conststring                             0x080044fc   Section       68  cmd.o(.conststring)
    .rodata.name                             0x08004540   Section        6  cmd.o(.rodata.name)
    .rodata.name                             0x08004546   Section       16  cmd.o(.rodata.name)
    .rodata.name                             0x08004556   Section        8  cmd.o(.rodata.name)
    .rodata.name                             0x0800455e   Section       35  cmd.o(.rodata.name)
    .rodata.name                             0x08004581   Section       14  cmd.o(.rodata.name)
    .rodata.name                             0x0800458f   Section       35  cmd.o(.rodata.name)
    .rodata.name                             0x080045b2   Section       12  cmd.o(.rodata.name)
    .rodata.name                             0x080045be   Section       12  cmd.o(.rodata.name)
    .rodata.name                             0x080045ca   Section       18  cmd.o(.rodata.name)
    .rodata.name                             0x080045dc   Section       12  cmd.o(.rodata.name)
    .rodata.name                             0x080045e8   Section        9  cmd.o(.rodata.name)
    .rodata.name                             0x080045f1   Section       25  cmd.o(.rodata.name)
    .rodata.name                             0x0800460a   Section       15  cmd.o(.rodata.name)
    .rodata.name                             0x08004619   Section       25  cmd.o(.rodata.name)
    .rodata.name                             0x08004632   Section       11  cmd.o(.rodata.name)
    .rodata.name                             0x0800463d   Section       21  cmd.o(.rodata.name)
    .rodata.name                             0x08004652   Section       17  cmd.o(.rodata.name)
    .rodata.name                             0x08004663   Section       21  cmd.o(.rodata.name)
    .rodata.name                             0x08004678   Section        5  cmd.o(.rodata.name)
    .rodata.name                             0x0800467d   Section       26  cmd.o(.rodata.name)
    .rodata.name                             0x08004697   Section       11  msh.o(.rodata.name)
    .rodata.name                             0x080046a2   Section       22  msh.o(.rodata.name)
    .rodata.name                             0x080046b8   Section        9  msh.o(.rodata.name)
    .rodata.name                             0x080046c1   Section       28  msh.o(.rodata.name)
    .rti_fn.0                                0x080046e0   Section        4  components.o(.rti_fn.0)
    __tagsym$$used                           0x080046e0   Number         0  components.o(.rti_fn.0)
    .rti_fn.0.end                            0x080046e4   Section        4  components.o(.rti_fn.0.end)
    __tagsym$$used                           0x080046e4   Number         0  components.o(.rti_fn.0.end)
    .rti_fn.1                                0x080046e8   Section        4  board.o(.rti_fn.1)
    __tagsym$$used                           0x080046e8   Number         0  board.o(.rti_fn.1)
    .rti_fn.1.end                            0x080046ec   Section        4  components.o(.rti_fn.1.end)
    __tagsym$$used                           0x080046ec   Number         0  components.o(.rti_fn.1.end)
    .rti_fn.6                                0x080046f0   Section        4  shell.o(.rti_fn.6)
    __tagsym$$used                           0x080046f0   Number         0  shell.o(.rti_fn.6)
    .rti_fn.6.end                            0x080046f4   Section        4  components.o(.rti_fn.6.end)
    __tagsym$$used                           0x080046f4   Number         0  components.o(.rti_fn.6.end)
    FSymTab                                  0x080046f8   Section      120  cmd.o(FSymTab)
    __tagsym$$used                           0x080046f8   Number         0  cmd.o(FSymTab)
    __tagsym$$used                           0x08004704   Number         0  cmd.o(FSymTab)
    __tagsym$$used                           0x08004710   Number         0  cmd.o(FSymTab)
    __tagsym$$used                           0x0800471c   Number         0  cmd.o(FSymTab)
    __tagsym$$used                           0x08004728   Number         0  cmd.o(FSymTab)
    __tagsym$$used                           0x08004734   Number         0  cmd.o(FSymTab)
    __tagsym$$used                           0x08004740   Number         0  cmd.o(FSymTab)
    __tagsym$$used                           0x0800474c   Number         0  cmd.o(FSymTab)
    __tagsym$$used                           0x08004758   Number         0  cmd.o(FSymTab)
    __tagsym$$used                           0x08004764   Number         0  cmd.o(FSymTab)
    FSymTab                                  0x08004770   Section       24  msh.o(FSymTab)
    __tagsym$$used                           0x08004770   Number         0  msh.o(FSymTab)
    __tagsym$$used                           0x0800477c   Number         0  msh.o(FSymTab)
    .data                                    0x20000000   Section        7  main.o(.data)
    .data                                    0x20000008   Section       12  stm32f4xx_hal.o(.data)
    .data                                    0x20000014   Section        4  system_stm32f4xx.o(.data)
    .data                                    0x20000018   Section        4  clock.o(.data)
    rt_tick                                  0x20000018   Data           4  clock.o(.data)
    .data                                    0x2000001c   Section        1  irq.o(.data)
    .data                                    0x20000020   Section       48  object.o(.data)
    rt_object_container                      0x20000020   Data          48  object.o(.data)
    .data                                    0x20000050   Section       20  scheduler.o(.data)
    rt_scheduler_lock_nest                   0x20000052   Data           2  scheduler.o(.data)
    .data                                    0x20000064   Section       12  timer.o(.data)
    random_nr                                0x20000064   Data           4  timer.o(.data)
    rt_timer_list                            0x20000068   Data           8  timer.o(.data)
    .data                                    0x20000070   Section        4  cpuport.o(.data)
    rt_exception_hook                        0x20000070   Data           4  cpuport.o(.data)
    .data                                    0x20000074   Section        4  cpuport.o(.data)
    .data                                    0x20000078   Section        4  cpuport.o(.data)
    .data                                    0x2000007c   Section        4  cpuport.o(.data)
    .data                                    0x20000080   Section       24  shell.o(.data)
    finsh_prompt_custom                      0x20000090   Data           4  shell.o(.data)
    .bss                                     0x20000098   Section      456  main.o(.bss)
    .bss                                     0x20000260   Section     1144  components.o(.bss)
    main_stack                               0x20000260   Data        1024  components.o(.bss)
    .bss                                     0x200006d8   Section      248  idle.o(.bss)
    idle                                     0x200006d8   Data         120  idle.o(.bss)
    rt_thread_stack                          0x20000750   Data         128  idle.o(.bss)
    .bss                                     0x200007d0   Section      128  kservice.o(.bss)
    rt_log_buf                               0x200007d0   Data         128  kservice.o(.bss)
    .bss                                     0x20000850   Section      256  scheduler.o(.bss)
    .bss                                     0x20000950   Section       68  board.o(.bss)
    UartHandle                               0x20000950   Data          68  board.o(.bss)
    .bss                                     0x20000994   Section     1396  shell.o(.bss)
    finsh_prompt                             0x20000994   Data         129  shell.o(.bss)
    finsh_thread                             0x20000a18   Data         120  shell.o(.bss)
    finsh_thread_stack                       0x20000a90   Data        1024  shell.o(.bss)
    STACK                                    0x20000f08   Section     2048  startup_stm32f407xx.o(STACK)

    Global Symbols

    Symbol Name                              Value     Ov Type        Size  Object(Section)

    BuildAttributes$$THM_ISAv4$E$P$D$K$B$S$7EM$VFPi3$EXTD16$VFPS$VFMA$PE$A:L22UL41UL21$X:L11$S22US41US21$IEEE1$IW$USESV6$~STKCKD$USESV7$~SHL$OTIME$ROPI$IEEEJ$EBA8$MICROLIB$REQ8$PRES8$EABIv2 0x00000000   Number         0  anon$$obj.o ABSOLUTE
    __ARM_use_no_argv                        0x00000000   Number         0  main.o ABSOLUTE
    __arm_fini_                               - Undefined Weak Reference
    __cpp_initialize__aeabi_                  - Undefined Weak Reference
    __cxa_finalize                            - Undefined Weak Reference
    __decompress                              - Undefined Weak Reference
    _clock_init                               - Undefined Weak Reference
    _microlib_exit                            - Undefined Weak Reference
    __Vectors_Size                           0x00000188   Number         0  startup_stm32f407xx.o ABSOLUTE
    __Vectors                                0x08000000   Data           4  startup_stm32f407xx.o(RESET)
    __Vectors_End                            0x08000188   Data           0  startup_stm32f407xx.o(RESET)
    __main                                   0x08000189   Thumb Code     0  entry.o(.ARM.Collect$$$$00000000)
    _main_stk                                0x08000189   Thumb Code     0  entry2.o(.ARM.Collect$$$$00000001)
    _main_scatterload                        0x0800018d   Thumb Code     0  entry5.o(.ARM.Collect$$$$00000004)
    __main_after_scatterload                 0x08000191   Thumb Code     0  entry5.o(.ARM.Collect$$$$00000004)
    _main_clock                              0x08000191   Thumb Code     0  entry7b.o(.ARM.Collect$$$$00000008)
    _main_cpp_init                           0x08000191   Thumb Code     0  entry8b.o(.ARM.Collect$$$$0000000A)
    _main_init                               0x08000191   Thumb Code     0  entry9a.o(.ARM.Collect$$$$0000000B)
    __rt_lib_shutdown_fini                   0x08000199   Thumb Code     0  entry12b.o(.ARM.Collect$$$$0000000E)
    __rt_final_cpp                           0x0800019d   Thumb Code     0  entry10a.o(.ARM.Collect$$$$0000000F)
    __rt_final_exit                          0x0800019d   Thumb Code     0  entry11a.o(.ARM.Collect$$$$00000011)
    Reset_Handler                            0x080001a1   Thumb Code     8  startup_stm32f407xx.o(.text)
    SVC_Handler                              0x080001b3   Thumb Code     2  startup_stm32f407xx.o(.text)
    ADC_IRQHandler                           0x080001bb   Thumb Code     0  startup_stm32f407xx.o(.text)
    CAN1_RX0_IRQHandler                      0x080001bb   Thumb Code     0  startup_stm32f407xx.o(.text)
    CAN1_RX1_IRQHandler                      0x080001bb   Thumb Code     0  startup_stm32f407xx.o(.text)
    CAN1_SCE_IRQHandler                      0x080001bb   Thumb Code     0  startup_stm32f407xx.o(.text)
    CAN1_TX_IRQHandler                       0x080001bb   Thumb Code     0  startup_stm32f407xx.o(.text)
    CAN2_RX0_IRQHandler                      0x080001bb   Thumb Code     0  startup_stm32f407xx.o(.text)
    CAN2_RX1_IRQHandler                      0x080001bb   Thumb Code     0  startup_stm32f407xx.o(.text)
    CAN2_SCE_IRQHandler                      0x080001bb   Thumb Code     0  startup_stm32f407xx.o(.text)
    CAN2_TX_IRQHandler                       0x080001bb   Thumb Code     0  startup_stm32f407xx.o(.text)
    DCMI_IRQHandler                          0x080001bb   Thumb Code     0  startup_stm32f407xx.o(.text)
    DMA1_Stream0_IRQHandler                  0x080001bb   Thumb Code     0  startup_stm32f407xx.o(.text)
    DMA1_Stream1_IRQHandler                  0x080001bb   Thumb Code     0  startup_stm32f407xx.o(.text)
    DMA1_Stream2_IRQHandler                  0x080001bb   Thumb Code     0  startup_stm32f407xx.o(.text)
    DMA1_Stream3_IRQHandler                  0x080001bb   Thumb Code     0  startup_stm32f407xx.o(.text)
    DMA1_Stream4_IRQHandler                  0x080001bb   Thumb Code     0  startup_stm32f407xx.o(.text)
    DMA1_Stream5_IRQHandler                  0x080001bb   Thumb Code     0  startup_stm32f407xx.o(.text)
    DMA1_Stream6_IRQHandler                  0x080001bb   Thumb Code     0  startup_stm32f407xx.o(.text)
    DMA1_Stream7_IRQHandler                  0x080001bb   Thumb Code     0  startup_stm32f407xx.o(.text)
    DMA2_Stream0_IRQHandler                  0x080001bb   Thumb Code     0  startup_stm32f407xx.o(.text)
    DMA2_Stream1_IRQHandler                  0x080001bb   Thumb Code     0  startup_stm32f407xx.o(.text)
    DMA2_Stream2_IRQHandler                  0x080001bb   Thumb Code     0  startup_stm32f407xx.o(.text)
    DMA2_Stream3_IRQHandler                  0x080001bb   Thumb Code     0  startup_stm32f407xx.o(.text)
    DMA2_Stream4_IRQHandler                  0x080001bb   Thumb Code     0  startup_stm32f407xx.o(.text)
    DMA2_Stream5_IRQHandler                  0x080001bb   Thumb Code     0  startup_stm32f407xx.o(.text)
    DMA2_Stream6_IRQHandler                  0x080001bb   Thumb Code     0  startup_stm32f407xx.o(.text)
    DMA2_Stream7_IRQHandler                  0x080001bb   Thumb Code     0  startup_stm32f407xx.o(.text)
    ETH_IRQHandler                           0x080001bb   Thumb Code     0  startup_stm32f407xx.o(.text)
    ETH_WKUP_IRQHandler                      0x080001bb   Thumb Code     0  startup_stm32f407xx.o(.text)
    EXTI0_IRQHandler                         0x080001bb   Thumb Code     0  startup_stm32f407xx.o(.text)
    EXTI15_10_IRQHandler                     0x080001bb   Thumb Code     0  startup_stm32f407xx.o(.text)
    EXTI1_IRQHandler                         0x080001bb   Thumb Code     0  startup_stm32f407xx.o(.text)
    EXTI2_IRQHandler                         0x080001bb   Thumb Code     0  startup_stm32f407xx.o(.text)
    EXTI3_IRQHandler                         0x080001bb   Thumb Code     0  startup_stm32f407xx.o(.text)
    EXTI4_IRQHandler                         0x080001bb   Thumb Code     0  startup_stm32f407xx.o(.text)
    EXTI9_5_IRQHandler                       0x080001bb   Thumb Code     0  startup_stm32f407xx.o(.text)
    FLASH_IRQHandler                         0x080001bb   Thumb Code     0  startup_stm32f407xx.o(.text)
    FMC_IRQHandler                           0x080001bb   Thumb Code     0  startup_stm32f407xx.o(.text)
    FPU_IRQHandler                           0x080001bb   Thumb Code     0  startup_stm32f407xx.o(.text)
    HASH_RNG_IRQHandler                      0x080001bb   Thumb Code     0  startup_stm32f407xx.o(.text)
    I2C1_ER_IRQHandler                       0x080001bb   Thumb Code     0  startup_stm32f407xx.o(.text)
    I2C1_EV_IRQHandler                       0x080001bb   Thumb Code     0  startup_stm32f407xx.o(.text)
    I2C2_ER_IRQHandler                       0x080001bb   Thumb Code     0  startup_stm32f407xx.o(.text)
    I2C2_EV_IRQHandler                       0x080001bb   Thumb Code     0  startup_stm32f407xx.o(.text)
    I2C3_ER_IRQHandler                       0x080001bb   Thumb Code     0  startup_stm32f407xx.o(.text)
    I2C3_EV_IRQHandler                       0x080001bb   Thumb Code     0  startup_stm32f407xx.o(.text)
    OTG_FS_IRQHandler                        0x080001bb   Thumb Code     0  startup_stm32f407xx.o(.text)
    OTG_FS_WKUP_IRQHandler                   0x080001bb   Thumb Code     0  startup_stm32f407xx.o(.text)
    OTG_HS_EP1_IN_IRQHandler                 0x080001bb   Thumb Code     0  startup_stm32f407xx.o(.text)
    OTG_HS_EP1_OUT_IRQHandler                0x080001bb   Thumb Code     0  startup_stm32f407xx.o(.text)
    OTG_HS_IRQHandler                        0x080001bb   Thumb Code     0  startup_stm32f407xx.o(.text)
    OTG_HS_WKUP_IRQHandler                   0x080001bb   Thumb Code     0  startup_stm32f407xx.o(.text)
    PVD_IRQHandler                           0x080001bb   Thumb Code     0  startup_stm32f407xx.o(.text)
    RCC_IRQHandler                           0x080001bb   Thumb Code     0  startup_stm32f407xx.o(.text)
    RTC_Alarm_IRQHandler                     0x080001bb   Thumb Code     0  startup_stm32f407xx.o(.text)
    RTC_WKUP_IRQHandler                      0x080001bb   Thumb Code     0  startup_stm32f407xx.o(.text)
    SDIO_IRQHandler                          0x080001bb   Thumb Code     0  startup_stm32f407xx.o(.text)
    SPI1_IRQHandler                          0x080001bb   Thumb Code     0  startup_stm32f407xx.o(.text)
    SPI2_IRQHandler                          0x080001bb   Thumb Code     0  startup_stm32f407xx.o(.text)
    SPI3_IRQHandler                          0x080001bb   Thumb Code     0  startup_stm32f407xx.o(.text)
    TAMP_STAMP_IRQHandler                    0x080001bb   Thumb Code     0  startup_stm32f407xx.o(.text)
    TIM1_BRK_TIM9_IRQHandler                 0x080001bb   Thumb Code     0  startup_stm32f407xx.o(.text)
    TIM1_CC_IRQHandler                       0x080001bb   Thumb Code     0  startup_stm32f407xx.o(.text)
    TIM1_TRG_COM_TIM11_IRQHandler            0x080001bb   Thumb Code     0  startup_stm32f407xx.o(.text)
    TIM1_UP_TIM10_IRQHandler                 0x080001bb   Thumb Code     0  startup_stm32f407xx.o(.text)
    TIM2_IRQHandler                          0x080001bb   Thumb Code     0  startup_stm32f407xx.o(.text)
    TIM3_IRQHandler                          0x080001bb   Thumb Code     0  startup_stm32f407xx.o(.text)
    TIM4_IRQHandler                          0x080001bb   Thumb Code     0  startup_stm32f407xx.o(.text)
    TIM5_IRQHandler                          0x080001bb   Thumb Code     0  startup_stm32f407xx.o(.text)
    TIM6_DAC_IRQHandler                      0x080001bb   Thumb Code     0  startup_stm32f407xx.o(.text)
    TIM7_IRQHandler                          0x080001bb   Thumb Code     0  startup_stm32f407xx.o(.text)
    TIM8_BRK_TIM12_IRQHandler                0x080001bb   Thumb Code     0  startup_stm32f407xx.o(.text)
    TIM8_CC_IRQHandler                       0x080001bb   Thumb Code     0  startup_stm32f407xx.o(.text)
    TIM8_TRG_COM_TIM14_IRQHandler            0x080001bb   Thumb Code     0  startup_stm32f407xx.o(.text)
    TIM8_UP_TIM13_IRQHandler                 0x080001bb   Thumb Code     0  startup_stm32f407xx.o(.text)
    UART4_IRQHandler                         0x080001bb   Thumb Code     0  startup_stm32f407xx.o(.text)
    UART5_IRQHandler                         0x080001bb   Thumb Code     0  startup_stm32f407xx.o(.text)
    USART1_IRQHandler                        0x080001bb   Thumb Code     0  startup_stm32f407xx.o(.text)
    USART3_IRQHandler                        0x080001bb   Thumb Code     0  startup_stm32f407xx.o(.text)
    USART6_IRQHandler                        0x080001bb   Thumb Code     0  startup_stm32f407xx.o(.text)
    WWDG_IRQHandler                          0x080001bb   Thumb Code     0  startup_stm32f407xx.o(.text)
    rt_hw_interrupt_disable                  0x080001c5   Thumb Code     8  context_rvds.o(.text)
    rt_hw_interrupt_enable                   0x080001cd   Thumb Code     6  context_rvds.o(.text)
    rt_hw_context_switch                     0x080001d3   Thumb Code    32  context_rvds.o(.text)
    rt_hw_context_switch_interrupt           0x080001d3   Thumb Code     0  context_rvds.o(.text)
    PendSV_Handler                           0x080001f3   Thumb Code   108  context_rvds.o(.text)
    rt_hw_context_switch_to                  0x0800025f   Thumb Code    68  context_rvds.o(.text)
    rt_hw_interrupt_thread_switch            0x080002a3   Thumb Code     2  context_rvds.o(.text)
    HardFault_Handler                        0x080002a5   Thumb Code    56  context_rvds.o(.text)
    __aeabi_uldivmod                         0x080002f9   Thumb Code    98  uldiv.o(.text)
    __aeabi_memcpy                           0x0800035b   Thumb Code    36  memcpya.o(.text)
    __aeabi_memcpy4                          0x0800035b   Thumb Code     0  memcpya.o(.text)
    __aeabi_memcpy8                          0x0800035b   Thumb Code     0  memcpya.o(.text)
    __aeabi_memset                           0x0800037f   Thumb Code    14  memseta.o(.text)
    __aeabi_memset4                          0x0800037f   Thumb Code     0  memseta.o(.text)
    __aeabi_memset8                          0x0800037f   Thumb Code     0  memseta.o(.text)
    __aeabi_memclr                           0x0800038d   Thumb Code     4  memseta.o(.text)
    __aeabi_memclr4                          0x0800038d   Thumb Code     0  memseta.o(.text)
    __aeabi_memclr8                          0x0800038d   Thumb Code     0  memseta.o(.text)
    _memset$wrapper                          0x08000391   Thumb Code    18  memseta.o(.text)
    strcat                                   0x080003a3   Thumb Code    24  strcat.o(.text)
    strncpy                                  0x080003bb   Thumb Code    24  strncpy.o(.text)
    strlen                                   0x080003d3   Thumb Code    14  strlen.o(.text)
    strcpy                                   0x080003e1   Thumb Code    18  strcpy.o(.text)
    strncmp                                  0x080003f3   Thumb Code    30  strncmp.o(.text)
    __aeabi_llsl                             0x08000411   Thumb Code    30  llshl.o(.text)
    _ll_shift_l                              0x08000411   Thumb Code     0  llshl.o(.text)
    __aeabi_llsr                             0x0800042f   Thumb Code    32  llushr.o(.text)
    _ll_ushift_r                             0x0800042f   Thumb Code     0  llushr.o(.text)
    __scatterload                            0x08000451   Thumb Code    28  init.o(.text)
    __scatterload_rt2                        0x08000451   Thumb Code     0  init.o(.text)
    main                                     0x08000475   Thumb Code    10  components.o(i.$Sub$$main)
    BusFault_Handler                         0x0800047f   Thumb Code     2  stm32f4xx_it.o(i.BusFault_Handler)
    DebugMon_Handler                         0x08000481   Thumb Code     2  stm32f4xx_it.o(i.DebugMon_Handler)
    Error_Handler                            0x08000485   Thumb Code    10  main.o(i.Error_Handler)
    HAL_DMA_Abort                            0x080004ad   Thumb Code   146  stm32f4xx_hal_dma.o(i.HAL_DMA_Abort)
    HAL_DMA_Abort_IT                         0x0800053f   Thumb Code    36  stm32f4xx_hal_dma.o(i.HAL_DMA_Abort_IT)
    HAL_GPIO_Init                            0x08000565   Thumb Code   450  stm32f4xx_hal_gpio.o(i.HAL_GPIO_Init)
    HAL_GetTick                              0x08000755   Thumb Code     6  stm32f4xx_hal.o(i.HAL_GetTick)
    HAL_I2C_Init                             0x08000761   Thumb Code   376  stm32f4xx_hal_i2c.o(i.HAL_I2C_Init)
    HAL_I2C_MspInit                          0x080008e9   Thumb Code   130  stm32f4xx_hal_msp.o(i.HAL_I2C_MspInit)
    HAL_Init                                 0x0800097d   Thumb Code    48  stm32f4xx_hal.o(i.HAL_Init)
    HAL_InitTick                             0x080009b1   Thumb Code    54  stm32f4xx_hal.o(i.HAL_InitTick)
    HAL_MspInit                              0x080009f1   Thumb Code    42  stm32f4xx_hal_msp.o(i.HAL_MspInit)
    HAL_NVIC_EnableIRQ                       0x08000a21   Thumb Code    26  stm32f4xx_hal_cortex.o(i.HAL_NVIC_EnableIRQ)
    HAL_NVIC_SetPriority                     0x08000a3d   Thumb Code    60  stm32f4xx_hal_cortex.o(i.HAL_NVIC_SetPriority)
    HAL_NVIC_SetPriorityGrouping             0x08000a7d   Thumb Code    26  stm32f4xx_hal_cortex.o(i.HAL_NVIC_SetPriorityGrouping)
    HAL_RCC_ClockConfig                      0x08000aa1   Thumb Code   288  stm32f4xx_hal_rcc.o(i.HAL_RCC_ClockConfig)
    HAL_RCC_GetHCLKFreq                      0x08000bd5   Thumb Code     6  stm32f4xx_hal_rcc.o(i.HAL_RCC_GetHCLKFreq)
    HAL_RCC_GetPCLK1Freq                     0x08000be1   Thumb Code    20  stm32f4xx_hal_rcc.o(i.HAL_RCC_GetPCLK1Freq)
    HAL_RCC_GetPCLK2Freq                     0x08000c01   Thumb Code    20  stm32f4xx_hal_rcc.o(i.HAL_RCC_GetPCLK2Freq)
    HAL_RCC_GetSysClockFreq                  0x08000c21   Thumb Code    88  stm32f4xx_hal_rcc.o(i.HAL_RCC_GetSysClockFreq)
    HAL_RCC_OscConfig                        0x08000c81   Thumb Code   856  stm32f4xx_hal_rcc.o(i.HAL_RCC_OscConfig)
    HAL_SYSTICK_Config                       0x08000fed   Thumb Code    40  stm32f4xx_hal_cortex.o(i.HAL_SYSTICK_Config)
    HAL_TIMEx_MasterConfigSynchronization    0x08001015   Thumb Code   116  stm32f4xx_hal_tim_ex.o(i.HAL_TIMEx_MasterConfigSynchronization)
    HAL_TIM_MspPostInit                      0x080010a5   Thumb Code   168  stm32f4xx_hal_msp.o(i.HAL_TIM_MspPostInit)
    HAL_TIM_OC_ConfigChannel                 0x08001169   Thumb Code    82  stm32f4xx_hal_tim.o(i.HAL_TIM_OC_ConfigChannel)
    HAL_TIM_OC_Init                          0x080011bb   Thumb Code    90  stm32f4xx_hal_tim.o(i.HAL_TIM_OC_Init)
    HAL_TIM_OC_MspInit                       0x08001215   Thumb Code     2  stm32f4xx_hal_tim.o(i.HAL_TIM_OC_MspInit)
    HAL_TIM_PWM_ConfigChannel                0x08001217   Thumb Code   204  stm32f4xx_hal_tim.o(i.HAL_TIM_PWM_ConfigChannel)
    HAL_TIM_PWM_Init                         0x080012e3   Thumb Code    90  stm32f4xx_hal_tim.o(i.HAL_TIM_PWM_Init)
    HAL_TIM_PWM_MspInit                      0x0800133d   Thumb Code    74  stm32f4xx_hal_msp.o(i.HAL_TIM_PWM_MspInit)
    HAL_UARTEx_RxEventCallback               0x08001399   Thumb Code     2  stm32f4xx_hal_uart.o(i.HAL_UARTEx_RxEventCallback)
    HAL_UART_ErrorCallback                   0x0800139b   Thumb Code     2  stm32f4xx_hal_uart.o(i.HAL_UART_ErrorCallback)
    HAL_UART_IRQHandler                      0x0800139d   Thumb Code   610  stm32f4xx_hal_uart.o(i.HAL_UART_IRQHandler)
    HAL_UART_Init                            0x08001605   Thumb Code    98  stm32f4xx_hal_uart.o(i.HAL_UART_Init)
    HAL_UART_MspInit                         0x08001669   Thumb Code   230  stm32f4xx_hal_msp.o(i.HAL_UART_MspInit)
    HAL_UART_Receive_IT                      0x0800176d   Thumb Code    42  stm32f4xx_hal_uart.o(i.HAL_UART_Receive_IT)
    HAL_UART_RxCpltCallback                  0x08001799   Thumb Code   152  main.o(i.HAL_UART_RxCpltCallback)
    HAL_UART_Transmit                        0x08001869   Thumb Code   178  stm32f4xx_hal_uart.o(i.HAL_UART_Transmit)
    HAL_UART_TxCpltCallback                  0x0800191b   Thumb Code     2  stm32f4xx_hal_uart.o(i.HAL_UART_TxCpltCallback)
    MemManage_Handler                        0x08001b65   Thumb Code     2  stm32f4xx_it.o(i.MemManage_Handler)
    NMI_Handler                              0x08001b67   Thumb Code     2  stm32f4xx_it.o(i.NMI_Handler)
    SysTick_Handler                          0x08001b69   Thumb Code    18  board.o(i.SysTick_Handler)
    SystemClock_Config                       0x08001b7d   Thumb Code   132  main.o(i.SystemClock_Config)
    SystemCoreClockUpdate                    0x08001c09   Thumb Code   104  system_stm32f4xx.o(i.SystemCoreClockUpdate)
    SystemInit                               0x08001c81   Thumb Code    12  system_stm32f4xx.o(i.SystemInit)
    TIM_Base_SetConfig                       0x08001c91   Thumb Code   156  stm32f4xx_hal_tim.o(i.TIM_Base_SetConfig)
    TIM_OC2_SetConfig                        0x08001db9   Thumb Code    98  stm32f4xx_hal_tim.o(i.TIM_OC2_SetConfig)
    UART_Start_Receive_IT                    0x08002109   Thumb Code    58  stm32f4xx_hal_uart.o(i.UART_Start_Receive_IT)
    USART2_IRQHandler                        0x080021bd   Thumb Code     6  stm32f4xx_it.o(i.USART2_IRQHandler)
    UsageFault_Handler                       0x080021c9   Thumb Code     2  stm32f4xx_it.o(i.UsageFault_Handler)
    __rt_ffs                                 0x080021ed   Thumb Code    64  kservice.o(i.__rt_ffs)
    __scatterload_copy                       0x08002231   Thumb Code    14  handlers.o(i.__scatterload_copy)
    __scatterload_null                       0x0800223f   Thumb Code     2  handlers.o(i.__scatterload_null)
    __scatterload_zeroinit                   0x08002241   Thumb Code    14  handlers.o(i.__scatterload_zeroinit)
    cmd_ps                                   0x08002479   Thumb Code    10  msh.o(i.cmd_ps)
    finsh_get_prompt                         0x08002485   Thumb Code    66  shell.o(i.finsh_get_prompt)
    finsh_set_prompt_mode                    0x080024e5   Thumb Code    16  shell.o(i.finsh_set_prompt_mode)
    finsh_system_function_init               0x080024f9   Thumb Code     8  shell.o(i.finsh_system_function_init)
    finsh_system_init                        0x08002505   Thumb Code    82  shell.o(i.finsh_system_init)
    finsh_thread_entry                       0x0800257d   Thumb Code   612  shell.o(i.finsh_thread_entry)
    hello                                    0x08002881   Thumb Code    12  cmd.o(i.hello)
    k210_data_get                            0x080028a1   Thumb Code    82  main.o(i.k210_data_get)
    list                                     0x080028fd   Thumb Code    50  cmd.o(i.list)
    list_sem                                 0x080029ed   Thumb Code   214  cmd.o(i.list_sem)
    list_thread                              0x08002b2d   Thumb Code   250  cmd.o(i.list_thread)
    list_timer                               0x08002ce5   Thumb Code   160  cmd.o(i.list_timer)
    $Super$$main                             0x08002e25   Thumb Code   120  main.o(i.main)
    main_thread_entry                        0x08002eb9   Thumb Code    14  components.o(i.main_thread_entry)
    msh_auto_complete                        0x08002fa1   Thumb Code   150  msh.o(i.msh_auto_complete)
    msh_exec                                 0x0800304d   Thumb Code    74  msh.o(i.msh_exec)
    msh_help                                 0x080030b1   Thumb Code    58  msh.o(i.msh_help)
    msh_is_used                              0x08003129   Thumb Code     4  msh.o(i.msh_is_used)
    rt_application_init                      0x08003345   Thumb Code    44  components.o(i.rt_application_init)
    rt_components_board_init                 0x08003381   Thumb Code    20  components.o(i.rt_components_board_init)
    rt_components_init                       0x0800339d   Thumb Code    20  components.o(i.rt_components_init)
    rt_enter_critical                        0x080033b9   Thumb Code    22  scheduler.o(i.rt_enter_critical)
    rt_exit_critical                         0x080033d5   Thumb Code    52  scheduler.o(i.rt_exit_critical)
    rt_hw_board_init                         0x0800340d   Thumb Code    38  board.o(i.rt_hw_board_init)
    rt_hw_console_getchar                    0x08003435   Thumb Code    34  board.o(i.rt_hw_console_getchar)
    rt_hw_console_output                     0x0800345d   Thumb Code    66  board.o(i.rt_hw_console_output)
    rt_hw_hard_fault_exception               0x080034a5   Thumb Code   198  cpuport.o(i.rt_hw_hard_fault_exception)
    rt_hw_stack_init                         0x080036bd   Thumb Code    54  cpuport.o(i.rt_hw_stack_init)
    rt_interrupt_enter                       0x080036f9   Thumb Code    22  irq.o(i.rt_interrupt_enter)
    rt_interrupt_leave                       0x08003715   Thumb Code    22  irq.o(i.rt_interrupt_leave)
    rt_kprintf                               0x08003731   Thumb Code    28  kservice.o(i.rt_kprintf)
    rt_memmove                               0x080037a5   Thumb Code    50  kservice.o(i.rt_memmove)
    rt_memset                                0x080037d9   Thumb Code    70  kservice.o(i.rt_memset)
    rt_object_detach                         0x0800381f   Thumb Code    36  object.o(i.rt_object_detach)
    rt_object_get_information                0x08003845   Thumb Code    30  object.o(i.rt_object_get_information)
    rt_object_init                           0x08003869   Thumb Code    82  object.o(i.rt_object_init)
    rt_object_is_systemobject                0x080038bb   Thumb Code    14  object.o(i.rt_object_is_systemobject)
    rt_schedule                              0x080038c9   Thumb Code    76  scheduler.o(i.rt_schedule)
    rt_schedule_insert_thread                0x08003921   Thumb Code    70  scheduler.o(i.rt_schedule_insert_thread)
    rt_schedule_remove_thread                0x08003971   Thumb Code    64  scheduler.o(i.rt_schedule_remove_thread)
    rt_sem_init                              0x080039b9   Thumb Code    36  ipc.o(i.rt_sem_init)
    rt_show_version                          0x080039dd   Thumb Code    40  kservice.o(i.rt_show_version)
    rt_strlen                                0x08003a8d   Thumb Code    16  kservice.o(i.rt_strlen)
    rt_strncpy                               0x08003a9d   Thumb Code    38  kservice.o(i.rt_strncpy)
    rt_system_scheduler_init                 0x08003ac5   Thumb Code    44  scheduler.o(i.rt_system_scheduler_init)
    rt_system_scheduler_start                0x08003af9   Thumb Code    32  scheduler.o(i.rt_system_scheduler_start)
    rt_system_timer_init                     0x08003b21   Thumb Code     8  timer.o(i.rt_system_timer_init)
    rt_system_timer_thread_init              0x08003b2d   Thumb Code     2  timer.o(i.rt_system_timer_thread_init)
    rt_thread_exit                           0x08003b31   Thumb Code    82  thread.o(i.rt_thread_exit)
    rt_thread_idle_init                      0x08003b91   Thumb Code    40  idle.o(i.rt_thread_idle_init)
    rt_thread_init                           0x08003bc9   Thumb Code    48  thread.o(i.rt_thread_init)
    rt_thread_mdelay                         0x08003bf9   Thumb Code    14  thread.o(i.rt_thread_mdelay)
    rt_thread_resume                         0x08003c07   Thumb Code    60  thread.o(i.rt_thread_resume)
    rt_thread_self                           0x08003c45   Thumb Code     6  thread.o(i.rt_thread_self)
    rt_thread_sleep                          0x08003c51   Thumb Code    60  thread.o(i.rt_thread_sleep)
    rt_thread_startup                        0x08003c91   Thumb Code    40  thread.o(i.rt_thread_startup)
    rt_thread_suspend                        0x08003cbd   Thumb Code    66  thread.o(i.rt_thread_suspend)
    rt_thread_timeout                        0x08003cff   Thumb Code    32  thread.o(i.rt_thread_timeout)
    rt_thread_yield                          0x08003d21   Thumb Code    86  thread.o(i.rt_thread_yield)
    rt_tick_from_millisecond                 0x08003d81   Thumb Code    50  clock.o(i.rt_tick_from_millisecond)
    rt_tick_get                              0x08003db5   Thumb Code     6  clock.o(i.rt_tick_get)
    rt_tick_increase                         0x08003dc1   Thumb Code    38  clock.o(i.rt_tick_increase)
    rt_timer_check                           0x08003ded   Thumb Code   136  timer.o(i.rt_timer_check)
    rt_timer_control                         0x08003e79   Thumb Code    72  timer.o(i.rt_timer_control)
    rt_timer_detach                          0x08003ec1   Thumb Code    40  timer.o(i.rt_timer_detach)
    rt_timer_init                            0x08003ee9   Thumb Code    48  timer.o(i.rt_timer_init)
    rt_timer_start                           0x08003f19   Thumb Code   126  timer.o(i.rt_timer_start)
    rt_timer_stop                            0x08003f9d   Thumb Code    46  timer.o(i.rt_timer_stop)
    rt_vsnprintf                             0x08003fcd   Thumb Code   634  kservice.o(i.rt_vsnprintf)
    rtthread_startup                         0x08004261   Thumb Code    42  components.o(i.rtthread_startup)
    version                                  0x080043b9   Thumb Code    10  cmd.o(i.version)
    AHBPrescTable                            0x080043c2   Data          16  system_stm32f4xx.o(.constdata)
    APBPrescTable                            0x080043d2   Data           8  system_stm32f4xx.o(.constdata)
    __lowest_bit_bitmap                      0x080043da   Data         256  kservice.o(.constdata)
    __fsym_hello_name                        0x08004540   Data           6  cmd.o(.rodata.name)
    __fsym_hello_desc                        0x08004546   Data          16  cmd.o(.rodata.name)
    __fsym_version_name                      0x08004556   Data           8  cmd.o(.rodata.name)
    __fsym_version_desc                      0x0800455e   Data          35  cmd.o(.rodata.name)
    __fsym___cmd_version_name                0x08004581   Data          14  cmd.o(.rodata.name)
    __fsym___cmd_version_desc                0x0800458f   Data          35  cmd.o(.rodata.name)
    __fsym_list_thread_name                  0x080045b2   Data          12  cmd.o(.rodata.name)
    __fsym_list_thread_desc                  0x080045be   Data          12  cmd.o(.rodata.name)
    __fsym___cmd_list_thread_name            0x080045ca   Data          18  cmd.o(.rodata.name)
    __fsym___cmd_list_thread_desc            0x080045dc   Data          12  cmd.o(.rodata.name)
    __fsym_list_sem_name                     0x080045e8   Data           9  cmd.o(.rodata.name)
    __fsym_list_sem_desc                     0x080045f1   Data          25  cmd.o(.rodata.name)
    __fsym___cmd_list_sem_name               0x0800460a   Data          15  cmd.o(.rodata.name)
    __fsym___cmd_list_sem_desc               0x08004619   Data          25  cmd.o(.rodata.name)
    __fsym_list_timer_name                   0x08004632   Data          11  cmd.o(.rodata.name)
    __fsym_list_timer_desc                   0x0800463d   Data          21  cmd.o(.rodata.name)
    __fsym___cmd_list_timer_name             0x08004652   Data          17  cmd.o(.rodata.name)
    __fsym___cmd_list_timer_desc             0x08004663   Data          21  cmd.o(.rodata.name)
    __fsym_list_name                         0x08004678   Data           5  cmd.o(.rodata.name)
    __fsym_list_desc                         0x0800467d   Data          26  cmd.o(.rodata.name)
    __fsym___cmd_help_name                   0x08004697   Data          11  msh.o(.rodata.name)
    __fsym___cmd_help_desc                   0x080046a2   Data          22  msh.o(.rodata.name)
    __fsym___cmd_ps_name                     0x080046b8   Data           9  msh.o(.rodata.name)
    __fsym___cmd_ps_desc                     0x080046c1   Data          28  msh.o(.rodata.name)
    __rt_init_rti_start                      0x080046e0   Data           4  components.o(.rti_fn.0)
    __rt_init_rti_board_start                0x080046e4   Data           4  components.o(.rti_fn.0.end)
    __rt_init_uart_init                      0x080046e8   Data           4  board.o(.rti_fn.1)
    __rt_init_rti_board_end                  0x080046ec   Data           4  components.o(.rti_fn.1.end)
    __rt_init_finsh_system_init              0x080046f0   Data           4  shell.o(.rti_fn.6)
    __rt_init_rti_end                        0x080046f4   Data           4  components.o(.rti_fn.6.end)
    FSymTab$$Base                            0x080046f8   Number         0  cmd.o(FSymTab)
    __fsym_hello                             0x080046f8   Data          12  cmd.o(FSymTab)
    __fsym_version                           0x08004704   Data          12  cmd.o(FSymTab)
    __fsym___cmd_version                     0x08004710   Data          12  cmd.o(FSymTab)
    __fsym_list_thread                       0x0800471c   Data          12  cmd.o(FSymTab)
    __fsym___cmd_list_thread                 0x08004728   Data          12  cmd.o(FSymTab)
    __fsym_list_sem                          0x08004734   Data          12  cmd.o(FSymTab)
    __fsym___cmd_list_sem                    0x08004740   Data          12  cmd.o(FSymTab)
    __fsym_list_timer                        0x0800474c   Data          12  cmd.o(FSymTab)
    __fsym___cmd_list_timer                  0x08004758   Data          12  cmd.o(FSymTab)
    __fsym_list                              0x08004764   Data          12  cmd.o(FSymTab)
    __fsym___cmd_help                        0x08004770   Data          12  msh.o(FSymTab)
    __fsym___cmd_ps                          0x0800477c   Data          12  msh.o(FSymTab)
    FSymTab$$Limit                           0x08004788   Number         0  msh.o(FSymTab)
    Region$$Table$$Base                      0x08004788   Number         0  anon$$obj.o(Region$$Table)
    Region$$Table$$Limit                     0x080047a8   Number         0  anon$$obj.o(Region$$Table)
    u2len                                    0x20000000   Data           1  main.o(.data)
    u2buff                                   0x20000001   Data           1  main.o(.data)
    k210_data                                0x20000002   Data           5  main.o(.data)
    uwTickFreq                               0x20000008   Data           1  stm32f4xx_hal.o(.data)
    uwTickPrio                               0x2000000c   Data           4  stm32f4xx_hal.o(.data)
    uwTick                                   0x20000010   Data           4  stm32f4xx_hal.o(.data)
    SystemCoreClock                          0x20000014   Data           4  system_stm32f4xx.o(.data)
    rt_interrupt_nest                        0x2000001c   Data           1  irq.o(.data)
    rt_current_priority                      0x20000050   Data           1  scheduler.o(.data)
    rt_current_thread                        0x20000054   Data           4  scheduler.o(.data)
    rt_thread_ready_priority_group           0x20000058   Data           4  scheduler.o(.data)
    rt_thread_defunct                        0x2000005c   Data           8  scheduler.o(.data)
    rt_interrupt_from_thread                 0x20000074   Data           4  cpuport.o(.data)
    rt_interrupt_to_thread                   0x20000078   Data           4  cpuport.o(.data)
    rt_thread_switch_interrupt_flag          0x2000007c   Data           4  cpuport.o(.data)
    _syscall_table_begin                     0x20000080   Data           4  shell.o(.data)
    _syscall_table_end                       0x20000084   Data           4  shell.o(.data)
    _sysvar_table_begin                      0x20000088   Data           4  shell.o(.data)
    _sysvar_table_end                        0x2000008c   Data           4  shell.o(.data)
    shell                                    0x20000094   Data           4  shell.o(.data)
    hi2c3                                    0x20000098   Data          84  main.o(.bss)
    htim3                                    0x200000ec   Data          72  main.o(.bss)
    htim4                                    0x20000134   Data          72  main.o(.bss)
    htim5                                    0x2000017c   Data          72  main.o(.bss)
    huart2                                   0x200001c4   Data          68  main.o(.bss)
    huart3                                   0x20000208   Data          68  main.o(.bss)
    u2date                                   0x2000024c   Data          20  main.o(.bss)
    main_thread                              0x20000660   Data         120  components.o(.bss)
    rt_thread_priority_table                 0x20000850   Data         256  scheduler.o(.bss)
    _shell                                   0x20000e90   Data         120  shell.o(.bss)
    __initial_sp                             0x20001708   Data           0  startup_stm32f407xx.o(STACK)



==============================================================================

Memory Map of the image

  Image Entry point : 0x08000189

  Load Region LR_IROM1 (Base: 0x08000000, Size: 0x00004840, Max: 0x00080000, ABSOLUTE)

    Execution Region ER_IROM1 (Exec base: 0x08000000, Load base: 0x08000000, Size: 0x000047a8, Max: 0x00080000, ABSOLUTE)

    Exec Addr    Load Addr    Size         Type   Attr      Idx    E Section Name        Object

    0x08000000   0x08000000   0x00000188   Data   RO            3    RESET               startup_stm32f407xx.o
    0x08000188   0x08000188   0x00000000   Code   RO         4918  * .ARM.Collect$$$$00000000  mc_w.l(entry.o)
    0x08000188   0x08000188   0x00000004   Code   RO         4951    .ARM.Collect$$$$00000001  mc_w.l(entry2.o)
    0x0800018c   0x0800018c   0x00000004   Code   RO         4954    .ARM.Collect$$$$00000004  mc_w.l(entry5.o)
    0x08000190   0x08000190   0x00000000   Code   RO         4956    .ARM.Collect$$$$00000008  mc_w.l(entry7b.o)
    0x08000190   0x08000190   0x00000000   Code   RO         4958    .ARM.Collect$$$$0000000A  mc_w.l(entry8b.o)
    0x08000190   0x08000190   0x00000008   Code   RO         4959    .ARM.Collect$$$$0000000B  mc_w.l(entry9a.o)
    0x08000198   0x08000198   0x00000004   Code   RO         4966    .ARM.Collect$$$$0000000E  mc_w.l(entry12b.o)
    0x0800019c   0x0800019c   0x00000000   Code   RO         4961    .ARM.Collect$$$$0000000F  mc_w.l(entry10a.o)
    0x0800019c   0x0800019c   0x00000000   Code   RO         4963    .ARM.Collect$$$$00000011  mc_w.l(entry11a.o)
    0x0800019c   0x0800019c   0x00000004   Code   RO         4952    .ARM.Collect$$$$00002712  mc_w.l(entry2.o)
    0x080001a0   0x080001a0   0x00000024   Code   RO            4    .text               startup_stm32f407xx.o
    0x080001c4   0x080001c4   0x00000134   Code   RO         3809    .text               context_rvds.o
    0x080002f8   0x080002f8   0x00000062   Code   RO         4921    .text               mc_w.l(uldiv.o)
    0x0800035a   0x0800035a   0x00000024   Code   RO         4923    .text               mc_w.l(memcpya.o)
    0x0800037e   0x0800037e   0x00000024   Code   RO         4925    .text               mc_w.l(memseta.o)
    0x080003a2   0x080003a2   0x00000018   Code   RO         4927    .text               mc_w.l(strcat.o)
    0x080003ba   0x080003ba   0x00000018   Code   RO         4929    .text               mc_w.l(strncpy.o)
    0x080003d2   0x080003d2   0x0000000e   Code   RO         4931    .text               mc_w.l(strlen.o)
    0x080003e0   0x080003e0   0x00000012   Code   RO         4933    .text               mc_w.l(strcpy.o)
    0x080003f2   0x080003f2   0x0000001e   Code   RO         4935    .text               mc_w.l(strncmp.o)
    0x08000410   0x08000410   0x0000001e   Code   RO         4967    .text               mc_w.l(llshl.o)
    0x0800042e   0x0800042e   0x00000020   Code   RO         4969    .text               mc_w.l(llushr.o)
    0x0800044e   0x0800044e   0x00000002   PAD
    0x08000450   0x08000450   0x00000024   Code   RO         4978    .text               mc_w.l(init.o)
    0x08000474   0x08000474   0x0000000a   Code   RO         3854    i.$Sub$$main        components.o
    0x0800047e   0x0800047e   0x00000002   Code   RO          441    i.BusFault_Handler  stm32f4xx_it.o
    0x08000480   0x08000480   0x00000002   Code   RO          442    i.DebugMon_Handler  stm32f4xx_it.o
    0x08000482   0x08000482   0x00000002   PAD
    0x08000484   0x08000484   0x00000028   Code   RO          234    i.Error_Handler     main.o
    0x080004ac   0x080004ac   0x00000092   Code   RO         1480    i.HAL_DMA_Abort     stm32f4xx_hal_dma.o
    0x0800053e   0x0800053e   0x00000024   Code   RO         1481    i.HAL_DMA_Abort_IT  stm32f4xx_hal_dma.o
    0x08000562   0x08000562   0x00000002   PAD
    0x08000564   0x08000564   0x000001f0   Code   RO         1373    i.HAL_GPIO_Init     stm32f4xx_hal_gpio.o
    0x08000754   0x08000754   0x0000000c   Code   RO         1905    i.HAL_GetTick       stm32f4xx_hal.o
    0x08000760   0x08000760   0x00000188   Code   RO          579    i.HAL_I2C_Init      stm32f4xx_hal_i2c.o
    0x080008e8   0x080008e8   0x00000094   Code   RO          503    i.HAL_I2C_MspInit   stm32f4xx_hal_msp.o
    0x0800097c   0x0800097c   0x00000034   Code   RO         1912    i.HAL_Init          stm32f4xx_hal.o
    0x080009b0   0x080009b0   0x00000040   Code   RO         1913    i.HAL_InitTick      stm32f4xx_hal.o
    0x080009f0   0x080009f0   0x00000030   Code   RO          504    i.HAL_MspInit       stm32f4xx_hal_msp.o
    0x08000a20   0x08000a20   0x0000001a   Code   RO         1762    i.HAL_NVIC_EnableIRQ  stm32f4xx_hal_cortex.o
    0x08000a3a   0x08000a3a   0x00000002   PAD
    0x08000a3c   0x08000a3c   0x00000040   Code   RO         1768    i.HAL_NVIC_SetPriority  stm32f4xx_hal_cortex.o
    0x08000a7c   0x08000a7c   0x00000024   Code   RO         1769    i.HAL_NVIC_SetPriorityGrouping  stm32f4xx_hal_cortex.o
    0x08000aa0   0x08000aa0   0x00000134   Code   RO         1019    i.HAL_RCC_ClockConfig  stm32f4xx_hal_rcc.o
    0x08000bd4   0x08000bd4   0x0000000c   Code   RO         1024    i.HAL_RCC_GetHCLKFreq  stm32f4xx_hal_rcc.o
    0x08000be0   0x08000be0   0x00000020   Code   RO         1026    i.HAL_RCC_GetPCLK1Freq  stm32f4xx_hal_rcc.o
    0x08000c00   0x08000c00   0x00000020   Code   RO         1027    i.HAL_RCC_GetPCLK2Freq  stm32f4xx_hal_rcc.o
    0x08000c20   0x08000c20   0x00000060   Code   RO         1028    i.HAL_RCC_GetSysClockFreq  stm32f4xx_hal_rcc.o
    0x08000c80   0x08000c80   0x0000036c   Code   RO         1031    i.HAL_RCC_OscConfig  stm32f4xx_hal_rcc.o
    0x08000fec   0x08000fec   0x00000028   Code   RO         1773    i.HAL_SYSTICK_Config  stm32f4xx_hal_cortex.o
    0x08001014   0x08001014   0x00000090   Code   RO         2875    i.HAL_TIMEx_MasterConfigSynchronization  stm32f4xx_hal_tim_ex.o
    0x080010a4   0x080010a4   0x000000c4   Code   RO          505    i.HAL_TIM_MspPostInit  stm32f4xx_hal_msp.o
    0x08001168   0x08001168   0x00000052   Code   RO         2201    i.HAL_TIM_OC_ConfigChannel  stm32f4xx_hal_tim.o
    0x080011ba   0x080011ba   0x0000005a   Code   RO         2205    i.HAL_TIM_OC_Init   stm32f4xx_hal_tim.o
    0x08001214   0x08001214   0x00000002   Code   RO         2207    i.HAL_TIM_OC_MspInit  stm32f4xx_hal_tim.o
    0x08001216   0x08001216   0x000000cc   Code   RO         2224    i.HAL_TIM_PWM_ConfigChannel  stm32f4xx_hal_tim.o
    0x080012e2   0x080012e2   0x0000005a   Code   RO         2227    i.HAL_TIM_PWM_Init  stm32f4xx_hal_tim.o
    0x0800133c   0x0800133c   0x0000005c   Code   RO          507    i.HAL_TIM_PWM_MspInit  stm32f4xx_hal_msp.o
    0x08001398   0x08001398   0x00000002   Code   RO         3134    i.HAL_UARTEx_RxEventCallback  stm32f4xx_hal_uart.o
    0x0800139a   0x0800139a   0x00000002   Code   RO         3148    i.HAL_UART_ErrorCallback  stm32f4xx_hal_uart.o
    0x0800139c   0x0800139c   0x00000268   Code   RO         3151    i.HAL_UART_IRQHandler  stm32f4xx_hal_uart.o
    0x08001604   0x08001604   0x00000062   Code   RO         3152    i.HAL_UART_Init     stm32f4xx_hal_uart.o
    0x08001666   0x08001666   0x00000002   PAD
    0x08001668   0x08001668   0x00000104   Code   RO          509    i.HAL_UART_MspInit  stm32f4xx_hal_msp.o
    0x0800176c   0x0800176c   0x0000002a   Code   RO         3157    i.HAL_UART_Receive_IT  stm32f4xx_hal_uart.o
    0x08001796   0x08001796   0x00000002   PAD
    0x08001798   0x08001798   0x000000d0   Code   RO          235    i.HAL_UART_RxCpltCallback  main.o
    0x08001868   0x08001868   0x000000b2   Code   RO         3160    i.HAL_UART_Transmit  stm32f4xx_hal_uart.o
    0x0800191a   0x0800191a   0x00000002   Code   RO         3163    i.HAL_UART_TxCpltCallback  stm32f4xx_hal_uart.o
    0x0800191c   0x0800191c   0x0000005c   Code   RO          236    i.MX_GPIO_Init      main.o
    0x08001978   0x08001978   0x0000003c   Code   RO          237    i.MX_I2C3_Init      main.o
    0x080019b4   0x080019b4   0x00000090   Code   RO          238    i.MX_TIM3_Init      main.o
    0x08001a44   0x08001a44   0x0000008c   Code   RO          239    i.MX_TIM4_Init      main.o
    0x08001ad0   0x08001ad0   0x00000094   Code   RO          240    i.MX_TIM5_Init      main.o
    0x08001b64   0x08001b64   0x00000002   Code   RO          443    i.MemManage_Handler  stm32f4xx_it.o
    0x08001b66   0x08001b66   0x00000002   Code   RO          444    i.NMI_Handler       stm32f4xx_it.o
    0x08001b68   0x08001b68   0x00000012   Code   RO         4612    i.SysTick_Handler   board.o
    0x08001b7a   0x08001b7a   0x00000002   PAD
    0x08001b7c   0x08001b7c   0x0000008c   Code   RO          241    i.SystemClock_Config  main.o
    0x08001c08   0x08001c08   0x00000078   Code   RO         3480    i.SystemCoreClockUpdate  system_stm32f4xx.o
    0x08001c80   0x08001c80   0x00000010   Code   RO         3481    i.SystemInit        system_stm32f4xx.o
    0x08001c90   0x08001c90   0x000000c8   Code   RO         2245    i.TIM_Base_SetConfig  stm32f4xx_hal_tim.o
    0x08001d58   0x08001d58   0x00000060   Code   RO         2258    i.TIM_OC1_SetConfig  stm32f4xx_hal_tim.o
    0x08001db8   0x08001db8   0x0000006c   Code   RO         2259    i.TIM_OC2_SetConfig  stm32f4xx_hal_tim.o
    0x08001e24   0x08001e24   0x00000068   Code   RO         2260    i.TIM_OC3_SetConfig  stm32f4xx_hal_tim.o
    0x08001e8c   0x08001e8c   0x00000050   Code   RO         2261    i.TIM_OC4_SetConfig  stm32f4xx_hal_tim.o
    0x08001edc   0x08001edc   0x00000010   Code   RO         3165    i.UART_DMAAbortOnError  stm32f4xx_hal_uart.o
    0x08001eec   0x08001eec   0x0000004e   Code   RO         3175    i.UART_EndRxTransfer  stm32f4xx_hal_uart.o
    0x08001f3a   0x08001f3a   0x000000c0   Code   RO         3177    i.UART_Receive_IT   stm32f4xx_hal_uart.o
    0x08001ffa   0x08001ffa   0x00000002   PAD
    0x08001ffc   0x08001ffc   0x0000010c   Code   RO         3178    i.UART_SetConfig    stm32f4xx_hal_uart.o
    0x08002108   0x08002108   0x0000003a   Code   RO         3180    i.UART_Start_Receive_IT  stm32f4xx_hal_uart.o
    0x08002142   0x08002142   0x00000078   Code   RO         3181    i.UART_WaitOnFlagUntilTimeout  stm32f4xx_hal_uart.o
    0x080021ba   0x080021ba   0x00000002   PAD
    0x080021bc   0x080021bc   0x0000000c   Code   RO          445    i.USART2_IRQHandler  stm32f4xx_it.o
    0x080021c8   0x080021c8   0x00000002   Code   RO          446    i.UsageFault_Handler  stm32f4xx_it.o
    0x080021ca   0x080021ca   0x00000020   Code   RO         1775    i.__NVIC_SetPriority  stm32f4xx_hal_cortex.o
    0x080021ea   0x080021ea   0x00000002   PAD
    0x080021ec   0x080021ec   0x00000044   Code   RO         4042    i.__rt_ffs          kservice.o
    0x08002230   0x08002230   0x0000000e   Code   RO         4982    i.__scatterload_copy  mc_w.l(handlers.o)
    0x0800223e   0x0800223e   0x00000002   Code   RO         4983    i.__scatterload_null  mc_w.l(handlers.o)
    0x08002240   0x08002240   0x0000000e   Code   RO         4984    i.__scatterload_zeroinit  mc_w.l(handlers.o)
    0x0800224e   0x0800224e   0x00000002   PAD
    0x08002250   0x08002250   0x0000009c   Code   RO         4775    i._msh_exec_cmd     msh.o
    0x080022ec   0x080022ec   0x00000080   Code   RO         4349    i._rt_thread_init   thread.o
    0x0800236c   0x0800236c   0x00000006   Code   RO         4467    i._rt_timer_remove  timer.o
    0x08002372   0x08002372   0x0000001c   Code   RO         4350    i._thread_cleanup_execute  thread.o
    0x0800238e   0x0800238e   0x00000002   PAD
    0x08002390   0x08002390   0x000000e8   Code   RO         4547    i.bus_fault_track   cpuport.o
    0x08002478   0x08002478   0x0000000a   Code   RO         4776    i.cmd_ps            msh.o
    0x08002482   0x08002482   0x00000002   PAD
    0x08002484   0x08002484   0x00000060   Code   RO         4839    i.finsh_get_prompt  shell.o
    0x080024e4   0x080024e4   0x00000014   Code   RO         4842    i.finsh_set_prompt_mode  shell.o
    0x080024f8   0x080024f8   0x0000000c   Code   RO         4843    i.finsh_system_function_init  shell.o
    0x08002504   0x08002504   0x00000078   Code   RO         4844    i.finsh_system_init  shell.o
    0x0800257c   0x0800257c   0x0000028c   Code   RO         4846    i.finsh_thread_entry  shell.o
    0x08002808   0x08002808   0x00000078   Code   RO         4548    i.hard_fault_track  cpuport.o
    0x08002880   0x08002880   0x00000020   Code   RO         4663    i.hello             cmd.o
    0x080028a0   0x080028a0   0x0000005c   Code   RO          242    i.k210_data_get     main.o
    0x080028fc   0x080028fc   0x00000064   Code   RO         4664    i.list              cmd.o
    0x08002960   0x08002960   0x00000024   Code   RO         4665    i.list_find_init    cmd.o
    0x08002984   0x08002984   0x00000066   Code   RO         4666    i.list_get_next     cmd.o
    0x080029ea   0x080029ea   0x00000002   PAD
    0x080029ec   0x080029ec   0x00000140   Code   RO         4667    i.list_sem          cmd.o
    0x08002b2c   0x08002b2c   0x000001b8   Code   RO         4668    i.list_thread       cmd.o
    0x08002ce4   0x08002ce4   0x00000140   Code   RO         4669    i.list_timer        cmd.o
    0x08002e24   0x08002e24   0x00000094   Code   RO          243    i.main              main.o
    0x08002eb8   0x08002eb8   0x0000000e   Code   RO         3855    i.main_thread_entry  components.o
    0x08002ec6   0x08002ec6   0x00000002   PAD
    0x08002ec8   0x08002ec8   0x000000d8   Code   RO         4549    i.mem_manage_fault_track  cpuport.o
    0x08002fa0   0x08002fa0   0x000000ac   Code   RO         4777    i.msh_auto_complete  msh.o
    0x0800304c   0x0800304c   0x00000064   Code   RO         4778    i.msh_exec          msh.o
    0x080030b0   0x080030b0   0x00000078   Code   RO         4779    i.msh_help          msh.o
    0x08003128   0x08003128   0x00000004   Code   RO         4780    i.msh_is_used       msh.o
    0x0800312c   0x0800312c   0x000000d0   Code   RO         4781    i.msh_split         msh.o
    0x080031fc   0x080031fc   0x00000018   Code   RO         4670    i.object_split      cmd.o
    0x08003214   0x08003214   0x00000130   Code   RO         4044    i.print_number      kservice.o
    0x08003344   0x08003344   0x0000003c   Code   RO         3856    i.rt_application_init  components.o
    0x08003380   0x08003380   0x0000001c   Code   RO         3857    i.rt_components_board_init  components.o
    0x0800339c   0x0800339c   0x0000001c   Code   RO         3858    i.rt_components_init  components.o
    0x080033b8   0x080033b8   0x0000001c   Code   RO         4282    i.rt_enter_critical  scheduler.o
    0x080033d4   0x080033d4   0x00000038   Code   RO         4283    i.rt_exit_critical  scheduler.o
    0x0800340c   0x0800340c   0x00000026   Code   RO         4613    i.rt_hw_board_init  board.o
    0x08003432   0x08003432   0x00000002   PAD
    0x08003434   0x08003434   0x00000028   Code   RO         4614    i.rt_hw_console_getchar  board.o
    0x0800345c   0x0800345c   0x00000048   Code   RO         4615    i.rt_hw_console_output  board.o
    0x080034a4   0x080034a4   0x00000218   Code   RO         4553    i.rt_hw_hard_fault_exception  cpuport.o
    0x080036bc   0x080036bc   0x0000003c   Code   RO         4554    i.rt_hw_stack_init  cpuport.o
    0x080036f8   0x080036f8   0x0000001c   Code   RO         4015    i.rt_interrupt_enter  irq.o
    0x08003714   0x08003714   0x0000001c   Code   RO         4017    i.rt_interrupt_leave  irq.o
    0x08003730   0x08003730   0x00000020   Code   RO         4047    i.rt_kprintf        kservice.o
    0x08003750   0x08003750   0x0000000e   Code   RO         4351    i.rt_list_insert_after  thread.o
    0x0800375e   0x0800375e   0x0000000e   Code   RO         4468    i.rt_list_insert_after  timer.o
    0x0800376c   0x0800376c   0x00000012   Code   RO         4671    i.rt_list_len       cmd.o
    0x0800377e   0x0800377e   0x00000012   Code   RO         4352    i.rt_list_remove    thread.o
    0x08003790   0x08003790   0x00000012   Code   RO         4469    i.rt_list_remove    timer.o
    0x080037a2   0x080037a2   0x00000002   PAD
    0x080037a4   0x080037a4   0x00000032   Code   RO         4051    i.rt_memmove        kservice.o
    0x080037d6   0x080037d6   0x00000002   PAD
    0x080037d8   0x080037d8   0x00000046   Code   RO         4052    i.rt_memset         kservice.o
    0x0800381e   0x0800381e   0x00000024   Code   RO         4216    i.rt_object_detach  object.o
    0x08003842   0x08003842   0x00000002   PAD
    0x08003844   0x08003844   0x00000024   Code   RO         4218    i.rt_object_get_information  object.o
    0x08003868   0x08003868   0x00000052   Code   RO         4222    i.rt_object_init    object.o
    0x080038ba   0x080038ba   0x0000000e   Code   RO         4223    i.rt_object_is_systemobject  object.o
    0x080038c8   0x080038c8   0x00000058   Code   RO         4284    i.rt_schedule       scheduler.o
    0x08003920   0x08003920   0x00000050   Code   RO         4285    i.rt_schedule_insert_thread  scheduler.o
    0x08003970   0x08003970   0x00000048   Code   RO         4286    i.rt_schedule_remove_thread  scheduler.o
    0x080039b8   0x080039b8   0x00000024   Code   RO         3964    i.rt_sem_init       ipc.o
    0x080039dc   0x080039dc   0x000000b0   Code   RO         4054    i.rt_show_version   kservice.o
    0x08003a8c   0x08003a8c   0x00000010   Code   RO         4059    i.rt_strlen         kservice.o
    0x08003a9c   0x08003a9c   0x00000026   Code   RO         4061    i.rt_strncpy        kservice.o
    0x08003ac2   0x08003ac2   0x00000002   PAD
    0x08003ac4   0x08003ac4   0x00000034   Code   RO         4287    i.rt_system_scheduler_init  scheduler.o
    0x08003af8   0x08003af8   0x00000028   Code   RO         4288    i.rt_system_scheduler_start  scheduler.o
    0x08003b20   0x08003b20   0x0000000c   Code   RO         4470    i.rt_system_timer_init  timer.o
    0x08003b2c   0x08003b2c   0x00000002   Code   RO         4471    i.rt_system_timer_thread_init  timer.o
    0x08003b2e   0x08003b2e   0x00000002   PAD
    0x08003b30   0x08003b30   0x0000005c   Code   RO         4357    i.rt_thread_exit    thread.o
    0x08003b8c   0x08003b8c   0x00000002   Code   RO         3929    i.rt_thread_idle_entry  idle.o
    0x08003b8e   0x08003b8e   0x00000002   PAD
    0x08003b90   0x08003b90   0x00000038   Code   RO         3932    i.rt_thread_idle_init  idle.o
    0x08003bc8   0x08003bc8   0x00000030   Code   RO         4359    i.rt_thread_init    thread.o
    0x08003bf8   0x08003bf8   0x0000000e   Code   RO         4360    i.rt_thread_mdelay  thread.o
    0x08003c06   0x08003c06   0x0000003c   Code   RO         4361    i.rt_thread_resume  thread.o
    0x08003c42   0x08003c42   0x00000002   PAD
    0x08003c44   0x08003c44   0x0000000c   Code   RO         4362    i.rt_thread_self    thread.o
    0x08003c50   0x08003c50   0x00000040   Code   RO         4363    i.rt_thread_sleep   thread.o
    0x08003c90   0x08003c90   0x0000002c   Code   RO         4364    i.rt_thread_startup  thread.o
    0x08003cbc   0x08003cbc   0x00000042   Code   RO         4365    i.rt_thread_suspend  thread.o
    0x08003cfe   0x08003cfe   0x00000020   Code   RO         4366    i.rt_thread_timeout  thread.o
    0x08003d1e   0x08003d1e   0x00000002   PAD
    0x08003d20   0x08003d20   0x00000060   Code   RO         4367    i.rt_thread_yield   thread.o
    0x08003d80   0x08003d80   0x00000032   Code   RO         3814    i.rt_tick_from_millisecond  clock.o
    0x08003db2   0x08003db2   0x00000002   PAD
    0x08003db4   0x08003db4   0x0000000c   Code   RO         3815    i.rt_tick_get       clock.o
    0x08003dc0   0x08003dc0   0x0000002c   Code   RO         3816    i.rt_tick_increase  clock.o
    0x08003dec   0x08003dec   0x0000008c   Code   RO         4472    i.rt_timer_check    timer.o
    0x08003e78   0x08003e78   0x00000048   Code   RO         4473    i.rt_timer_control  timer.o
    0x08003ec0   0x08003ec0   0x00000028   Code   RO         4474    i.rt_timer_detach   timer.o
    0x08003ee8   0x08003ee8   0x00000030   Code   RO         4475    i.rt_timer_init     timer.o
    0x08003f18   0x08003f18   0x00000084   Code   RO         4477    i.rt_timer_start    timer.o
    0x08003f9c   0x08003f9c   0x0000002e   Code   RO         4478    i.rt_timer_stop     timer.o
    0x08003fca   0x08003fca   0x00000002   PAD
    0x08003fcc   0x08003fcc   0x00000284   Code   RO         4064    i.rt_vsnprintf      kservice.o
    0x08004250   0x08004250   0x00000004   Code   RO         3859    i.rti_board_end     components.o
    0x08004254   0x08004254   0x00000004   Code   RO         3860    i.rti_board_start   components.o
    0x08004258   0x08004258   0x00000004   Code   RO         3861    i.rti_end           components.o
    0x0800425c   0x0800425c   0x00000004   Code   RO         3862    i.rti_start         components.o
    0x08004260   0x08004260   0x0000002a   Code   RO         3863    i.rtthread_startup  components.o
    0x0800428a   0x0800428a   0x00000028   Code   RO         4066    i.skip_atoi         kservice.o
    0x080042b2   0x080042b2   0x00000002   PAD
    0x080042b4   0x080042b4   0x00000034   Code   RO         4616    i.uart_init         board.o
    0x080042e8   0x080042e8   0x000000d0   Code   RO         4555    i.usage_fault_track  cpuport.o
    0x080043b8   0x080043b8   0x0000000a   Code   RO         4672    i.version           cmd.o
    0x080043c2   0x080043c2   0x00000010   Data   RO         3482    .constdata          system_stm32f4xx.o
    0x080043d2   0x080043d2   0x00000008   Data   RO         3483    .constdata          system_stm32f4xx.o
    0x080043da   0x080043da   0x00000122   Data   RO         4068    .constdata          kservice.o
    0x080044fc   0x080044fc   0x00000044   Data   RO         4673    .conststring        cmd.o
    0x08004540   0x08004540   0x00000006   Data   RO         4674    .rodata.name        cmd.o
    0x08004546   0x08004546   0x00000010   Data   RO         4675    .rodata.name        cmd.o
    0x08004556   0x08004556   0x00000008   Data   RO         4676    .rodata.name        cmd.o
    0x0800455e   0x0800455e   0x00000023   Data   RO         4677    .rodata.name        cmd.o
    0x08004581   0x08004581   0x0000000e   Data   RO         4678    .rodata.name        cmd.o
    0x0800458f   0x0800458f   0x00000023   Data   RO         4679    .rodata.name        cmd.o
    0x080045b2   0x080045b2   0x0000000c   Data   RO         4680    .rodata.name        cmd.o
    0x080045be   0x080045be   0x0000000c   Data   RO         4681    .rodata.name        cmd.o
    0x080045ca   0x080045ca   0x00000012   Data   RO         4682    .rodata.name        cmd.o
    0x080045dc   0x080045dc   0x0000000c   Data   RO         4683    .rodata.name        cmd.o
    0x080045e8   0x080045e8   0x00000009   Data   RO         4684    .rodata.name        cmd.o
    0x080045f1   0x080045f1   0x00000019   Data   RO         4685    .rodata.name        cmd.o
    0x0800460a   0x0800460a   0x0000000f   Data   RO         4686    .rodata.name        cmd.o
    0x08004619   0x08004619   0x00000019   Data   RO         4687    .rodata.name        cmd.o
    0x08004632   0x08004632   0x0000000b   Data   RO         4688    .rodata.name        cmd.o
    0x0800463d   0x0800463d   0x00000015   Data   RO         4689    .rodata.name        cmd.o
    0x08004652   0x08004652   0x00000011   Data   RO         4690    .rodata.name        cmd.o
    0x08004663   0x08004663   0x00000015   Data   RO         4691    .rodata.name        cmd.o
    0x08004678   0x08004678   0x00000005   Data   RO         4692    .rodata.name        cmd.o
    0x0800467d   0x0800467d   0x0000001a   Data   RO         4693    .rodata.name        cmd.o
    0x08004697   0x08004697   0x0000000b   Data   RO         4782    .rodata.name        msh.o
    0x080046a2   0x080046a2   0x00000016   Data   RO         4783    .rodata.name        msh.o
    0x080046b8   0x080046b8   0x00000009   Data   RO         4784    .rodata.name        msh.o
    0x080046c1   0x080046c1   0x0000001c   Data   RO         4785    .rodata.name        msh.o
    0x080046dd   0x080046dd   0x00000003   PAD
    0x080046e0   0x080046e0   0x00000004   Data   RO         3865    .rti_fn.0           components.o
    0x080046e4   0x080046e4   0x00000004   Data   RO         3866    .rti_fn.0.end       components.o
    0x080046e8   0x080046e8   0x00000004   Data   RO         4618    .rti_fn.1           board.o
    0x080046ec   0x080046ec   0x00000004   Data   RO         3867    .rti_fn.1.end       components.o
    0x080046f0   0x080046f0   0x00000004   Data   RO         4849    .rti_fn.6           shell.o
    0x080046f4   0x080046f4   0x00000004   Data   RO         3868    .rti_fn.6.end       components.o
    0x080046f8   0x080046f8   0x00000078   Data   RO         4694    FSymTab             cmd.o
    0x08004770   0x08004770   0x00000018   Data   RO         4786    FSymTab             msh.o
    0x08004788   0x08004788   0x00000020   Data   RO         4980    Region$$Table       anon$$obj.o


    Execution Region RW_IRAM1 (Exec base: 0x20000000, Load base: 0x080047a8, Size: 0x00001708, Max: 0x0001c000, ABSOLUTE)

    Exec Addr    Load Addr    Size         Type   Attr      Idx    E Section Name        Object

    0x20000000   0x080047a8   0x00000007   Data   RW          246    .data               main.o
    0x20000007   0x080047af   0x00000001   PAD
    0x20000008   0x080047b0   0x0000000c   Data   RW         1919    .data               stm32f4xx_hal.o
    0x20000014   0x080047bc   0x00000004   Data   RW         3484    .data               system_stm32f4xx.o
    0x20000018   0x080047c0   0x00000004   Data   RW         3818    .data               clock.o
    0x2000001c   0x080047c4   0x00000001   Data   RW         4018    .data               irq.o
    0x2000001d   0x080047c5   0x00000003   PAD
    0x20000020   0x080047c8   0x00000030   Data   RW         4225    .data               object.o
    0x20000050   0x080047f8   0x00000014   Data   RW         4290    .data               scheduler.o
    0x20000064   0x0800480c   0x0000000c   Data   RW         4479    .data               timer.o
    0x20000070   0x08004818   0x00000004   Data   RW         4556    .data               cpuport.o
    0x20000074   0x0800481c   0x00000004   Data   RW         4557    .data               cpuport.o
    0x20000078   0x08004820   0x00000004   Data   RW         4558    .data               cpuport.o
    0x2000007c   0x08004824   0x00000004   Data   RW         4559    .data               cpuport.o
    0x20000080   0x08004828   0x00000018   Data   RW         4848    .data               shell.o
    0x20000098        -       0x000001c8   Zero   RW          244    .bss                main.o
    0x20000260        -       0x00000478   Zero   RW         3864    .bss                components.o
    0x200006d8        -       0x000000f8   Zero   RW         3933    .bss                idle.o
    0x200007d0        -       0x00000080   Zero   RW         4067    .bss                kservice.o
    0x20000850        -       0x00000100   Zero   RW         4289    .bss                scheduler.o
    0x20000950        -       0x00000044   Zero   RW         4617    .bss                board.o
    0x20000994        -       0x00000574   Zero   RW         4847    .bss                shell.o
    0x20000f08        -       0x00000800   Zero   RW            1    STACK               startup_stm32f407xx.o


    Execution Region RW_IRAM2 (Exec base: 0x2001c000, Load base: 0x08004840, Size: 0x00000000, Max: 0x00004000, ABSOLUTE)

    **** No section assigned to this execution region ****


==============================================================================

Image component sizes


      Code (inc. data)   RO Data    RW Data    ZI Data      Debug   Object Name

       220         22          4          0         68       4262   board.o
       106         12          0          4          0       2140   clock.o
      1402        532        531          0          0      14228   cmd.o
       198         32         16          0       1144       7012   components.o
       308         28          0          0          0        912   context_rvds.o
      1372        736          0         16          0       7158   cpuport.o
        58         16          0          0        248       1976   idle.o
        36          0          0          0          0       4306   ipc.o
        56         12          0          1          0       1902   irq.o
      1438        158        290          0        128      11969   kservice.o
      1212        182          0          7        456     698329   main.o
       770        162         94          0          0       7825   msh.o
         0          0          0          0          0     705314   myoled.o
       168          6          0         48          0       6768   object.o
       416         56          0         20        256       8998   scheduler.o
       900        116          4         24       1396      11079   shell.o
        36          8        392          0       2048        856   startup_stm32f407xx.o
       128         20          0         12          0       8387   stm32f4xx_hal.o
       198         14          0          0          0      34099   stm32f4xx_hal_cortex.o
       182          0          0          0          0       2163   stm32f4xx_hal_dma.o
       496         46          0          0          0       1580   stm32f4xx_hal_gpio.o
       392         16          0          0          0       3159   stm32f4xx_hal_i2c.o
       744        100          0          0          0       4343   stm32f4xx_hal_msp.o
      1356         78          0          0          0       5876   stm32f4xx_hal_rcc.o
      1056         80          0          0          0       9288   stm32f4xx_hal_tim.o
       144         28          0          0          0       1388   stm32f4xx_hal_tim_ex.o
      1672         16          0          0          0      11696   stm32f4xx_hal_uart.o
        22          6          0          0          0       2917   stm32f4xx_it.o
       136         20         24          4          0       1963   system_stm32f4xx.o
       716         44          0          0          0      13008   thread.o
       530         20          0         12          0      11532   timer.o

    ----------------------------------------------------------------------
     16518       2566       1390        152       5744    1606433   Object Totals
         0          0         32          0          0          0   (incl. Generated)
        50          0          3          4          0          0   (incl. Padding)

    ----------------------------------------------------------------------

      Code (inc. data)   RO Data    RW Data    ZI Data      Debug   Library Member Name

         0          0          0          0          0          0   entry.o
         0          0          0          0          0          0   entry10a.o
         0          0          0          0          0          0   entry11a.o
         4          0          0          0          0          0   entry12b.o
         8          4          0          0          0          0   entry2.o
         4          0          0          0          0          0   entry5.o
         0          0          0          0          0          0   entry7b.o
         0          0          0          0          0          0   entry8b.o
         8          4          0          0          0          0   entry9a.o
        30          0          0          0          0          0   handlers.o
        36          8          0          0          0         68   init.o
        30          0          0          0          0         68   llshl.o
        32          0          0          0          0         68   llushr.o
        36          0          0          0          0         68   memcpya.o
        36          0          0          0          0        108   memseta.o
        24          0          0          0          0         68   strcat.o
        18          0          0          0          0         68   strcpy.o
        14          0          0          0          0         68   strlen.o
        30          0          0          0          0         80   strncmp.o
        24          0          0          0          0         76   strncpy.o
        98          0          0          0          0         92   uldiv.o

    ----------------------------------------------------------------------
       436         16          0          0          0        832   Library Totals
         4          0          0          0          0          0   (incl. Padding)

    ----------------------------------------------------------------------

      Code (inc. data)   RO Data    RW Data    ZI Data      Debug   Library Name

       432         16          0          0          0        832   mc_w.l

    ----------------------------------------------------------------------
       436         16          0          0          0        832   Library Totals

    ----------------------------------------------------------------------

==============================================================================


      Code (inc. data)   RO Data    RW Data    ZI Data      Debug   

     16954       2582       1390        152       5744    1591605   Grand Totals
     16954       2582       1390        152       5744    1591605   ELF Image Totals
     16954       2582       1390        152          0          0   ROM Totals

==============================================================================

    Total RO  Size (Code + RO Data)                18344 (  17.91kB)
    Total RW  Size (RW Data + ZI Data)              5896 (   5.76kB)
    Total ROM Size (Code + RO Data + RW Data)      18496 (  18.06kB)

==============================================================================

